Archive member included to satisfy reference by file (symbol)

../../libdaisy/build/libdaisy.a(daisy_field.o)
                              build/KeyboardTest.o (daisy::DaisyField::Init(bool))
../../libdaisy/build/libdaisy.a(daisy_seed.o)
                              ../../libdaisy/build/libdaisy.a(daisy_field.o) (daisy::DaisySeed::Configure())
../../libdaisy/build/libdaisy.a(codec_ak4556.o)
                              ../../libdaisy/build/libdaisy.a(daisy_seed.o) (daisy::Ak4556::Init(dsy_gpio_pin))
../../libdaisy/build/libdaisy.a(sdram.o)
                              ../../libdaisy/build/libdaisy.a(daisy_seed.o) (dsy_sdram_init)
../../libdaisy/build/libdaisy.a(audio.o)
                              ../../libdaisy/build/libdaisy.a(daisy_seed.o) (daisy::AudioHandle::Init(daisy::AudioHandle::Config const&, daisy::SaiHandle))
../../libdaisy/build/libdaisy.a(ctrl.o)
                              ../../libdaisy/build/libdaisy.a(daisy_field.o) (daisy::AnalogControl::Init(unsigned short*, float, bool, bool, float))
../../libdaisy/build/libdaisy.a(gatein.o)
                              ../../libdaisy/build/libdaisy.a(daisy_field.o) (daisy::GateIn::Init(dsy_gpio_pin*))
../../libdaisy/build/libdaisy.a(switch.o)
                              ../../libdaisy/build/libdaisy.a(daisy_field.o) (daisy::Switch::Init(dsy_gpio_pin, float))
../../libdaisy/build/libdaisy.a(adc.o)
                              ../../libdaisy/build/libdaisy.a(daisy_field.o) (daisy::AdcChannelConfig::InitSingle(dsy_gpio_pin))
../../libdaisy/build/libdaisy.a(dac.o)
                              ../../libdaisy/build/libdaisy.a(daisy_field.o) (daisy::DacHandle::Init(daisy::DacHandle::Config const&))
../../libdaisy/build/libdaisy.a(gpio.o)
                              ../../libdaisy/build/libdaisy.a(daisy_field.o) (dsy_gpio_init)
../../libdaisy/build/libdaisy.a(i2c.o)
                              build/KeyboardTest.o (daisy::I2CHandle::Init(daisy::I2CHandle::Config const&))
../../libdaisy/build/libdaisy.a(qspi.o)
                              ../../libdaisy/build/libdaisy.a(daisy_seed.o) (dsy_qspi_init)
../../libdaisy/build/libdaisy.a(sai.o)
                              ../../libdaisy/build/libdaisy.a(daisy_seed.o) (daisy::SaiHandle::Init(daisy::SaiHandle::Config const&))
../../libdaisy/build/libdaisy.a(spi.o)
                              ../../libdaisy/build/libdaisy.a(daisy_field.o) (daisy::SpiHandle::Init(daisy::SpiHandle::Config const&))
../../libdaisy/build/libdaisy.a(uart.o)
                              ../../libdaisy/build/libdaisy.a(daisy_field.o) (daisy::UartHandler::Init(daisy::UartHandler::Config const&))
../../libdaisy/build/libdaisy.a(system.o)
                              ../../libdaisy/build/libdaisy.a(daisy_field.o) (daisy::System::GetNow())
../../libdaisy/build/libdaisy.a(system_stm32h7xx.o)
                              build/startup_stm32h750xx.o (SystemInit)
../../libdaisy/build/libdaisy.a(hal_map.o)
                              ../../libdaisy/build/libdaisy.a(sdram.o) (dsy_hal_map_get_port)
../../libdaisy/build/libdaisy.a(stm32h7xx_hal.o)
                              ../../libdaisy/build/libdaisy.a(system.o) (HAL_Init)
../../libdaisy/build/libdaisy.a(stm32h7xx_hal_adc.o)
                              ../../libdaisy/build/libdaisy.a(adc.o) (HAL_ADC_ConfigChannel)
../../libdaisy/build/libdaisy.a(stm32h7xx_hal_adc_ex.o)
                              ../../libdaisy/build/libdaisy.a(adc.o) (HAL_ADCEx_Calibration_Start)
../../libdaisy/build/libdaisy.a(stm32h7xx_hal_cortex.o)
                              ../../libdaisy/build/libdaisy.a(stm32h7xx_hal.o) (HAL_NVIC_SetPriorityGrouping)
../../libdaisy/build/libdaisy.a(stm32h7xx_hal_dac.o)
                              ../../libdaisy/build/libdaisy.a(dac.o) (HAL_DAC_Init)
../../libdaisy/build/libdaisy.a(stm32h7xx_hal_dac_ex.o)
                              ../../libdaisy/build/libdaisy.a(stm32h7xx_hal_dac.o) (HAL_DACEx_DMAUnderrunCallbackCh2)
../../libdaisy/build/libdaisy.a(stm32h7xx_hal_dma.o)
                              ../../libdaisy/build/libdaisy.a(adc.o) (HAL_DMA_Init)
../../libdaisy/build/libdaisy.a(stm32h7xx_hal_gpio.o)
                              ../../libdaisy/build/libdaisy.a(sdram.o) (HAL_GPIO_Init)
../../libdaisy/build/libdaisy.a(stm32h7xx_hal_i2c.o)
                              ../../libdaisy/build/libdaisy.a(i2c.o) (HAL_I2C_Init)
../../libdaisy/build/libdaisy.a(stm32h7xx_hal_i2c_ex.o)
                              ../../libdaisy/build/libdaisy.a(i2c.o) (HAL_I2CEx_ConfigAnalogFilter)
../../libdaisy/build/libdaisy.a(stm32h7xx_hal_pwr_ex.o)
                              ../../libdaisy/build/libdaisy.a(system.o) (HAL_PWREx_ConfigSupply)
../../libdaisy/build/libdaisy.a(stm32h7xx_hal_qspi.o)
                              ../../libdaisy/build/libdaisy.a(qspi.o) (HAL_QSPI_Init)
../../libdaisy/build/libdaisy.a(stm32h7xx_hal_rcc.o)
                              ../../libdaisy/build/libdaisy.a(system.o) (HAL_RCC_OscConfig)
[...]
Memory Configuration

Name             Origin             Length             Attributes
FLASH            0x0000000008000000 0x0000000000020000 xr
DTCMRAM          0x0000000020000000 0x0000000000020000 xrw
SRAM             0x0000000024000000 0x0000000000080000 xrw
RAM_D2           0x0000000030000000 0x0000000000048000 xrw
RAM_D3           0x0000000038000000 0x0000000000010000 xrw
ITCMRAM          0x0000000000000000 0x0000000000010000 xrw
SDRAM            0x00000000c0000000 0x0000000004000000 xrw
QSPIFLASH        0x0000000090000000 0x0000000000800000 xr
*default*        0x0000000000000000 0xffffffffffffffff

Linker script and memory map

LOAD /usr/lib/gcc/arm-none-eabi/9.2.1/thumb/v7e-m+dp/hard/crti.o
LOAD /usr/lib/gcc/arm-none-eabi/9.2.1/thumb/v7e-m+dp/hard/crtbegin.o
LOAD /usr/lib/gcc/arm-none-eabi/9.2.1/../../../arm-none-eabi/lib/thumb/v7e-m+dp/hard/crt0.o
LOAD build/startup_stm32h750xx.o
LOAD build/KeyboardTest.o
LOAD ../../libdaisy/build/libdaisy.a
LOAD /usr/lib/gcc/arm-none-eabi/9.2.1/../../../arm-none-eabi/lib/thumb/v7e-m+dp/hard/libnosys.a
LOAD ../../DaisySP/build/libdaisysp.a
LOAD /usr/lib/gcc/arm-none-eabi/9.2.1/../../../arm-none-eabi/lib/thumb/v7e-m+dp/hard/libstdc++_nano.a
LOAD /usr/lib/gcc/arm-none-eabi/9.2.1/../../../arm-none-eabi/lib/thumb/v7e-m+dp/hard/libm.a
LOAD /usr/lib/gcc/arm-none-eabi/9.2.1/../../../arm-none-eabi/lib/thumb/v7e-m+dp/hard/libc_nano.a
START GROUP
LOAD /usr/lib/gcc/arm-none-eabi/9.2.1/thumb/v7e-m+dp/hard/libgcc.a
LOAD /usr/lib/gcc/arm-none-eabi/9.2.1/../../../arm-none-eabi/lib/thumb/v7e-m+dp/hard/libc_nano.a
END GROUP
START GROUP
LOAD /usr/lib/gcc/arm-none-eabi/9.2.1/thumb/v7e-m+dp/hard/libgcc.a
LOAD /usr/lib/gcc/arm-none-eabi/9.2.1/../../../arm-none-eabi/lib/thumb/v7e-m+dp/hard/libc_nano.a
LOAD /usr/lib/gcc/arm-none-eabi/9.2.1/../../../arm-none-eabi/lib/thumb/v7e-m+dp/hard/libnosys.a
END GROUP
START GROUP
LOAD /usr/lib/gcc/arm-none-eabi/9.2.1/thumb/v7e-m+dp/hard/libgcc.a
LOAD /usr/lib/gcc/arm-none-eabi/9.2.1/../../../arm-none-eabi/lib/thumb/v7e-m+dp/hard/libc_nano.a
LOAD /usr/lib/gcc/arm-none-eabi/9.2.1/../../../arm-none-eabi/lib/thumb/v7e-m+dp/hard/libnosys.a
END GROUP
LOAD /usr/lib/gcc/arm-none-eabi/9.2.1/thumb/v7e-m+dp/hard/crtend.o
LOAD /usr/lib/gcc/arm-none-eabi/9.2.1/thumb/v7e-m+dp/hard/crtn.o
                0x0000000020020000                _estack = 0x20020000

.isr_vector     0x0000000008000000      0x298
                0x0000000008000000                . = ALIGN (0x4)
 *(.isr_vector)
 .isr_vector    0x0000000008000000      0x298 build/startup_stm32h750xx.o
                0x0000000008000000                g_pfnVectors
                0x0000000008000298                . = ALIGN (0x4)

.text           0x00000000080002a0    0x13440
                0x00000000080002a0                . = ALIGN (0x4)
                0x00000000080002a0                _stext = .
 *(.text)
 .text          0x00000000080002a0       0x88 /usr/lib/gcc/arm-none-eabi/9.2.1/thumb/v7e-m+dp/hard/crtbegin.o
 .text          0x0000000008000328      0x1fc /usr/lib/gcc/arm-none-eabi/9.2.1/../../../arm-none-eabi/lib/thumb/v7e-m+dp/hard/libm.a(lib_a-cosf.o)
                0x0000000008000328                cosf
 .text          0x0000000008000524       0x98 /usr/lib/gcc/arm-none-eabi/9.2.1/../../../arm-none-eabi/lib/thumb/v7e-m+dp/hard/libm.a(lib_a-math_errf.o)
                0x000000000800055c                __math_uflowf
                0x0000000008000568                __math_may_uflowf
                0x0000000008000574                __math_oflowf
                0x0000000008000580                __math_divzerof
                0x00000000080005a0                __math_invalidf
 *fill*         0x00000000080005bc        0x4 
 .text          0x00000000080005c0      0x34c /usr/lib/gcc/arm-none-eabi/9.2.1/../../../arm-none-eabi/lib/thumb/v7e-m+dp/hard/libm.a(lib_a-sf_pow.o)
                0x00000000080005c0                powf
 *fill*         0x000000000800090c        0x4 
 .text          0x0000000008000910      0x214 /usr/lib/gcc/arm-none-eabi/9.2.1/../../../arm-none-eabi/lib/thumb/v7e-m+dp/hard/libm.a(lib_a-sinf.o)
                0x0000000008000910                sinf
 .text          0x0000000008000b24       0x60 /usr/lib/gcc/arm-none-eabi/9.2.1/../../../arm-none-eabi/lib/thumb/v7e-m+dp/hard/libm.a(lib_a-wf_fmod.o)
                0x0000000008000b24                fmodf
 .text          0x0000000008000b84       0x50 /usr/lib/gcc/arm-none-eabi/9.2.1/../../../arm-none-eabi/lib/thumb/v7e-m+dp/hard/libm.a(lib_a-wf_sqrt.o)
                0x0000000008000b84                sqrtf
 .text          0x0000000008000bd4      0x128 /usr/lib/gcc/arm-none-eabi/9.2.1/../../../arm-none-eabi/lib/thumb/v7e-m+dp/hard/libm.a(lib_a-ef_fmod.o)
                0x0000000008000bd4                __ieee754_fmodf
 .text          0x0000000008000cfc        0x8 /usr/lib/gcc/arm-none-eabi/9.2.1/../../../arm-none-eabi/lib/thumb/v7e-m+dp/hard/libm.a(lib_a-ef_sqrt.o)
                0x0000000008000cfc                __ieee754_sqrtf
 .text          0x0000000008000d04       0x1c /usr/lib/gcc/arm-none-eabi/9.2.1/../../../arm-none-eabi/lib/thumb/v7e-m+dp/hard/libc_nano.a(lib_a-cxa_atexit.o)
                0x0000000008000d04                __cxa_atexit
 .text          0x0000000008000d20        0xc /usr/lib/gcc/arm-none-eabi/9.2.1/../../../arm-none-eabi/lib/thumb/v7e-m+dp/hard/libc_nano.a(lib_a-errno.o)
                0x0000000008000d20                __errno
 .text          0x0000000008000d2c       0x48 /usr/lib/gcc/arm-none-eabi/9.2.1/../../../arm-none-eabi/lib/thumb/v7e-m+dp/hard/libc_nano.a(lib_a-init.o)
                0x0000000008000d2c                __libc_init_array
 .text          0x0000000008000d74       0x20 /usr/lib/gcc/arm-none-eabi/9.2.1/../../../arm-none-eabi/lib/thumb/v7e-m+dp/hard/libc_nano.a(lib_a-malloc.o)
                0x0000000008000d74                malloc
                0x0000000008000d84                free
 .text          0x0000000008000d94      0x134 /usr/lib/gcc/arm-none-eabi/9.2.1/../../../arm-none-eabi/lib/thumb/v7e-m+dp/hard/libc_nano.a(lib_a-memcpy.o)
                0x0000000008000d94                memcpy
 .text          0x0000000008000ec8       0xa0 /usr/lib/gcc/arm-none-eabi/9.2.1/../../../arm-none-eabi/lib/thumb/v7e-m+dp/hard/libc_nano.a(lib_a-memset.o)
                0x0000000008000ec8                memset
 .text          0x0000000008000f68       0xac /usr/lib/gcc/arm-none-eabi/9.2.1/../../../arm-none-eabi/lib/thumb/v7e-m+dp/hard/libc_nano.a(lib_a-nano-freer.o)
                0x0000000008000f68                _free_r
 .text          0x0000000008001014       0xc8 /usr/lib/gcc/arm-none-eabi/9.2.1/../../../arm-none-eabi/lib/thumb/v7e-m+dp/hard/libc_nano.a(lib_a-nano-mallocr.o)
                0x0000000008001014                _malloc_r
 .text          0x00000000080010dc       0x24 /usr/lib/gcc/arm-none-eabi/9.2.1/../../../arm-none-eabi/lib/thumb/v7e-m+dp/hard/libc_nano.a(lib_a-sbrkr.o)
                0x00000000080010dc                _sbrk_r
 .text          0x0000000008001100      0x2dc /usr/lib/gcc/arm-none-eabi/9.2.1/../../../arm-none-eabi/lib/thumb/v7e-m+dp/hard/libc_nano.a(lib_a-strcmp.o)
                0x0000000008001108                strcmp
 .text          0x00000000080013dc       0xa0 /usr/lib/gcc/arm-none-eabi/9.2.1/../../../arm-none-eabi/lib/thumb/v7e-m+dp/hard/libc_nano.a(lib_a-__atexit.o)
                0x00000000080013dc                __register_exitproc
 .text          0x000000000800147c        0x8 /usr/lib/gcc/arm-none-eabi/9.2.1/../../../arm-none-eabi/lib/thumb/v7e-m+dp/hard/libc_nano.a(lib_a-mlock.o)
                0x000000000800147c                __malloc_lock
                0x0000000008001480                __malloc_unlock
 .text          0x0000000008001484      0x378 /usr/lib/gcc/arm-none-eabi/9.2.1/thumb/v7e-m+dp/hard/libgcc.a(_arm_addsubdf3.o)
                0x0000000008001484                __aeabi_drsub
                0x000000000800148c                __aeabi_dsub
                0x000000000800148c                __subdf3
                0x0000000008001490                __adddf3
                0x0000000008001490                __aeabi_dadd
                0x0000000008001708                __aeabi_ui2d
                0x0000000008001708                __floatunsidf
                0x0000000008001728                __floatsidf
                0x0000000008001728                __aeabi_i2d
                0x000000000800174c                __extendsfdf2
                0x000000000800174c                __aeabi_f2d
                0x0000000008001790                __aeabi_ul2d
                0x0000000008001790                __floatundidf
                0x00000000080017a0                __floatdidf
                0x00000000080017a0                __aeabi_l2d
 .text          0x00000000080017fc       0x30 /usr/lib/gcc/arm-none-eabi/9.2.1/thumb/v7e-m+dp/hard/libgcc.a(_aeabi_uldivmod.o)
                0x00000000080017fc                __aeabi_uldivmod
 .text          0x000000000800182c      0x2c4 /usr/lib/gcc/arm-none-eabi/9.2.1/thumb/v7e-m+dp/hard/libgcc.a(_udivmoddi4.o)
                0x000000000800182c                __udivmoddi4
 .text          0x0000000008001af0        0x4 /usr/lib/gcc/arm-none-eabi/9.2.1/thumb/v7e-m+dp/hard/libgcc.a(_dvmd_tls.o)
                0x0000000008001af0                __aeabi_ldiv0
                0x0000000008001af0                __aeabi_idiv0
 .text          0x0000000008001af4       0x1c /usr/lib/gcc/arm-none-eabi/9.2.1/../../../arm-none-eabi/lib/thumb/v7e-m+dp/hard/libnosys.a(sbrk.o)
                0x0000000008001af4                _sbrk
 *(.text*)
 .text.Default_Handler
                0x0000000008001b10        0x4 build/startup_stm32h750xx.o
                0x0000000008001b10                RTC_Alarm_IRQHandler
                0x0000000008001b10                HASH_RNG_IRQHandler
                0x0000000008001b10                EXTI2_IRQHandler
                0x0000000008001b10                TIM8_CC_IRQHandler
                0x0000000008001b10                HRTIM1_Master_IRQHandler
                0x0000000008001b10                DebugMon_Handler
                0x0000000008001b10                SPI4_IRQHandler
                0x0000000008001b10                TIM1_CC_IRQHandler
                0x0000000008001b10                BDMA_Channel6_IRQHandler
                0x0000000008001b10                DMA2_Stream5_IRQHandler
                0x0000000008001b10                HRTIM1_FLT_IRQHandler
                0x0000000008001b10                JPEG_IRQHandler
                0x0000000008001b10                BDMA_Channel1_IRQHandler
                0x0000000008001b10                HRTIM1_TIMD_IRQHandler
                0x0000000008001b10                TAMP_STAMP_IRQHandler
                0x0000000008001b10                PendSV_Handler
                0x0000000008001b10                NMI_Handler
                0x0000000008001b10                EXTI3_IRQHandler
                0x0000000008001b10                LPTIM4_IRQHandler
                0x0000000008001b10                TIM8_TRG_COM_TIM14_IRQHandler
                0x0000000008001b10                LPTIM2_IRQHandler
                0x0000000008001b10                DFSDM1_FLT1_IRQHandler
                0x0000000008001b10                DMAMUX2_OVR_IRQHandler
                0x0000000008001b10                TIM8_UP_TIM13_IRQHandler
                0x0000000008001b10                I2C3_ER_IRQHandler
                0x0000000008001b10                DFSDM1_FLT2_IRQHandler
                0x0000000008001b10                MDMA_IRQHandler
                0x0000000008001b10                LPTIM3_IRQHandler
                0x0000000008001b10                HSEM1_IRQHandler
                0x0000000008001b10                EXTI0_IRQHandler
                0x0000000008001b10                FPU_IRQHandler
                0x0000000008001b10                OTG_HS_WKUP_IRQHandler
                0x0000000008001b10                FDCAN1_IT1_IRQHandler
                0x0000000008001b10                UsageFault_Handler
                0x0000000008001b10                LTDC_ER_IRQHandler
                0x0000000008001b10                DMA2_Stream2_IRQHandler
                0x0000000008001b10                HRTIM1_TIME_IRQHandler
                0x0000000008001b10                SPI1_IRQHandler
                0x0000000008001b10                DCMI_IRQHandler
                0x0000000008001b10                HRTIM1_TIMC_IRQHandler
                0x0000000008001b10                DMA2_Stream3_IRQHandler
                0x0000000008001b10                SAI2_IRQHandler
                0x0000000008001b10                DFSDM1_FLT3_IRQHandler
                0x0000000008001b10                TIM17_IRQHandler
                0x0000000008001b10                CRYP_IRQHandler
                0x0000000008001b10                BDMA_Channel7_IRQHandler
                0x0000000008001b10                LPTIM5_IRQHandler
                0x0000000008001b10                ADC3_IRQHandler
                0x0000000008001b10                TIM4_IRQHandler
                0x0000000008001b10                BDMA_Channel2_IRQHandler
                0x0000000008001b10                DMAMUX1_OVR_IRQHandler
                0x0000000008001b10                TIM16_IRQHandler
                0x0000000008001b10                BDMA_Channel5_IRQHandler
                0x0000000008001b10                TIM3_IRQHandler
                0x0000000008001b10                RCC_IRQHandler
                0x0000000008001b10                TIM8_BRK_TIM12_IRQHandler
                0x0000000008001b10                TIM1_TRG_COM_IRQHandler
                0x0000000008001b10                Default_Handler
                0x0000000008001b10                ECC_IRQHandler
                0x0000000008001b10                CEC_IRQHandler
                0x0000000008001b10                EXTI15_10_IRQHandler
                0x0000000008001b10                BDMA_Channel0_IRQHandler
                0x0000000008001b10                ADC_IRQHandler
                0x0000000008001b10                DMA1_Stream7_IRQHandler
                0x0000000008001b10                HRTIM1_TIMA_IRQHandler
                0x0000000008001b10                SPI5_IRQHandler
                0x0000000008001b10                TIM7_IRQHandler
                0x0000000008001b10                SDMMC1_IRQHandler
                0x0000000008001b10                TIM5_IRQHandler
                0x0000000008001b10                DMA2_Stream7_IRQHandler
                0x0000000008001b10                TIM15_IRQHandler
                0x0000000008001b10                PVD_AVD_IRQHandler
                0x0000000008001b10                EXTI9_5_IRQHandler
                0x0000000008001b10                RTC_WKUP_IRQHandler
                0x0000000008001b10                LTDC_IRQHandler
                0x0000000008001b10                SAI3_IRQHandler
                0x0000000008001b10                ETH_WKUP_IRQHandler
                0x0000000008001b10                SPDIF_RX_IRQHandler
                0x0000000008001b10                SPI2_IRQHandler
                0x0000000008001b10                OTG_HS_EP1_IN_IRQHandler
                0x0000000008001b10                MemManage_Handler
                0x0000000008001b10                SVC_Handler
                0x0000000008001b10                CRS_IRQHandler
                0x0000000008001b10                EXTI4_IRQHandler
                0x0000000008001b10                HRTIM1_TIMB_IRQHandler
                0x0000000008001b10                FDCAN2_IT1_IRQHandler
                0x0000000008001b10                ETH_IRQHandler
                0x0000000008001b10                TIM1_UP_IRQHandler
                0x0000000008001b10                BDMA_Channel4_IRQHandler
                0x0000000008001b10                OTG_HS_EP1_OUT_IRQHandler
                0x0000000008001b10                WWDG_IRQHandler
                0x0000000008001b10                SPI6_IRQHandler
                0x0000000008001b10                I2C4_EV_IRQHandler
                0x0000000008001b10                MDIOS_IRQHandler
                0x0000000008001b10                FDCAN2_IT0_IRQHandler
                0x0000000008001b10                FDCAN1_IT0_IRQHandler
                0x0000000008001b10                TIM2_IRQHandler
                0x0000000008001b10                OTG_FS_WKUP_IRQHandler
                0x0000000008001b10                OTG_HS_IRQHandler
                0x0000000008001b10                DMA2D_IRQHandler
                0x0000000008001b10                TIM1_BRK_IRQHandler
                0x0000000008001b10                EXTI1_IRQHandler
                0x0000000008001b10                SDMMC2_IRQHandler
                0x0000000008001b10                OTG_FS_EP1_OUT_IRQHandler
                0x0000000008001b10                BDMA_Channel3_IRQHandler
                0x0000000008001b10                MDIOS_WKUP_IRQHandler
                0x0000000008001b10                DFSDM1_FLT0_IRQHandler
                0x0000000008001b10                SAI4_IRQHandler
                0x0000000008001b10                I2C2_ER_IRQHandler
                0x0000000008001b10                FLASH_IRQHandler
                0x0000000008001b10                DMA2_Stream4_IRQHandler
                0x0000000008001b10                BusFault_Handler
                0x0000000008001b10                OTG_FS_IRQHandler
                0x0000000008001b10                SPI3_IRQHandler
                0x0000000008001b10                WAKEUP_PIN_IRQHandler
                0x0000000008001b10                OTG_FS_EP1_IN_IRQHandler
                0x0000000008001b10                I2C1_ER_IRQHandler
                0x0000000008001b10                FMC_IRQHandler
                0x0000000008001b10                FDCAN_CAL_IRQHandler
                0x0000000008001b10                SWPMI1_IRQHandler
                0x0000000008001b10                COMP1_IRQHandler
                0x0000000008001b10                LPTIM1_IRQHandler
                0x0000000008001b10                I2C4_ER_IRQHandler
                0x0000000008001b10                DMA2_Stream6_IRQHandler
                0x0000000008001b10                SAI1_IRQHandler
 .text.Reset_Handler
                0x0000000008001b14       0x4c build/startup_stm32h750xx.o
                0x0000000008001b14                Reset_Handler
 .text._ZN5daisy10DaisyFieldD2Ev
                0x0000000008001b60        0x4 build/KeyboardTest.o
                0x0000000008001b60                daisy::DaisyField::~DaisyField()
                0x0000000008001b60                daisy::DaisyField::~DaisyField()
 .text._ZN7daisysp8ReverbScD2Ev
                0x0000000008001b64        0x4 build/KeyboardTest.o
                0x0000000008001b64                daisysp::ReverbSc::~ReverbSc()
                0x0000000008001b64                daisysp::ReverbSc::~ReverbSc()
 .text._ZN5daisy11OledDisplayINS_13SSD130xDriverILj128ELj64ENS_24SSD130x4WireSpiTransportEEEED2Ev
                0x0000000008001b68        0x4 build/KeyboardTest.o
                0x0000000008001b68                daisy::OledDisplay<daisy::SSD130xDriver<128u, 64u, daisy::SSD130x4WireSpiTransport> >::~OledDisplay()
                0x0000000008001b68                daisy::OledDisplay<daisy::SSD130xDriver<128u, 64u, daisy::SSD130x4WireSpiTransport> >::~OledDisplay()
 .text.__tcf_0  0x0000000008001b6c        0x4 build/KeyboardTest.o
 .text._ZNK5daisy11OledDisplayINS_13SSD130xDriverILj128ELj64ENS_24SSD130x4WireSpiTransportEEEE6HeightEv
                0x0000000008001b70        0x4 build/KeyboardTest.o
                0x0000000008001b70                daisy::OledDisplay<daisy::SSD130xDriver<128u, 64u, daisy::SSD130x4WireSpiTransport> >::Height() const
 .text._ZNK5daisy11OledDisplayINS_13SSD130xDriverILj128ELj64ENS_24SSD130x4WireSpiTransportEEEE5WidthEv
                0x0000000008001b74        0x4 build/KeyboardTest.o
                0x0000000008001b74                daisy::OledDisplay<daisy::SSD130xDriver<128u, 64u, daisy::SSD130x4WireSpiTransport> >::Width() const
 .text._ZN5daisy11OledDisplayINS_13SSD130xDriverILj128ELj64ENS_24SSD130x4WireSpiTransportEEEE4FillEb
                0x0000000008001b78       0x18 build/KeyboardTest.o
                0x0000000008001b78                daisy::OledDisplay<daisy::SSD130xDriver<128u, 64u, daisy::SSD130x4WireSpiTransport> >::Fill(bool)
 .text._Z13AudioCallbackPKfPfj
                0x0000000008001b90      0x218 build/KeyboardTest.o
                0x0000000008001b90                AudioCallback(float const*, float*, unsigned int)
 .text._ZN5daisy11OledDisplayINS_13SSD130xDriverILj128ELj64ENS_24SSD130x4WireSpiTransportEEEED0Ev
                0x0000000008001da8       0x10 build/KeyboardTest.o
                0x0000000008001da8                daisy::OledDisplay<daisy::SSD130xDriver<128u, 64u, daisy::SSD130x4WireSpiTransport> >::~OledDisplay()
 .text._ZN5daisy11OledDisplayINS_13SSD130xDriverILj128ELj64ENS_24SSD130x4WireSpiTransportEEEE6UpdateEv
                0x0000000008001db8       0x8c build/KeyboardTest.o
                0x0000000008001db8                daisy::OledDisplay<daisy::SSD130xDriver<128u, 64u, daisy::SSD130x4WireSpiTransport> >::Update()
 .text._ZN5daisy16LedDriverPca9685ILi2ELb1EE14TxCpltCallbackEPvNS_9I2CHandle6ResultE
                0x0000000008001e44       0x5c build/KeyboardTest.o
                0x0000000008001e44                daisy::LedDriverPca9685<2, true>::TxCpltCallback(void*, daisy::I2CHandle::Result)
 .text._ZN5daisy25OneBitGraphicsDisplayImplINS_11OledDisplayINS_13SSD130xDriverILj128ELj64ENS_24SSD130x4WireSpiTransportEEEEEE11WriteStringEPKc7FontDefb
                0x0000000008001ea0      0x1e0 build/KeyboardTest.o
                0x0000000008001ea0                daisy::OneBitGraphicsDisplayImpl<daisy::OledDisplay<daisy::SSD130xDriver<128u, 64u, daisy::SSD130x4WireSpiTransport> > >::WriteString(char const*, FontDef, bool)
 .text._ZN5daisy25OneBitGraphicsDisplayImplINS_11OledDisplayINS_13SSD130xDriverILj128ELj64ENS_24SSD130x4WireSpiTransportEEEEEE9WriteCharEc7FontDefb
                0x0000000008002080      0x1a4 build/KeyboardTest.o
                0x0000000008002080                daisy::OneBitGraphicsDisplayImpl<daisy::OledDisplay<daisy::SSD130xDriver<128u, 64u, daisy::SSD130x4WireSpiTransport> > >::WriteChar(char, FontDef, bool)
 .text._ZN5daisy25OneBitGraphicsDisplayImplINS_11OledDisplayINS_13SSD130xDriverILj128ELj64ENS_24SSD130x4WireSpiTransportEEEEEE18WriteStringAlignedEPKcRK7FontDefNS_9RectangleENS_9AlignmentEb
                0x0000000008002224      0x3f4 build/KeyboardTest.o
                0x0000000008002224                daisy::OneBitGraphicsDisplayImpl<daisy::OledDisplay<daisy::SSD130xDriver<128u, 64u, daisy::SSD130x4WireSpiTransport> > >::WriteStringAligned(char const*, FontDef const&, daisy::Rectangle, daisy::Alignment, bool)
 .text._ZN5daisy11OledDisplayINS_13SSD130xDriverILj128ELj64ENS_24SSD130x4WireSpiTransportEEEE9DrawPixelEjjb
                0x0000000008002618       0x4c build/KeyboardTest.o
                0x0000000008002618                daisy::OledDisplay<daisy::SSD130xDriver<128u, 64u, daisy::SSD130x4WireSpiTransport> >::DrawPixel(unsigned int, unsigned int, bool)
 .text._ZN5daisy25OneBitGraphicsDisplayImplINS_11OledDisplayINS_13SSD130xDriverILj128ELj64ENS_24SSD130x4WireSpiTransportEEEEEE8DrawLineEjjjjb
                0x0000000008002664       0xfc build/KeyboardTest.o
                0x0000000008002664                daisy::OneBitGraphicsDisplayImpl<daisy::OledDisplay<daisy::SSD130xDriver<128u, 64u, daisy::SSD130x4WireSpiTransport> > >::DrawLine(unsigned int, unsigned int, unsigned int, unsigned int, bool)
 .text._ZN5daisy25OneBitGraphicsDisplayImplINS_11OledDisplayINS_13SSD130xDriverILj128ELj64ENS_24SSD130x4WireSpiTransportEEEEEE7DrawArcEjjjiib
                0x0000000008002760      0x418 build/KeyboardTest.o
                0x0000000008002760                daisy::OneBitGraphicsDisplayImpl<daisy::OledDisplay<daisy::SSD130xDriver<128u, 64u, daisy::SSD130x4WireSpiTransport> > >::DrawArc(unsigned int, unsigned int, unsigned int, int, int, bool)
 .text._ZN5daisy25OneBitGraphicsDisplayImplINS_11OledDisplayINS_13SSD130xDriverILj128ELj64ENS_24SSD130x4WireSpiTransportEEEEEE8DrawRectEjjjjbb
                0x0000000008002b78      0x41c build/KeyboardTest.o
                0x0000000008002b78                daisy::OneBitGraphicsDisplayImpl<daisy::OledDisplay<daisy::SSD130xDriver<128u, 64u, daisy::SSD130x4WireSpiTransport> > >::DrawRect(unsigned int, unsigned int, unsigned int, unsigned int, bool, bool)
 .text._Z10UpdateLedsPf
                0x0000000008002f94      0x1bc build/KeyboardTest.o
                0x0000000008002f94                UpdateLeds(float*)
 .text.startup.main
                0x0000000008003150      0x170 build/KeyboardTest.o
                0x0000000008003150                main
 .text.startup._GLOBAL__sub_I_hw
                0x00000000080032c0       0xc0 build/KeyboardTest.o
 .text._ZN5daisy10DaisyField4InitEb
                0x0000000008003380      0x6b4 ../../libdaisy/build/libdaisy.a(daisy_field.o)
                0x0000000008003380                daisy::DaisyField::Init(bool)
 .text._ZN5daisy10DaisyField10StartAudioEPFvPKfPfjE
                0x0000000008003a34        0x4 ../../libdaisy/build/libdaisy.a(daisy_field.o)
                0x0000000008003a34                daisy::DaisyField::StartAudio(void (*)(float const*, float*, unsigned int))
 .text._ZN5daisy10DaisyField15AudioSampleRateEv
                0x0000000008003a38        0x4 ../../libdaisy/build/libdaisy.a(daisy_field.o)
                0x0000000008003a38                daisy::DaisyField::AudioSampleRate()
 .text._ZN5daisy10DaisyField8StartAdcEv
                0x0000000008003a3c        0x8 ../../libdaisy/build/libdaisy.a(daisy_field.o)
                0x0000000008003a3c                daisy::DaisyField::StartAdc()
 .text._ZN5daisy10DaisyField21ProcessAnalogControlsEv
                0x0000000008003a44       0x3c ../../libdaisy/build/libdaisy.a(daisy_field.o)
                0x0000000008003a44                daisy::DaisyField::ProcessAnalogControls()
 .text._ZN5daisy10DaisyField22ProcessDigitalControlsEv
                0x0000000008003a80      0x178 ../../libdaisy/build/libdaisy.a(daisy_field.o)
                0x0000000008003a80                daisy::DaisyField::ProcessDigitalControls()
 .text._ZNK5daisy10DaisyField13KeyboardStateEj
                0x0000000008003bf8       0x10 ../../libdaisy/build/libdaisy.a(daisy_field.o)
                0x0000000008003bf8                daisy::DaisyField::KeyboardState(unsigned int) const
 .text._ZNK5daisy10DaisyField12GetKnobValueEj
                0x0000000008003c08       0x20 ../../libdaisy/build/libdaisy.a(daisy_field.o)
                0x0000000008003c08                daisy::DaisyField::GetKnobValue(unsigned int) const
 .text._ZNK5daisy10DaisyField10GetCvValueEj
                0x0000000008003c28       0x20 ../../libdaisy/build/libdaisy.a(daisy_field.o)
                0x0000000008003c28                daisy::DaisyField::GetCvValue(unsigned int) const
 .text._ZN5daisy10DaisyField9GetSwitchEj
                0x0000000008003c48       0x18 ../../libdaisy/build/libdaisy.a(daisy_field.o)
                0x0000000008003c48                daisy::DaisyField::GetSwitch(unsigned int)
 .text.startup._GLOBAL__sub_I__ZN5daisy10DaisyField4InitEb
                0x0000000008003c60       0x18 ../../libdaisy/build/libdaisy.a(daisy_field.o)
 .text._ZN5daisy9DaisySeed9ConfigureEv
                0x0000000008003c78       0x40 ../../libdaisy/build/libdaisy.a(daisy_seed.o)
                0x0000000008003c78                daisy::DaisySeed::Configure()
 .text._ZN5daisy9DaisySeed6GetPinEh
                0x0000000008003cb8       0x2c ../../libdaisy/build/libdaisy.a(daisy_seed.o)
                0x0000000008003cb8                daisy::DaisySeed::GetPin(unsigned char)
 .text._ZN5daisy9DaisySeed10StartAudioEPFvPKfPfjE
                0x0000000008003ce4        0x8 ../../libdaisy/build/libdaisy.a(daisy_seed.o)
                0x0000000008003ce4                daisy::DaisySeed::StartAudio(void (*)(float const*, float*, unsigned int))
 .text._ZN5daisy9DaisySeed15AudioSampleRateEv
                0x0000000008003cec        0x8 ../../libdaisy/build/libdaisy.a(daisy_seed.o)
                0x0000000008003cec                daisy::DaisySeed::AudioSampleRate()
 .text._ZN5daisy9DaisySeed17SetAudioBlockSizeEj
                0x0000000008003cf4       0x38 ../../libdaisy/build/libdaisy.a(daisy_seed.o)
                0x0000000008003cf4                daisy::DaisySeed::SetAudioBlockSize(unsigned int)
 .text._ZNK5daisy9DaisySeed17AudioCallbackRateEv
                0x0000000008003d2c        0x8 ../../libdaisy/build/libdaisy.a(daisy_seed.o)
                0x0000000008003d2c                daisy::DaisySeed::AudioCallbackRate() const
 .text._ZN5daisy9DaisySeed14ConfigureAudioEv
                0x0000000008003d34       0x70 ../../libdaisy/build/libdaisy.a(daisy_seed.o)
                0x0000000008003d34                daisy::DaisySeed::ConfigureAudio()
 .text._ZN5daisy9DaisySeed4InitEb
                0x0000000008003da4       0x7c ../../libdaisy/build/libdaisy.a(daisy_seed.o)
                0x0000000008003da4                daisy::DaisySeed::Init(bool)
 .text._ZN5daisy6Ak45564InitE12dsy_gpio_pin
                0x0000000008003e20       0x44 ../../libdaisy/build/libdaisy.a(codec_ak4556.o)
                0x0000000008003e20                daisy::Ak4556::Init(dsy_gpio_pin)
 .text.dsy_sdram_init
                0x0000000008003e64      0x120 ../../libdaisy/build/libdaisy.a(sdram.o)
                0x0000000008003e64                dsy_sdram_init
 .text.HAL_SDRAM_MspInit
                0x0000000008003f84      0x1cc ../../libdaisy/build/libdaisy.a(sdram.o)
                0x0000000008003f84                HAL_SDRAM_MspInit
 .text._ZN5daisy11AudioHandle4Impl16InternalCallbackEPlS2_j
                0x0000000008004150      0xc14 ../../libdaisy/build/libdaisy.a(audio.o)
                0x0000000008004150                daisy::AudioHandle::Impl::InternalCallback(long*, long*, unsigned int)
 .text._ZN5daisy11AudioHandle4InitERKNS0_6ConfigENS_9SaiHandleE
                0x0000000008004d64       0x68 ../../libdaisy/build/libdaisy.a(audio.o)
                0x0000000008004d64                daisy::AudioHandle::Init(daisy::AudioHandle::Config const&, daisy::SaiHandle)
 .text._ZNK5daisy11AudioHandle9GetConfigEv
                0x0000000008004dcc        0x8 ../../libdaisy/build/libdaisy.a(audio.o)
                0x0000000008004dcc                daisy::AudioHandle::GetConfig() const
 .text._ZN5daisy11AudioHandle12SetBlockSizeEj
                0x0000000008004dd4       0x1c ../../libdaisy/build/libdaisy.a(audio.o)
                0x0000000008004dd4                daisy::AudioHandle::SetBlockSize(unsigned int)
 .text._ZN5daisy11AudioHandle13GetSampleRateEv
                0x0000000008004df0        0x8 ../../libdaisy/build/libdaisy.a(audio.o)
                0x0000000008004df0                daisy::AudioHandle::GetSampleRate()
 .text._ZN5daisy11AudioHandle5StartEPFvPKfPfjE
                0x0000000008004df8       0x2c ../../libdaisy/build/libdaisy.a(audio.o)
                0x0000000008004df8                daisy::AudioHandle::Start(void (*)(float const*, float*, unsigned int))
 .text.startup._GLOBAL__sub_I__ZN5daisy11AudioHandle4Impl4InitENS0_6ConfigENS_9SaiHandleE
                0x0000000008004e24       0x10 ../../libdaisy/build/libdaisy.a(audio.o)
 .text._ZN5daisy13AnalogControl4InitEPtfbbf
                0x0000000008004e34       0x3c ../../libdaisy/build/libdaisy.a(ctrl.o)
                0x0000000008004e34                daisy::AnalogControl::Init(unsigned short*, float, bool, bool, float)
 .text._ZN5daisy13AnalogControl13InitBipolarCvEPtf
                0x0000000008004e70       0x44 ../../libdaisy/build/libdaisy.a(ctrl.o)
                0x0000000008004e70                daisy::AnalogControl::InitBipolarCv(unsigned short*, float)
 .text._ZN5daisy13AnalogControl7ProcessEv
                0x0000000008004eb4       0x48 ../../libdaisy/build/libdaisy.a(ctrl.o)
                0x0000000008004eb4                daisy::AnalogControl::Process()
 .text._ZN5daisy6GateIn4InitEP12dsy_gpio_pin
                0x0000000008004efc       0x10 ../../libdaisy/build/libdaisy.a(gatein.o)
                0x0000000008004efc                daisy::GateIn::Init(dsy_gpio_pin*)
 .text._ZN5daisy6GateIn4TrigEv
                0x0000000008004f0c       0x28 ../../libdaisy/build/libdaisy.a(gatein.o)
                0x0000000008004f0c                daisy::GateIn::Trig()
 .text._ZN5daisy6Switch4InitE12dsy_gpio_pinf
                0x0000000008004f34       0x38 ../../libdaisy/build/libdaisy.a(switch.o)
                0x0000000008004f34                daisy::Switch::Init(dsy_gpio_pin, float)
 .text._ZN5daisy6Switch8DebounceEv
                0x0000000008004f6c       0x4c ../../libdaisy/build/libdaisy.a(switch.o)
                0x0000000008004f6c                daisy::Switch::Debounce()
 .text._ZN5daisy16AdcChannelConfig10InitSingleE12dsy_gpio_pin
                0x0000000008004fb8       0x1c ../../libdaisy/build/libdaisy.a(adc.o)
                0x0000000008004fb8                daisy::AdcChannelConfig::InitSingle(dsy_gpio_pin)
 .text._ZN5daisy16AdcChannelConfig7InitMuxE12dsy_gpio_pinjS1_S1_S1_
                0x0000000008004fd4       0x74 ../../libdaisy/build/libdaisy.a(adc.o)
                0x0000000008004fd4                daisy::AdcChannelConfig::InitMux(dsy_gpio_pin, unsigned int, dsy_gpio_pin, dsy_gpio_pin, dsy_gpio_pin)
 .text._ZN5daisy9AdcHandle4InitEPNS_16AdcChannelConfigEjNS0_12OverSamplingE
                0x0000000008005048      0x744 ../../libdaisy/build/libdaisy.a(adc.o)
                0x0000000008005048                daisy::AdcHandle::Init(daisy::AdcChannelConfig*, unsigned int, daisy::AdcHandle::OverSampling)
 .text._ZN5daisy9AdcHandle5StartEv
                0x000000000800578c       0x2c ../../libdaisy/build/libdaisy.a(adc.o)
                0x000000000800578c                daisy::AdcHandle::Start()
 .text._ZNK5daisy9AdcHandle6GetPtrEh
                0x00000000080057b8       0x14 ../../libdaisy/build/libdaisy.a(adc.o)
                0x00000000080057b8                daisy::AdcHandle::GetPtr(unsigned char) const
 .text._ZNK5daisy9AdcHandle9GetMuxPtrEhh
                0x00000000080057cc       0x18 ../../libdaisy/build/libdaisy.a(adc.o)
                0x00000000080057cc                daisy::AdcHandle::GetMuxPtr(unsigned char, unsigned char) const
 .text.HAL_ADC_MspInit
                0x00000000080057e4       0x9c ../../libdaisy/build/libdaisy.a(adc.o)
                0x00000000080057e4                HAL_ADC_MspInit
 .text.DMA1_Stream2_IRQHandler
                0x0000000008005880        0xc ../../libdaisy/build/libdaisy.a(adc.o)
                0x0000000008005880                DMA1_Stream2_IRQHandler
 .text.HAL_ADC_ConvCpltCallback
                0x000000000800588c      0x14c ../../libdaisy/build/libdaisy.a(adc.o)
                0x000000000800588c                HAL_ADC_ConvCpltCallback
 .text.HAL_ADC_ErrorCallback
                0x00000000080059d8        0x4 ../../libdaisy/build/libdaisy.a(adc.o)
                0x00000000080059d8                HAL_ADC_ErrorCallback
 .text.HAL_DAC_MspInit
                0x00000000080059dc      0x160 ../../libdaisy/build/libdaisy.a(dac.o)
                0x00000000080059dc                HAL_DAC_MspInit
 .text.DMA2_Stream0_IRQHandler
                0x0000000008005b3c        0xc ../../libdaisy/build/libdaisy.a(dac.o)
                0x0000000008005b3c                DMA2_Stream0_IRQHandler
 .text.DMA2_Stream1_IRQHandler
                0x0000000008005b48        0xc ../../libdaisy/build/libdaisy.a(dac.o)
                0x0000000008005b48                DMA2_Stream1_IRQHandler
 .text.TIM6_DAC_IRQHandler
                0x0000000008005b54       0x1c ../../libdaisy/build/libdaisy.a(dac.o)
                0x0000000008005b54                TIM6_DAC_IRQHandler
 .text._ZN5daisy9DacHandle4InitERKNS0_6ConfigE
                0x0000000008005b70       0xf8 ../../libdaisy/build/libdaisy.a(dac.o)
                0x0000000008005b70                daisy::DacHandle::Init(daisy::DacHandle::Config const&)
 .text._ZN5daisy9DacHandle10WriteValueENS0_7ChannelEt
                0x0000000008005c68       0x70 ../../libdaisy/build/libdaisy.a(dac.o)
                0x0000000008005c68                daisy::DacHandle::WriteValue(daisy::DacHandle::Channel, unsigned short)
 .text.dsy_gpio_init
                0x0000000008005cd8      0x1b8 ../../libdaisy/build/libdaisy.a(gpio.o)
                0x0000000008005cd8                dsy_gpio_init
 .text.dsy_gpio_read
                0x0000000008005e90       0x1c ../../libdaisy/build/libdaisy.a(gpio.o)
                0x0000000008005e90                dsy_gpio_read
 .text.dsy_gpio_write
                0x0000000008005eac       0x24 ../../libdaisy/build/libdaisy.a(gpio.o)
                0x0000000008005eac                dsy_gpio_write
 .text._ZN5daisy9I2CHandle4Impl20StartDmaTransmissionEtPhtPFvPvNS0_6ResultEES3_
                0x0000000008005ed0       0xe0 ../../libdaisy/build/libdaisy.a(i2c.o)
                0x0000000008005ed0                daisy::I2CHandle::Impl::StartDmaTransmission(unsigned short, unsigned char*, unsigned short, void (*)(void*, daisy::I2CHandle::Result), void*)
 .text._ZN5daisy9I2CHandle4Impl17StartDmaReceptionEtPhtPFvPvNS0_6ResultEES3_
                0x0000000008005fb0       0xe0 ../../libdaisy/build/libdaisy.a(i2c.o)
                0x0000000008005fb0                daisy::I2CHandle::Impl::StartDmaReception(unsigned short, unsigned char*, unsigned short, void (*)(void*, daisy::I2CHandle::Result), void*)
 .text._ZN5daisy9I2CHandle4Impl8InitPinsEv
                0x0000000008006090       0x58 ../../libdaisy/build/libdaisy.a(i2c.o)
                0x0000000008006090                daisy::I2CHandle::Impl::InitPins()
 .text.HAL_I2C_MspInit
                0x00000000080060e8      0x1b4 ../../libdaisy/build/libdaisy.a(i2c.o)
                0x00000000080060e8                HAL_I2C_MspInit
 .text.dsy_i2c_global_init
                0x000000000800629c       0x8c ../../libdaisy/build/libdaisy.a(i2c.o)
                0x000000000800629c                dsy_i2c_global_init
 .text.DMA1_Stream6_IRQHandler
                0x0000000008006328       0x34 ../../libdaisy/build/libdaisy.a(i2c.o)
                0x0000000008006328                DMA1_Stream6_IRQHandler
 .text.I2C1_EV_IRQHandler
                0x000000000800635c        0xc ../../libdaisy/build/libdaisy.a(i2c.o)
                0x000000000800635c                I2C1_EV_IRQHandler
 .text.I2C2_EV_IRQHandler
                0x0000000008006368        0xc ../../libdaisy/build/libdaisy.a(i2c.o)
                0x0000000008006368                I2C2_EV_IRQHandler
 .text.I2C3_EV_IRQHandler
                0x0000000008006374        0xc ../../libdaisy/build/libdaisy.a(i2c.o)
                0x0000000008006374                I2C3_EV_IRQHandler
 .text.HAL_I2C_MasterTxCpltCallback
                0x0000000008006380       0x88 ../../libdaisy/build/libdaisy.a(i2c.o)
                0x0000000008006380                HAL_I2C_MasterTxCpltCallback
 .text.HAL_I2C_MasterRxCpltCallback
                0x0000000008006408       0x88 ../../libdaisy/build/libdaisy.a(i2c.o)
                0x0000000008006408                HAL_I2C_MasterRxCpltCallback
 .text.HAL_I2C_SlaveTxCpltCallback
                0x0000000008006490       0x88 ../../libdaisy/build/libdaisy.a(i2c.o)
                0x0000000008006490                HAL_I2C_SlaveTxCpltCallback
 .text.HAL_I2C_SlaveRxCpltCallback
                0x0000000008006518       0x88 ../../libdaisy/build/libdaisy.a(i2c.o)
                0x0000000008006518                HAL_I2C_SlaveRxCpltCallback
 .text.HAL_I2C_ErrorCallback
                0x00000000080065a0       0x8c ../../libdaisy/build/libdaisy.a(i2c.o)
                0x00000000080065a0                HAL_I2C_ErrorCallback
 .text._ZN5daisy9I2CHandle4InitERKNS0_6ConfigE
                0x000000000800662c      0x12c ../../libdaisy/build/libdaisy.a(i2c.o)
                0x000000000800662c                daisy::I2CHandle::Init(daisy::I2CHandle::Config const&)
 .text._ZNK5daisy9I2CHandle9GetConfigEv
                0x0000000008006758        0x4 ../../libdaisy/build/libdaisy.a(i2c.o)
                0x0000000008006758                daisy::I2CHandle::GetConfig() const
 .text._ZN5daisy9I2CHandle16TransmitBlockingEtPhtm
                0x000000000800675c       0x4c ../../libdaisy/build/libdaisy.a(i2c.o)
                0x000000000800675c                daisy::I2CHandle::TransmitBlocking(unsigned short, unsigned char*, unsigned short, unsigned long)
 .text._ZN5daisy9I2CHandle11TransmitDmaEtPhtPFvPvNS0_6ResultEES2_
                0x00000000080067a8       0x60 ../../libdaisy/build/libdaisy.a(i2c.o)
                0x00000000080067a8                daisy::I2CHandle::TransmitDma(unsigned short, unsigned char*, unsigned short, void (*)(void*, daisy::I2CHandle::Result), void*)
 .text.startup._GLOBAL__sub_I__ZN5daisy9I2CHandle4Impl10GlobalInitEv
                0x0000000008006808       0x18 ../../libdaisy/build/libdaisy.a(i2c.o)
 .text.dsy_qspi_init
                0x0000000008006820      0x390 ../../libdaisy/build/libdaisy.a(qspi.o)
                0x0000000008006820                dsy_qspi_init
 .text.HAL_QSPI_MspInit
                0x0000000008006bb0      0x10c ../../libdaisy/build/libdaisy.a(qspi.o)
                0x0000000008006bb0                HAL_QSPI_MspInit
 .text.HAL_QSPI_MspDeInit
                0x0000000008006cbc       0x58 ../../libdaisy/build/libdaisy.a(qspi.o)
                0x0000000008006cbc                HAL_QSPI_MspDeInit
 .text.QUADSPI_IRQHandler
                0x0000000008006d14        0xc ../../libdaisy/build/libdaisy.a(qspi.o)
                0x0000000008006d14                QUADSPI_IRQHandler
 .text._ZN5daisy9SaiHandle4Impl7InitDmaENS1_15PeripheralBlockE
                0x0000000008006d20       0xa0 ../../libdaisy/build/libdaisy.a(sai.o)
                0x0000000008006d20                daisy::SaiHandle::Impl::InitDma(daisy::SaiHandle::Impl::PeripheralBlock)
 .text._ZN5daisy9SaiHandle4Impl8InitPinsEv
                0x0000000008006dc0       0xa8 ../../libdaisy/build/libdaisy.a(sai.o)
                0x0000000008006dc0                daisy::SaiHandle::Impl::InitPins()
 .text.HAL_SAI_MspInit
                0x0000000008006e68      0x164 ../../libdaisy/build/libdaisy.a(sai.o)
                0x0000000008006e68                HAL_SAI_MspInit
 .text.DMA1_Stream0_IRQHandler
                0x0000000008006fcc        0xc ../../libdaisy/build/libdaisy.a(sai.o)
                0x0000000008006fcc                DMA1_Stream0_IRQHandler
 .text.DMA1_Stream1_IRQHandler
                0x0000000008006fd8        0xc ../../libdaisy/build/libdaisy.a(sai.o)
                0x0000000008006fd8                DMA1_Stream1_IRQHandler
 .text.DMA1_Stream3_IRQHandler
                0x0000000008006fe4        0xc ../../libdaisy/build/libdaisy.a(sai.o)
                0x0000000008006fe4                DMA1_Stream3_IRQHandler
 .text.DMA1_Stream4_IRQHandler
                0x0000000008006ff0        0xc ../../libdaisy/build/libdaisy.a(sai.o)
                0x0000000008006ff0                DMA1_Stream4_IRQHandler
 .text.HAL_SAI_RxHalfCpltCallback
                0x0000000008006ffc       0x78 ../../libdaisy/build/libdaisy.a(sai.o)
                0x0000000008006ffc                HAL_SAI_RxHalfCpltCallback
 .text.HAL_SAI_RxCpltCallback
                0x0000000008007074       0x70 ../../libdaisy/build/libdaisy.a(sai.o)
                0x0000000008007074                HAL_SAI_RxCpltCallback
 *fill*         0x00000000080070e4        0x4 
 .text._ZN5daisy9SaiHandle4InitERKNS0_6ConfigE
                0x00000000080070e8      0x1e0 ../../libdaisy/build/libdaisy.a(sai.o)
                0x00000000080070e8                daisy::SaiHandle::Init(daisy::SaiHandle::Config const&)
 .text._ZNK5daisy9SaiHandle9GetConfigEv
                0x00000000080072c8        0x4 ../../libdaisy/build/libdaisy.a(sai.o)
                0x00000000080072c8                daisy::SaiHandle::GetConfig() const
 .text._ZN5daisy9SaiHandle8StartDmaEPlS1_jPFvS1_S1_jE
                0x00000000080072cc       0x68 ../../libdaisy/build/libdaisy.a(sai.o)
                0x00000000080072cc                daisy::SaiHandle::StartDma(long*, long*, unsigned int, void (*)(long*, long*, unsigned int))
 .text._ZN5daisy9SaiHandle13GetSampleRateEv
                0x0000000008007334       0x24 ../../libdaisy/build/libdaisy.a(sai.o)
                0x0000000008007334                daisy::SaiHandle::GetSampleRate()
 .text._ZNK5daisy9SaiHandle9GetOffsetEv
                0x0000000008007358        0x8 ../../libdaisy/build/libdaisy.a(sai.o)
                0x0000000008007358                daisy::SaiHandle::GetOffset() const
 .text._ZN5daisy9SpiHandle4Impl8InitPinsEv
                0x0000000008007360      0x260 ../../libdaisy/build/libdaisy.a(spi.o)
                0x0000000008007360                daisy::SpiHandle::Impl::InitPins()
 .text.HAL_SPI_MspInit
                0x00000000080075c0      0x154 ../../libdaisy/build/libdaisy.a(spi.o)
                0x00000000080075c0                HAL_SPI_MspInit
 .text._ZN5daisy9SpiHandle4InitERKNS0_6ConfigE
                0x0000000008007714      0x108 ../../libdaisy/build/libdaisy.a(spi.o)
                0x0000000008007714                daisy::SpiHandle::Init(daisy::SpiHandle::Config const&)
 .text._ZN5daisy9SpiHandle16BlockingTransmitEPhjm
                0x000000000800781c       0x14 ../../libdaisy/build/libdaisy.a(spi.o)
                0x000000000800781c                daisy::SpiHandle::BlockingTransmit(unsigned char*, unsigned int, unsigned long)
 .text.startup._GLOBAL__sub_I__Z19MapInstanceToHandleP11SPI_TypeDef
                0x0000000008007830      0x168 ../../libdaisy/build/libdaisy.a(spi.o)
 .text._ZN5daisy11UartHandler4Impl8InitPinsEv
                0x0000000008007998      0x158 ../../libdaisy/build/libdaisy.a(uart.o)
                0x0000000008007998                daisy::UartHandler::Impl::InitPins()
 .text._ZN5daisy11UartHandler4Impl14UARTRxCompleteEv
                0x0000000008007af0      0x100 ../../libdaisy/build/libdaisy.a(uart.o)
                0x0000000008007af0                daisy::UartHandler::Impl::UARTRxComplete()
 .text.HAL_UART_ErrorCallback
                0x0000000008007bf0       0x9c ../../libdaisy/build/libdaisy.a(uart.o)
                0x0000000008007bf0                HAL_UART_ErrorCallback
 .text.HAL_UART_MspInit
                0x0000000008007c8c      0x298 ../../libdaisy/build/libdaisy.a(uart.o)
                0x0000000008007c8c                HAL_UART_MspInit
 .text.USART1_IRQHandler
                0x0000000008007f24       0xac ../../libdaisy/build/libdaisy.a(uart.o)
                0x0000000008007f24                USART1_IRQHandler
 .text.USART2_IRQHandler
                0x0000000008007fd0       0xb0 ../../libdaisy/build/libdaisy.a(uart.o)
                0x0000000008007fd0                USART2_IRQHandler
 .text.USART3_IRQHandler
                0x0000000008008080       0xb0 ../../libdaisy/build/libdaisy.a(uart.o)
                0x0000000008008080                USART3_IRQHandler
 .text.UART4_IRQHandler
                0x0000000008008130       0xb0 ../../libdaisy/build/libdaisy.a(uart.o)
                0x0000000008008130                UART4_IRQHandler
 .text.UART5_IRQHandler
                0x00000000080081e0       0xb0 ../../libdaisy/build/libdaisy.a(uart.o)
                0x00000000080081e0                UART5_IRQHandler
 .text.USART6_IRQHandler
                0x0000000008008290       0xb0 ../../libdaisy/build/libdaisy.a(uart.o)
                0x0000000008008290                USART6_IRQHandler
 .text.UART7_IRQHandler
                0x0000000008008340       0xb0 ../../libdaisy/build/libdaisy.a(uart.o)
                0x0000000008008340                UART7_IRQHandler
 .text.UART8_IRQHandler
                0x00000000080083f0       0xb0 ../../libdaisy/build/libdaisy.a(uart.o)
                0x00000000080083f0                UART8_IRQHandler
 .text.LPUART1_IRQHandler
                0x00000000080084a0       0xb0 ../../libdaisy/build/libdaisy.a(uart.o)
                0x00000000080084a0                LPUART1_IRQHandler
 .text.DMA1_Stream5_IRQHandler
                0x0000000008008550        0xc ../../libdaisy/build/libdaisy.a(uart.o)
                0x0000000008008550                DMA1_Stream5_IRQHandler
 .text._ZN5daisy11UartHandler4InitERKNS0_6ConfigE
                0x000000000800855c      0x10c ../../libdaisy/build/libdaisy.a(uart.o)
                0x000000000800855c                daisy::UartHandler::Init(daisy::UartHandler::Config const&)
 .text.startup._GLOBAL__sub_I__Z19MapInstanceToHandleP13USART_TypeDef
                0x0000000008008668      0x120 ../../libdaisy/build/libdaisy.a(uart.o)
 .text._ZN5daisy11TimerHandleD2Ev
                0x0000000008008788        0x4 ../../libdaisy/build/libdaisy.a(system.o)
                0x0000000008008788                daisy::TimerHandle::~TimerHandle()
                0x0000000008008788                daisy::TimerHandle::~TimerHandle()
 .text.SysTick_Handler
                0x000000000800878c       0x10 ../../libdaisy/build/libdaisy.a(system.o)
                0x000000000800878c                SysTick_Handler
 .text.HardFault_Handler
                0x000000000800879c        0x4 ../../libdaisy/build/libdaisy.a(system.o)
                0x000000000800879c                HardFault_Handler
 .text._ZN5daisy6System5DelayEm
                0x00000000080087a0        0x4 ../../libdaisy/build/libdaisy.a(system.o)
                0x00000000080087a0                daisy::System::Delay(unsigned long)
 .text._ZN5daisy6System10DelayTicksEm
                0x00000000080087a4        0xc ../../libdaisy/build/libdaisy.a(system.o)
                0x00000000080087a4                daisy::System::DelayTicks(unsigned long)
 .text._ZN5daisy6System15ConfigureClocksEv
                0x00000000080087b0      0x1c4 ../../libdaisy/build/libdaisy.a(system.o)
                0x00000000080087b0                daisy::System::ConfigureClocks()
 .text._ZN5daisy6System4InitERKNS0_6ConfigE
                0x0000000008008974      0x114 ../../libdaisy/build/libdaisy.a(system.o)
                0x0000000008008974                daisy::System::Init(daisy::System::Config const&)
 .text._ZN5daisy6System12GetPClk1FreqEv
                0x0000000008008a88        0x4 ../../libdaisy/build/libdaisy.a(system.o)
                0x0000000008008a88                daisy::System::GetPClk1Freq()
 .text._ZN5daisy6System12GetPClk2FreqEv
                0x0000000008008a8c        0x4 ../../libdaisy/build/libdaisy.a(system.o)
                0x0000000008008a8c                daisy::System::GetPClk2Freq()
 .text.startup._GLOBAL__sub_I_SysTick_Handler
                0x0000000008008a90       0x1c ../../libdaisy/build/libdaisy.a(system.o)
 .text.SystemInit
                0x0000000008008aac       0x80 ../../libdaisy/build/libdaisy.a(system_stm32h7xx.o)
                0x0000000008008aac                SystemInit
 .text.dsy_hal_map_get_port
                0x0000000008008b2c       0x10 ../../libdaisy/build/libdaisy.a(hal_map.o)
                0x0000000008008b2c                dsy_hal_map_get_port
 .text.dsy_hal_map_get_pin
                0x0000000008008b3c       0x10 ../../libdaisy/build/libdaisy.a(hal_map.o)
                0x0000000008008b3c                dsy_hal_map_get_pin
 .text.dsy_hal_map_gpio_clk_enable
                0x0000000008008b4c      0x150 ../../libdaisy/build/libdaisy.a(hal_map.o)
                0x0000000008008b4c                dsy_hal_map_gpio_clk_enable
 .text.HAL_MspInit
                0x0000000008008c9c        0x4 ../../libdaisy/build/libdaisy.a(stm32h7xx_hal.o)
                0x0000000008008c9c                HAL_MspInit
 .text.HAL_InitTick
                0x0000000008008ca0       0x4c ../../libdaisy/build/libdaisy.a(stm32h7xx_hal.o)
                0x0000000008008ca0                HAL_InitTick
 .text.HAL_Init
                0x0000000008008cec       0x5c ../../libdaisy/build/libdaisy.a(stm32h7xx_hal.o)
                0x0000000008008cec                HAL_Init
 .text.HAL_IncTick
                0x0000000008008d48       0x18 ../../libdaisy/build/libdaisy.a(stm32h7xx_hal.o)
                0x0000000008008d48                HAL_IncTick
 .text.HAL_GetTick
                0x0000000008008d60        0xc ../../libdaisy/build/libdaisy.a(stm32h7xx_hal.o)
                0x0000000008008d60                HAL_GetTick
 .text.HAL_Delay
                0x0000000008008d6c       0x24 ../../libdaisy/build/libdaisy.a(stm32h7xx_hal.o)
                0x0000000008008d6c                HAL_Delay
 .text.HAL_GetREVID
                0x0000000008008d90        0xc ../../libdaisy/build/libdaisy.a(stm32h7xx_hal.o)
                0x0000000008008d90                HAL_GetREVID
 .text.HAL_ADC_ConvHalfCpltCallback
                0x0000000008008d9c        0x4 ../../libdaisy/build/libdaisy.a(stm32h7xx_hal_adc.o)
                0x0000000008008d9c                HAL_ADC_ConvHalfCpltCallback
 .text.ADC_DMAHalfConvCplt
                0x0000000008008da0        0xc ../../libdaisy/build/libdaisy.a(stm32h7xx_hal_adc.o)
                0x0000000008008da0                ADC_DMAHalfConvCplt
 .text.ADC_DMAConvCplt
                0x0000000008008dac       0x6c ../../libdaisy/build/libdaisy.a(stm32h7xx_hal_adc.o)
                0x0000000008008dac                ADC_DMAConvCplt
 .text.ADC_DMAError
                0x0000000008008e18       0x1c ../../libdaisy/build/libdaisy.a(stm32h7xx_hal_adc.o)
                0x0000000008008e18                ADC_DMAError
 .text.HAL_ADC_ConfigChannel
                0x0000000008008e34      0x3fc ../../libdaisy/build/libdaisy.a(stm32h7xx_hal_adc.o)
                0x0000000008008e34                HAL_ADC_ConfigChannel
 .text.ADC_Enable
                0x0000000008009230       0xac ../../libdaisy/build/libdaisy.a(stm32h7xx_hal_adc.o)
                0x0000000008009230                ADC_Enable
 .text.HAL_ADC_Start_DMA
                0x00000000080092dc      0x118 ../../libdaisy/build/libdaisy.a(stm32h7xx_hal_adc.o)
                0x00000000080092dc                HAL_ADC_Start_DMA
 .text.ADC_Disable
                0x00000000080093f4       0x68 ../../libdaisy/build/libdaisy.a(stm32h7xx_hal_adc.o)
                0x00000000080093f4                ADC_Disable
 .text.ADC_ConfigureBoostMode
                0x000000000800945c      0x190 ../../libdaisy/build/libdaisy.a(stm32h7xx_hal_adc.o)
                0x000000000800945c                ADC_ConfigureBoostMode
 .text.HAL_ADC_Init
                0x00000000080095ec      0x214 ../../libdaisy/build/libdaisy.a(stm32h7xx_hal_adc.o)
                0x00000000080095ec                HAL_ADC_Init
 .text.HAL_ADCEx_Calibration_Start
                0x0000000008009800       0xa4 ../../libdaisy/build/libdaisy.a(stm32h7xx_hal_adc_ex.o)
                0x0000000008009800                HAL_ADCEx_Calibration_Start
 .text.HAL_ADCEx_MultiModeConfigChannel
                0x00000000080098a4       0xc4 ../../libdaisy/build/libdaisy.a(stm32h7xx_hal_adc_ex.o)
                0x00000000080098a4                HAL_ADCEx_MultiModeConfigChannel
 .text.HAL_NVIC_SetPriorityGrouping
                0x0000000008009968       0x28 ../../libdaisy/build/libdaisy.a(stm32h7xx_hal_cortex.o)
                0x0000000008009968                HAL_NVIC_SetPriorityGrouping
 .text.HAL_NVIC_SetPriority
                0x0000000008009990       0x74 ../../libdaisy/build/libdaisy.a(stm32h7xx_hal_cortex.o)
                0x0000000008009990                HAL_NVIC_SetPriority
 .text.HAL_NVIC_EnableIRQ
                0x0000000008009a04       0x1c ../../libdaisy/build/libdaisy.a(stm32h7xx_hal_cortex.o)
                0x0000000008009a04                HAL_NVIC_EnableIRQ
 .text.HAL_NVIC_DisableIRQ
                0x0000000008009a20       0x28 ../../libdaisy/build/libdaisy.a(stm32h7xx_hal_cortex.o)
                0x0000000008009a20                HAL_NVIC_DisableIRQ
 .text.HAL_SYSTICK_Config
                0x0000000008009a48       0x30 ../../libdaisy/build/libdaisy.a(stm32h7xx_hal_cortex.o)
                0x0000000008009a48                HAL_SYSTICK_Config
 .text.HAL_MPU_Disable
                0x0000000008009a78       0x20 ../../libdaisy/build/libdaisy.a(stm32h7xx_hal_cortex.o)
                0x0000000008009a78                HAL_MPU_Disable
 .text.HAL_MPU_Enable
                0x0000000008009a98       0x24 ../../libdaisy/build/libdaisy.a(stm32h7xx_hal_cortex.o)
                0x0000000008009a98                HAL_MPU_Enable
 .text.HAL_MPU_ConfigRegion
                0x0000000008009abc       0x50 ../../libdaisy/build/libdaisy.a(stm32h7xx_hal_cortex.o)
                0x0000000008009abc                HAL_MPU_ConfigRegion
 .text.HAL_SYSTICK_Callback
                0x0000000008009b0c        0x4 ../../libdaisy/build/libdaisy.a(stm32h7xx_hal_cortex.o)
                0x0000000008009b0c                HAL_SYSTICK_Callback
 .text.HAL_SYSTICK_IRQHandler
                0x0000000008009b10        0x8 ../../libdaisy/build/libdaisy.a(stm32h7xx_hal_cortex.o)
                0x0000000008009b10                HAL_SYSTICK_IRQHandler
 .text.HAL_DAC_Init
                0x0000000008009b18       0x2c ../../libdaisy/build/libdaisy.a(stm32h7xx_hal_dac.o)
                0x0000000008009b18                HAL_DAC_Init
 .text.HAL_DAC_Start
                0x0000000008009b44       0x58 ../../libdaisy/build/libdaisy.a(stm32h7xx_hal_dac.o)
                0x0000000008009b44                HAL_DAC_Start
 .text.HAL_DAC_SetValue
                0x0000000008009b9c       0x30 ../../libdaisy/build/libdaisy.a(stm32h7xx_hal_dac.o)
                0x0000000008009b9c                HAL_DAC_SetValue
 .text.HAL_DAC_DMAUnderrunCallbackCh1
                0x0000000008009bcc        0x4 ../../libdaisy/build/libdaisy.a(stm32h7xx_hal_dac.o)
                0x0000000008009bcc                HAL_DAC_DMAUnderrunCallbackCh1
 .text.HAL_DAC_IRQHandler
                0x0000000008009bd0       0x68 ../../libdaisy/build/libdaisy.a(stm32h7xx_hal_dac.o)
                0x0000000008009bd0                HAL_DAC_IRQHandler
 .text.HAL_DAC_ConfigChannel
                0x0000000008009c38      0x140 ../../libdaisy/build/libdaisy.a(stm32h7xx_hal_dac.o)
                0x0000000008009c38                HAL_DAC_ConfigChannel
 .text.HAL_DACEx_DMAUnderrunCallbackCh2
                0x0000000008009d78        0x4 ../../libdaisy/build/libdaisy.a(stm32h7xx_hal_dac_ex.o)
                0x0000000008009d78                HAL_DACEx_DMAUnderrunCallbackCh2
 .text.DMA_CalcBaseAndBitshift
                0x0000000008009d7c       0xf8 ../../libdaisy/build/libdaisy.a(stm32h7xx_hal_dma.o)
 .text.DMA_CalcDMAMUXChannelBaseAndMask
                0x0000000008009e74       0xd8 ../../libdaisy/build/libdaisy.a(stm32h7xx_hal_dma.o)
 .text.HAL_DMA_Init
                0x0000000008009f4c      0x394 ../../libdaisy/build/libdaisy.a(stm32h7xx_hal_dma.o)
                0x0000000008009f4c                HAL_DMA_Init
 .text.HAL_DMA_Start_IT
                0x000000000800a2e0      0x250 ../../libdaisy/build/libdaisy.a(stm32h7xx_hal_dma.o)
                0x000000000800a2e0                HAL_DMA_Start_IT
 .text.HAL_DMA_Abort_IT
                0x000000000800a530      0x13c ../../libdaisy/build/libdaisy.a(stm32h7xx_hal_dma.o)
                0x000000000800a530                HAL_DMA_Abort_IT
 .text.HAL_DMA_IRQHandler
                0x000000000800a66c      0x6bc ../../libdaisy/build/libdaisy.a(stm32h7xx_hal_dma.o)
                0x000000000800a66c                HAL_DMA_IRQHandler
 .text.HAL_DMA_GetError
                0x000000000800ad28        0x4 ../../libdaisy/build/libdaisy.a(stm32h7xx_hal_dma.o)
                0x000000000800ad28                HAL_DMA_GetError
 .text.HAL_GPIO_Init
                0x000000000800ad2c      0x248 ../../libdaisy/build/libdaisy.a(stm32h7xx_hal_gpio.o)
                0x000000000800ad2c                HAL_GPIO_Init
 .text.HAL_GPIO_DeInit
                0x000000000800af74      0x19c ../../libdaisy/build/libdaisy.a(stm32h7xx_hal_gpio.o)
                0x000000000800af74                HAL_GPIO_DeInit
 .text.HAL_GPIO_ReadPin
                0x000000000800b110        0xc ../../libdaisy/build/libdaisy.a(stm32h7xx_hal_gpio.o)
                0x000000000800b110                HAL_GPIO_ReadPin
 .text.HAL_GPIO_WritePin
                0x000000000800b11c        0x8 ../../libdaisy/build/libdaisy.a(stm32h7xx_hal_gpio.o)
                0x000000000800b11c                HAL_GPIO_WritePin
 .text.I2C_WaitOnTXISFlagUntilTimeout
                0x000000000800b124       0xb8 ../../libdaisy/build/libdaisy.a(stm32h7xx_hal_i2c.o)
 .text.I2C_WaitOnSTOPFlagUntilTimeout
                0x000000000800b1dc       0xac ../../libdaisy/build/libdaisy.a(stm32h7xx_hal_i2c.o)
 .text.HAL_I2C_Init
                0x000000000800b288       0xa8 ../../libdaisy/build/libdaisy.a(stm32h7xx_hal_i2c.o)
                0x000000000800b288                HAL_I2C_Init
 .text.HAL_I2C_Master_Transmit
                0x000000000800b330      0x1b4 ../../libdaisy/build/libdaisy.a(stm32h7xx_hal_i2c.o)
                0x000000000800b330                HAL_I2C_Master_Transmit
 .text.HAL_I2C_Slave_Transmit
                0x000000000800b4e4      0x1c4 ../../libdaisy/build/libdaisy.a(stm32h7xx_hal_i2c.o)
                0x000000000800b4e4                HAL_I2C_Slave_Transmit
 .text.HAL_I2C_Master_Transmit_DMA
                0x000000000800b6a8      0x174 ../../libdaisy/build/libdaisy.a(stm32h7xx_hal_i2c.o)
                0x000000000800b6a8                HAL_I2C_Master_Transmit_DMA
 .text.HAL_I2C_Master_Receive_DMA
                0x000000000800b81c      0x174 ../../libdaisy/build/libdaisy.a(stm32h7xx_hal_i2c.o)
                0x000000000800b81c                HAL_I2C_Master_Receive_DMA
 .text.HAL_I2C_Slave_Transmit_DMA
                0x000000000800b990       0xd8 ../../libdaisy/build/libdaisy.a(stm32h7xx_hal_i2c.o)
                0x000000000800b990                HAL_I2C_Slave_Transmit_DMA
 .text.HAL_I2C_Slave_Receive_DMA
                0x000000000800ba68       0xe0 ../../libdaisy/build/libdaisy.a(stm32h7xx_hal_i2c.o)
                0x000000000800ba68                HAL_I2C_Slave_Receive_DMA
 .text.HAL_I2C_EV_IRQHandler
                0x000000000800bb48       0x10 ../../libdaisy/build/libdaisy.a(stm32h7xx_hal_i2c.o)
                0x000000000800bb48                HAL_I2C_EV_IRQHandler
 .text.I2C_ITMasterSeqCplt
                0x000000000800bb58       0x74 ../../libdaisy/build/libdaisy.a(stm32h7xx_hal_i2c.o)
 .text.I2C_ITSlaveSeqCplt
                0x000000000800bbcc       0x7c ../../libdaisy/build/libdaisy.a(stm32h7xx_hal_i2c.o)
 .text.I2C_DMASlaveReceiveCplt
                0x000000000800bc48       0x30 ../../libdaisy/build/libdaisy.a(stm32h7xx_hal_i2c.o)
 .text.I2C_DMASlaveTransmitCplt
                0x000000000800bc78       0x88 ../../libdaisy/build/libdaisy.a(stm32h7xx_hal_i2c.o)
 .text.HAL_I2C_AddrCallback
                0x000000000800bd00        0x4 ../../libdaisy/build/libdaisy.a(stm32h7xx_hal_i2c.o)
                0x000000000800bd00                HAL_I2C_AddrCallback
 .text.I2C_ITAddrCplt.isra.0.part.0
                0x000000000800bd04       0x78 ../../libdaisy/build/libdaisy.a(stm32h7xx_hal_i2c.o)
 .text.HAL_I2C_ListenCpltCallback
                0x000000000800bd7c        0x4 ../../libdaisy/build/libdaisy.a(stm32h7xx_hal_i2c.o)
                0x000000000800bd7c                HAL_I2C_ListenCpltCallback
 .text.I2C_ITListenCplt
                0x000000000800bd80       0x68 ../../libdaisy/build/libdaisy.a(stm32h7xx_hal_i2c.o)
 .text.HAL_I2C_MemTxCpltCallback
                0x000000000800bde8        0x4 ../../libdaisy/build/libdaisy.a(stm32h7xx_hal_i2c.o)
                0x000000000800bde8                HAL_I2C_MemTxCpltCallback
 .text.HAL_I2C_MemRxCpltCallback
                0x000000000800bdec        0x4 ../../libdaisy/build/libdaisy.a(stm32h7xx_hal_i2c.o)
                0x000000000800bdec                HAL_I2C_MemRxCpltCallback
 .text.HAL_I2C_AbortCpltCallback
                0x000000000800bdf0        0x4 ../../libdaisy/build/libdaisy.a(stm32h7xx_hal_i2c.o)
                0x000000000800bdf0                HAL_I2C_AbortCpltCallback
 .text.I2C_ITError
                0x000000000800bdf4      0x110 ../../libdaisy/build/libdaisy.a(stm32h7xx_hal_i2c.o)
 .text.I2C_ITSlaveCplt
                0x000000000800bf04      0x10c ../../libdaisy/build/libdaisy.a(stm32h7xx_hal_i2c.o)
 .text.I2C_Slave_ISR_IT
                0x000000000800c010      0x14c ../../libdaisy/build/libdaisy.a(stm32h7xx_hal_i2c.o)
 .text.I2C_ITMasterCplt
                0x000000000800c15c       0xec ../../libdaisy/build/libdaisy.a(stm32h7xx_hal_i2c.o)
 .text.I2C_Master_ISR_IT
                0x000000000800c248      0x188 ../../libdaisy/build/libdaisy.a(stm32h7xx_hal_i2c.o)
 .text.I2C_Slave_ISR_DMA
                0x000000000800c3d0      0x118 ../../libdaisy/build/libdaisy.a(stm32h7xx_hal_i2c.o)
 .text.I2C_Master_ISR_DMA
                0x000000000800c4e8      0x144 ../../libdaisy/build/libdaisy.a(stm32h7xx_hal_i2c.o)
 .text.I2C_DMAError
                0x000000000800c62c       0x50 ../../libdaisy/build/libdaisy.a(stm32h7xx_hal_i2c.o)
 .text.I2C_DMAMasterTransmitCplt
                0x000000000800c67c       0x90 ../../libdaisy/build/libdaisy.a(stm32h7xx_hal_i2c.o)
 .text.I2C_DMAMasterReceiveCplt
                0x000000000800c70c       0x8c ../../libdaisy/build/libdaisy.a(stm32h7xx_hal_i2c.o)
 .text.I2C_DMAAbort
                0x000000000800c798       0x28 ../../libdaisy/build/libdaisy.a(stm32h7xx_hal_i2c.o)
 .text.HAL_I2C_GetState
                0x000000000800c7c0        0x8 ../../libdaisy/build/libdaisy.a(stm32h7xx_hal_i2c.o)
                0x000000000800c7c0                HAL_I2C_GetState
 .text.HAL_I2CEx_ConfigAnalogFilter
                0x000000000800c7c8       0x58 ../../libdaisy/build/libdaisy.a(stm32h7xx_hal_i2c_ex.o)
                0x000000000800c7c8                HAL_I2CEx_ConfigAnalogFilter
 .text.HAL_I2CEx_ConfigDigitalFilter
                0x000000000800c820       0x54 ../../libdaisy/build/libdaisy.a(stm32h7xx_hal_i2c_ex.o)
                0x000000000800c820                HAL_I2CEx_ConfigDigitalFilter
 .text.HAL_PWREx_ConfigSupply
                0x000000000800c874       0x4c ../../libdaisy/build/libdaisy.a(stm32h7xx_hal_pwr_ex.o)
                0x000000000800c874                HAL_PWREx_ConfigSupply
 .text.HAL_PWREx_EnableUSBVoltageDetector
                0x000000000800c8c0       0x10 ../../libdaisy/build/libdaisy.a(stm32h7xx_hal_pwr_ex.o)
                0x000000000800c8c0                HAL_PWREx_EnableUSBVoltageDetector
 .text.QSPI_Config
                0x000000000800c8d0      0x1d4 ../../libdaisy/build/libdaisy.a(stm32h7xx_hal_qspi.o)
 .text.HAL_QSPI_Init
                0x000000000800caa4       0xd8 ../../libdaisy/build/libdaisy.a(stm32h7xx_hal_qspi.o)
                0x000000000800caa4                HAL_QSPI_Init
 .text.HAL_QSPI_DeInit
                0x000000000800cb7c       0x3c ../../libdaisy/build/libdaisy.a(stm32h7xx_hal_qspi.o)
                0x000000000800cb7c                HAL_QSPI_DeInit
 .text.HAL_QSPI_Command
                0x000000000800cbb8       0xd4 ../../libdaisy/build/libdaisy.a(stm32h7xx_hal_qspi.o)
                0x000000000800cbb8                HAL_QSPI_Command
 .text.HAL_QSPI_Transmit
                0x000000000800cc8c       0xfc ../../libdaisy/build/libdaisy.a(stm32h7xx_hal_qspi.o)
                0x000000000800cc8c                HAL_QSPI_Transmit
 .text.HAL_QSPI_Receive
                0x000000000800cd88      0x108 ../../libdaisy/build/libdaisy.a(stm32h7xx_hal_qspi.o)
                0x000000000800cd88                HAL_QSPI_Receive
 .text.HAL_QSPI_AutoPolling
                0x000000000800ce90       0xe8 ../../libdaisy/build/libdaisy.a(stm32h7xx_hal_qspi.o)
                0x000000000800ce90                HAL_QSPI_AutoPolling
 .text.HAL_QSPI_MemoryMapped
                0x000000000800cf78       0xb8 ../../libdaisy/build/libdaisy.a(stm32h7xx_hal_qspi.o)
                0x000000000800cf78                HAL_QSPI_MemoryMapped
 .text.HAL_QSPI_ErrorCallback
                0x000000000800d030        0x4 ../../libdaisy/build/libdaisy.a(stm32h7xx_hal_qspi.o)
                0x000000000800d030                HAL_QSPI_ErrorCallback
 .text.QSPI_DMAAbortCplt
                0x000000000800d034       0x38 ../../libdaisy/build/libdaisy.a(stm32h7xx_hal_qspi.o)
 .text.HAL_QSPI_AbortCpltCallback
                0x000000000800d06c        0x4 ../../libdaisy/build/libdaisy.a(stm32h7xx_hal_qspi.o)
                0x000000000800d06c                HAL_QSPI_AbortCpltCallback
 .text.HAL_QSPI_CmdCpltCallback
                0x000000000800d070        0x4 ../../libdaisy/build/libdaisy.a(stm32h7xx_hal_qspi.o)
                0x000000000800d070                HAL_QSPI_CmdCpltCallback
 .text.HAL_QSPI_RxCpltCallback
                0x000000000800d074        0x4 ../../libdaisy/build/libdaisy.a(stm32h7xx_hal_qspi.o)
                0x000000000800d074                HAL_QSPI_RxCpltCallback
 .text.HAL_QSPI_TxCpltCallback
                0x000000000800d078        0x4 ../../libdaisy/build/libdaisy.a(stm32h7xx_hal_qspi.o)
                0x000000000800d078                HAL_QSPI_TxCpltCallback
 .text.HAL_QSPI_FifoThresholdCallback
                0x000000000800d07c        0x4 ../../libdaisy/build/libdaisy.a(stm32h7xx_hal_qspi.o)
                0x000000000800d07c                HAL_QSPI_FifoThresholdCallback
 .text.HAL_QSPI_StatusMatchCallback
                0x000000000800d080        0x4 ../../libdaisy/build/libdaisy.a(stm32h7xx_hal_qspi.o)
                0x000000000800d080                HAL_QSPI_StatusMatchCallback
 .text.HAL_QSPI_TimeOutCallback
                0x000000000800d084        0x4 ../../libdaisy/build/libdaisy.a(stm32h7xx_hal_qspi.o)
                0x000000000800d084                HAL_QSPI_TimeOutCallback
 .text.HAL_QSPI_IRQHandler
                0x000000000800d088      0x210 ../../libdaisy/build/libdaisy.a(stm32h7xx_hal_qspi.o)
                0x000000000800d088                HAL_QSPI_IRQHandler
 .text.HAL_RCC_OscConfig
                0x000000000800d298      0x540 ../../libdaisy/build/libdaisy.a(stm32h7xx_hal_rcc.o)
                0x000000000800d298                HAL_RCC_OscConfig
 .text.HAL_RCC_GetSysClockFreq
                0x000000000800d7d8      0x140 ../../libdaisy/build/libdaisy.a(stm32h7xx_hal_rcc.o)
                0x000000000800d7d8                HAL_RCC_GetSysClockFreq
 .text.HAL_RCC_ClockConfig
                0x000000000800d918      0x234 ../../libdaisy/build/libdaisy.a(stm32h7xx_hal_rcc.o)
                0x000000000800d918                HAL_RCC_ClockConfig
 .text.HAL_RCC_GetHCLKFreq
                0x000000000800db4c       0x2c ../../libdaisy/build/libdaisy.a(stm32h7xx_hal_rcc.o)
                0x000000000800db4c                HAL_RCC_GetHCLKFreq
 .text.HAL_RCC_GetPCLK1Freq
                0x000000000800db78       0x38 ../../libdaisy/build/libdaisy.a(stm32h7xx_hal_rcc.o)
                0x000000000800db78                HAL_RCC_GetPCLK1Freq
 .text.HAL_RCC_GetPCLK2Freq
                0x000000000800dbb0       0x38 ../../libdaisy/build/libdaisy.a(stm32h7xx_hal_rcc.o)
                0x000000000800dbb0                HAL_RCC_GetPCLK2Freq
 .text.RCCEx_PLL2_Config
                0x000000000800dbe8       0xf8 ../../libdaisy/build/libdaisy.a(stm32h7xx_hal_rcc_ex.o)
 .text.RCCEx_PLL3_Config
                0x000000000800dce0       0xf8 ../../libdaisy/build/libdaisy.a(stm32h7xx_hal_rcc_ex.o)
 .text.HAL_RCCEx_PeriphCLKConfig
                0x000000000800ddd8      0xa7c ../../libdaisy/build/libdaisy.a(stm32h7xx_hal_rcc_ex.o)
                0x000000000800ddd8                HAL_RCCEx_PeriphCLKConfig
 .text.HAL_RCCEx_GetD3PCLK1Freq
                0x000000000800e854       0x24 ../../libdaisy/build/libdaisy.a(stm32h7xx_hal_rcc_ex.o)
                0x000000000800e854                HAL_RCCEx_GetD3PCLK1Freq
 .text.HAL_RCCEx_GetPLL2ClockFreq
                0x000000000800e878      0x17c ../../libdaisy/build/libdaisy.a(stm32h7xx_hal_rcc_ex.o)
                0x000000000800e878                HAL_RCCEx_GetPLL2ClockFreq
 .text.HAL_RCCEx_GetPLL3ClockFreq
                0x000000000800e9f4      0x17c ../../libdaisy/build/libdaisy.a(stm32h7xx_hal_rcc_ex.o)
                0x000000000800e9f4                HAL_RCCEx_GetPLL3ClockFreq
 .text.HAL_RCCEx_GetPLL1ClockFreq
                0x000000000800eb70      0x17c ../../libdaisy/build/libdaisy.a(stm32h7xx_hal_rcc_ex.o)
                0x000000000800eb70                HAL_RCCEx_GetPLL1ClockFreq
 .text.HAL_RCCEx_GetPeriphCLKFreq
                0x000000000800ecec      0x198 ../../libdaisy/build/libdaisy.a(stm32h7xx_hal_rcc_ex.o)
                0x000000000800ecec                HAL_RCCEx_GetPeriphCLKFreq
 .text.HAL_RCCEx_GetD1SysClockFreq
                0x000000000800ee84       0x2c ../../libdaisy/build/libdaisy.a(stm32h7xx_hal_rcc_ex.o)
                0x000000000800ee84                HAL_RCCEx_GetD1SysClockFreq
 .text.HAL_SAI_Init.part.0
                0x000000000800eeb0      0x364 ../../libdaisy/build/libdaisy.a(stm32h7xx_hal_sai.o)
 .text.HAL_SAI_InitProtocol
                0x000000000800f214      0x184 ../../libdaisy/build/libdaisy.a(stm32h7xx_hal_sai.o)
                0x000000000800f214                HAL_SAI_InitProtocol
 .text.HAL_SAI_Transmit_DMA
                0x000000000800f398      0x124 ../../libdaisy/build/libdaisy.a(stm32h7xx_hal_sai.o)
                0x000000000800f398                HAL_SAI_Transmit_DMA
 .text.HAL_SAI_Receive_DMA
                0x000000000800f4bc       0xcc ../../libdaisy/build/libdaisy.a(stm32h7xx_hal_sai.o)
                0x000000000800f4bc                HAL_SAI_Receive_DMA
 .text.HAL_SAI_TxCpltCallback
                0x000000000800f588        0x4 ../../libdaisy/build/libdaisy.a(stm32h7xx_hal_sai.o)
                0x000000000800f588                HAL_SAI_TxCpltCallback
 .text.SAI_DMATxCplt
                0x000000000800f58c       0x60 ../../libdaisy/build/libdaisy.a(stm32h7xx_hal_sai.o)
 .text.HAL_SAI_TxHalfCpltCallback
                0x000000000800f5ec        0x4 ../../libdaisy/build/libdaisy.a(stm32h7xx_hal_sai.o)
                0x000000000800f5ec                HAL_SAI_TxHalfCpltCallback
 .text.SAI_DMATxHalfCplt
                0x000000000800f5f0        0xc ../../libdaisy/build/libdaisy.a(stm32h7xx_hal_sai.o)
 .text.SAI_DMARxCplt
                0x000000000800f5fc       0x60 ../../libdaisy/build/libdaisy.a(stm32h7xx_hal_sai.o)
 .text.SAI_DMARxHalfCplt
                0x000000000800f65c        0xc ../../libdaisy/build/libdaisy.a(stm32h7xx_hal_sai.o)
 .text.HAL_SAI_ErrorCallback
                0x000000000800f668        0x4 ../../libdaisy/build/libdaisy.a(stm32h7xx_hal_sai.o)
                0x000000000800f668                HAL_SAI_ErrorCallback
 .text.SAI_DMAError
                0x000000000800f66c       0x6c ../../libdaisy/build/libdaisy.a(stm32h7xx_hal_sai.o)
 .text.HAL_SDRAM_Init
                0x000000000800f6d8       0x54 ../../libdaisy/build/libdaisy.a(stm32h7xx_hal_sdram.o)
                0x000000000800f6d8                HAL_SDRAM_Init
 .text.HAL_SDRAM_SendCommand
                0x000000000800f72c       0x40 ../../libdaisy/build/libdaisy.a(stm32h7xx_hal_sdram.o)
                0x000000000800f72c                HAL_SDRAM_SendCommand
 .text.HAL_SDRAM_ProgramRefreshRate
                0x000000000800f76c       0x30 ../../libdaisy/build/libdaisy.a(stm32h7xx_hal_sdram.o)
                0x000000000800f76c                HAL_SDRAM_ProgramRefreshRate
 .text.SPI_CloseTransfer
                0x000000000800f79c       0xb8 ../../libdaisy/build/libdaisy.a(stm32h7xx_hal_spi.o)
 .text.HAL_SPI_Init
                0x000000000800f854      0x168 ../../libdaisy/build/libdaisy.a(stm32h7xx_hal_spi.o)
                0x000000000800f854                HAL_SPI_Init
 .text.HAL_SPI_Transmit
                0x000000000800f9bc      0x32c ../../libdaisy/build/libdaisy.a(stm32h7xx_hal_spi.o)
                0x000000000800f9bc                HAL_SPI_Transmit
 .text.HAL_TIM_Base_Init
                0x000000000800fce8      0x130 ../../libdaisy/build/libdaisy.a(stm32h7xx_hal_tim.o)
                0x000000000800fce8                HAL_TIM_Base_Init
 .text.HAL_TIM_Base_Start
                0x000000000800fe18       0x38 ../../libdaisy/build/libdaisy.a(stm32h7xx_hal_tim.o)
                0x000000000800fe18                HAL_TIM_Base_Start
 .text.HAL_TIM_ConfigClockSource
                0x000000000800fe50      0x17c ../../libdaisy/build/libdaisy.a(stm32h7xx_hal_tim.o)
                0x000000000800fe50                HAL_TIM_ConfigClockSource
 .text.HAL_TIM_PeriodElapsedCallback
                0x000000000800ffcc        0x4 ../../libdaisy/build/libdaisy.a(stm32h7xx_hal_tim.o)
                0x000000000800ffcc                HAL_TIM_PeriodElapsedCallback
 .text.HAL_TIM_OC_DelayElapsedCallback
                0x000000000800ffd0        0x4 ../../libdaisy/build/libdaisy.a(stm32h7xx_hal_tim.o)
                0x000000000800ffd0                HAL_TIM_OC_DelayElapsedCallback
 .text.HAL_TIM_IC_CaptureCallback
                0x000000000800ffd4        0x4 ../../libdaisy/build/libdaisy.a(stm32h7xx_hal_tim.o)
                0x000000000800ffd4                HAL_TIM_IC_CaptureCallback
 .text.HAL_TIM_PWM_PulseFinishedCallback
                0x000000000800ffd8        0x4 ../../libdaisy/build/libdaisy.a(stm32h7xx_hal_tim.o)
                0x000000000800ffd8                HAL_TIM_PWM_PulseFinishedCallback
 .text.HAL_TIM_TriggerCallback
                0x000000000800ffdc        0x4 ../../libdaisy/build/libdaisy.a(stm32h7xx_hal_tim.o)
                0x000000000800ffdc                HAL_TIM_TriggerCallback
 .text.HAL_TIM_IRQHandler
                0x000000000800ffe0      0x170 ../../libdaisy/build/libdaisy.a(stm32h7xx_hal_tim.o)
                0x000000000800ffe0                HAL_TIM_IRQHandler
 .text.HAL_TIMEx_MasterConfigSynchronization
                0x0000000008010150       0x60 ../../libdaisy/build/libdaisy.a(stm32h7xx_hal_tim_ex.o)
                0x0000000008010150                HAL_TIMEx_MasterConfigSynchronization
 .text.HAL_TIMEx_CommutCallback
                0x00000000080101b0        0x4 ../../libdaisy/build/libdaisy.a(stm32h7xx_hal_tim_ex.o)
                0x00000000080101b0                HAL_TIMEx_CommutCallback
 .text.HAL_TIMEx_BreakCallback
                0x00000000080101b4        0x4 ../../libdaisy/build/libdaisy.a(stm32h7xx_hal_tim_ex.o)
                0x00000000080101b4                HAL_TIMEx_BreakCallback
 .text.HAL_TIMEx_Break2Callback
                0x00000000080101b8        0x4 ../../libdaisy/build/libdaisy.a(stm32h7xx_hal_tim_ex.o)
                0x00000000080101b8                HAL_TIMEx_Break2Callback
 .text.HAL_UART_TxCpltCallback
                0x00000000080101bc        0x4 ../../libdaisy/build/libdaisy.a(stm32h7xx_hal_uart.o)
                0x00000000080101bc                HAL_UART_TxCpltCallback
 .text.HAL_UART_IRQHandler
                0x00000000080101c0      0x1cc ../../libdaisy/build/libdaisy.a(stm32h7xx_hal_uart.o)
                0x00000000080101c0                HAL_UART_IRQHandler
 .text.UART_DMAAbortOnError
                0x000000000801038c       0x14 ../../libdaisy/build/libdaisy.a(stm32h7xx_hal_uart.o)
 .text.UART_SetConfig
                0x00000000080103a0     0x14dc ../../libdaisy/build/libdaisy.a(stm32h7xx_hal_uart.o)
                0x00000000080103a0                UART_SetConfig
 .text.UART_AdvFeatureConfig
                0x000000000801187c       0xb0 ../../libdaisy/build/libdaisy.a(stm32h7xx_hal_uart.o)
                0x000000000801187c                UART_AdvFeatureConfig
 .text.UART_CheckIdleState
                0x000000000801192c       0x84 ../../libdaisy/build/libdaisy.a(stm32h7xx_hal_uart.o)
                0x000000000801192c                UART_CheckIdleState
 .text.HAL_UART_Init
                0x00000000080119b0       0x68 ../../libdaisy/build/libdaisy.a(stm32h7xx_hal_uart.o)
                0x00000000080119b0                HAL_UART_Init
 .text.HAL_UARTEx_WakeupCallback
                0x0000000008011a18        0x4 ../../libdaisy/build/libdaisy.a(stm32h7xx_hal_uart_ex.o)
                0x0000000008011a18                HAL_UARTEx_WakeupCallback
 .text.HAL_UARTEx_RxFifoFullCallback
                0x0000000008011a1c        0x4 ../../libdaisy/build/libdaisy.a(stm32h7xx_hal_uart_ex.o)
                0x0000000008011a1c                HAL_UARTEx_RxFifoFullCallback
 .text.HAL_UARTEx_TxFifoEmptyCallback
                0x0000000008011a20        0x4 ../../libdaisy/build/libdaisy.a(stm32h7xx_hal_uart_ex.o)
                0x0000000008011a20                HAL_UARTEx_TxFifoEmptyCallback
 .text.HAL_UARTEx_DisableFifoMode
                0x0000000008011a24       0x3c ../../libdaisy/build/libdaisy.a(stm32h7xx_hal_uart_ex.o)
                0x0000000008011a24                HAL_UARTEx_DisableFifoMode
 .text.HAL_UARTEx_SetTxFifoThreshold
                0x0000000008011a60       0xac ../../libdaisy/build/libdaisy.a(stm32h7xx_hal_uart_ex.o)
                0x0000000008011a60                HAL_UARTEx_SetTxFifoThreshold
 .text.HAL_UARTEx_SetRxFifoThreshold
                0x0000000008011b0c       0xac ../../libdaisy/build/libdaisy.a(stm32h7xx_hal_uart_ex.o)
                0x0000000008011b0c                HAL_UARTEx_SetRxFifoThreshold
 .text.FMC_SDRAM_Init
                0x0000000008011bb8       0x78 ../../libdaisy/build/libdaisy.a(stm32h7xx_ll_fmc.o)
                0x0000000008011bb8                FMC_SDRAM_Init
 .text.FMC_SDRAM_Timing_Init
                0x0000000008011c30       0x98 ../../libdaisy/build/libdaisy.a(stm32h7xx_ll_fmc.o)
                0x0000000008011c30                FMC_SDRAM_Timing_Init
 .text.FMC_SDRAM_SendCommand
                0x0000000008011cc8       0x24 ../../libdaisy/build/libdaisy.a(stm32h7xx_ll_fmc.o)
                0x0000000008011cc8                FMC_SDRAM_SendCommand
 .text.FMC_SDRAM_ProgramRefreshRate
                0x0000000008011cec       0x1c ../../libdaisy/build/libdaisy.a(stm32h7xx_ll_fmc.o)
                0x0000000008011cec                FMC_SDRAM_ProgramRefreshRate
 .text.HAL_TIM_Base_MspInit
                0x0000000008011d08       0xcc ../../libdaisy/build/libdaisy.a(tim.o)
                0x0000000008011d08                HAL_TIM_Base_MspInit
 .text._ZN5daisy11TimerHandle4InitERKNS0_6ConfigE
                0x0000000008011dd4       0xd0 ../../libdaisy/build/libdaisy.a(tim.o)
                0x0000000008011dd4                daisy::TimerHandle::Init(daisy::TimerHandle::Config const&)
 .text._ZN5daisy11TimerHandle5StartEv
                0x0000000008011ea4       0x14 ../../libdaisy/build/libdaisy.a(tim.o)
                0x0000000008011ea4                daisy::TimerHandle::Start()
 .text._ZN5daisy11TimerHandle9DelayTickEm
                0x0000000008011eb8       0x10 ../../libdaisy/build/libdaisy.a(tim.o)
                0x0000000008011eb8                daisy::TimerHandle::DelayTick(unsigned long)
 .text.dsy_dma_init
                0x0000000008011ec8       0xd0 ../../libdaisy/build/libdaisy.a(dma.o)
                0x0000000008011ec8                dsy_dma_init
 .text.HAL_MDMA_Abort_IT
                0x0000000008011f98       0x2c ../../libdaisy/build/libdaisy.a(stm32h7xx_hal_mdma.o)
                0x0000000008011f98                HAL_MDMA_Abort_IT
 .text._ZN7daisysp8ReverbSc17NextRandomLinesegEPNS_10ReverbScDlEi
                0x0000000008011fc4       0xfc ../../DaisySP/build/libdaisysp.a(reverbsc.o)
                0x0000000008011fc4                daisysp::ReverbSc::NextRandomLineseg(daisysp::ReverbScDl*, int)
 .text._ZN7daisysp8ReverbSc4InitEf
                0x00000000080120c0      0x178 ../../DaisySP/build/libdaisysp.a(reverbsc.o)
                0x00000000080120c0                daisysp::ReverbSc::Init(float)
 .text._ZN7daisysp8ReverbSc7ProcessERKfS2_PfS3_
                0x0000000008012238      0x2ec ../../DaisySP/build/libdaisysp.a(reverbsc.o)
                0x0000000008012238                daisysp::ReverbSc::Process(float const&, float const&, float*, float*)
 .text._ZN7daisysp10Oscillator7ProcessEv
                0x0000000008012524      0x3c4 ../../DaisySP/build/libdaisysp.a(oscillator.o)
                0x0000000008012524                daisysp::Oscillator::Process()
 .text._ZN7daisysp10Oscillator12CalcPhaseIncEf
                0x00000000080128e8       0x18 ../../DaisySP/build/libdaisysp.a(oscillator.o)
                0x00000000080128e8                daisysp::Oscillator::CalcPhaseInc(float)
 .text.__aeabi_atexit
                0x0000000008012900        0xa /usr/lib/gcc/arm-none-eabi/9.2.1/../../../arm-none-eabi/lib/thumb/v7e-m+dp/hard/libstdc++_nano.a(atexit_arm.o)
                0x0000000008012900                __aeabi_atexit
 .text._ZNK10__cxxabiv117__class_type_info11__do_upcastEPKS0_PPv
                0x000000000801290a       0x34 /usr/lib/gcc/arm-none-eabi/9.2.1/../../../arm-none-eabi/lib/thumb/v7e-m+dp/hard/libstdc++_nano.a(class_type_info.o)
                0x000000000801290a                __cxxabiv1::__class_type_info::__do_upcast(__cxxabiv1::__class_type_info const*, void**) const
 .text._ZNK10__cxxabiv117__class_type_info20__do_find_public_srcEiPKvPKS0_S2_
                0x000000000801293e        0xc /usr/lib/gcc/arm-none-eabi/9.2.1/../../../arm-none-eabi/lib/thumb/v7e-m+dp/hard/libstdc++_nano.a(class_type_info.o)
                0x000000000801293e                __cxxabiv1::__class_type_info::__do_find_public_src(int, void const*, __cxxabiv1::__class_type_info const*, void const*) const
 *fill*         0x000000000801294a        0x2 
 .text._ZN10__cxxabiv117__class_type_infoD2Ev
                0x000000000801294c       0x14 /usr/lib/gcc/arm-none-eabi/9.2.1/../../../arm-none-eabi/lib/thumb/v7e-m+dp/hard/libstdc++_nano.a(class_type_info.o)
                0x000000000801294c                __cxxabiv1::__class_type_info::~__class_type_info()
                0x000000000801294c                __cxxabiv1::__class_type_info::~__class_type_info()
 .text._ZN10__cxxabiv117__class_type_infoD0Ev
                0x0000000008012960       0x14 /usr/lib/gcc/arm-none-eabi/9.2.1/../../../arm-none-eabi/lib/thumb/v7e-m+dp/hard/libstdc++_nano.a(class_type_info.o)
                0x0000000008012960                __cxxabiv1::__class_type_info::~__class_type_info()
 .text._ZNK10__cxxabiv117__class_type_info12__do_dyncastEiNS0_10__sub_kindEPKS0_PKvS3_S5_RNS0_16__dyncast_resultE
                0x0000000008012974       0x3e /usr/lib/gcc/arm-none-eabi/9.2.1/../../../arm-none-eabi/lib/thumb/v7e-m+dp/hard/libstdc++_nano.a(class_type_info.o)
                0x0000000008012974                __cxxabiv1::__class_type_info::__do_dyncast(int, __cxxabiv1::__class_type_info::__sub_kind, __cxxabiv1::__class_type_info const*, void const*, __cxxabiv1::__class_type_info const*, void const*, __cxxabiv1::__class_type_info::__dyncast_result&) const
 .text._ZNK10__cxxabiv117__class_type_info11__do_upcastEPKS0_PKvRNS0_15__upcast_resultE
                0x00000000080129b2       0x18 /usr/lib/gcc/arm-none-eabi/9.2.1/../../../arm-none-eabi/lib/thumb/v7e-m+dp/hard/libstdc++_nano.a(class_type_info.o)
                0x00000000080129b2                __cxxabiv1::__class_type_info::__do_upcast(__cxxabiv1::__class_type_info const*, void const*, __cxxabiv1::__class_type_info::__upcast_result&) const
 .text._ZNK10__cxxabiv117__class_type_info10__do_catchEPKSt9type_infoPPvj
                0x00000000080129ca       0x2a /usr/lib/gcc/arm-none-eabi/9.2.1/../../../arm-none-eabi/lib/thumb/v7e-m+dp/hard/libstdc++_nano.a(class_type_info.o)
                0x00000000080129ca                __cxxabiv1::__class_type_info::__do_catch(std::type_info const*, void**, unsigned int) const
 .text._ZdlPvj  0x00000000080129f4        0x4 /usr/lib/gcc/arm-none-eabi/9.2.1/../../../arm-none-eabi/lib/thumb/v7e-m+dp/hard/libstdc++_nano.a(del_ops.o)
                0x00000000080129f4                operator delete(void*, unsigned int)
 .text._ZN10__cxxabiv120__si_class_type_infoD2Ev
                0x00000000080129f8       0x14 /usr/lib/gcc/arm-none-eabi/9.2.1/../../../arm-none-eabi/lib/thumb/v7e-m+dp/hard/libstdc++_nano.a(si_class_type_info.o)
                0x00000000080129f8                __cxxabiv1::__si_class_type_info::~__si_class_type_info()
                0x00000000080129f8                __cxxabiv1::__si_class_type_info::~__si_class_type_info()
 .text._ZN10__cxxabiv120__si_class_type_infoD0Ev
                0x0000000008012a0c       0x14 /usr/lib/gcc/arm-none-eabi/9.2.1/../../../arm-none-eabi/lib/thumb/v7e-m+dp/hard/libstdc++_nano.a(si_class_type_info.o)
                0x0000000008012a0c                __cxxabiv1::__si_class_type_info::~__si_class_type_info()
 .text._ZNK10__cxxabiv120__si_class_type_info20__do_find_public_srcEiPKvPKNS_17__class_type_infoES2_
                0x0000000008012a20       0x38 /usr/lib/gcc/arm-none-eabi/9.2.1/../../../arm-none-eabi/lib/thumb/v7e-m+dp/hard/libstdc++_nano.a(si_class_type_info.o)
                0x0000000008012a20                __cxxabiv1::__si_class_type_info::__do_find_public_src(int, void const*, __cxxabiv1::__class_type_info const*, void const*) const
 .text._ZNK10__cxxabiv120__si_class_type_info12__do_dyncastEiNS_17__class_type_info10__sub_kindEPKS1_PKvS4_S6_RNS1_16__dyncast_resultE
                0x0000000008012a58       0x74 /usr/lib/gcc/arm-none-eabi/9.2.1/../../../arm-none-eabi/lib/thumb/v7e-m+dp/hard/libstdc++_nano.a(si_class_type_info.o)
                0x0000000008012a58                __cxxabiv1::__si_class_type_info::__do_dyncast(int, __cxxabiv1::__class_type_info::__sub_kind, __cxxabiv1::__class_type_info const*, void const*, __cxxabiv1::__class_type_info const*, void const*, __cxxabiv1::__class_type_info::__dyncast_result&) const
 .text._ZNK10__cxxabiv120__si_class_type_info11__do_upcastEPKNS_17__class_type_infoEPKvRNS1_15__upcast_resultE
                0x0000000008012acc       0x2a /usr/lib/gcc/arm-none-eabi/9.2.1/../../../arm-none-eabi/lib/thumb/v7e-m+dp/hard/libstdc++_nano.a(si_class_type_info.o)
                0x0000000008012acc                __cxxabiv1::__si_class_type_info::__do_upcast(__cxxabiv1::__class_type_info const*, void const*, __cxxabiv1::__class_type_info::__upcast_result&) const
 .text._ZNSt9type_infoD2Ev
                0x0000000008012af6        0x2 /usr/lib/gcc/arm-none-eabi/9.2.1/../../../arm-none-eabi/lib/thumb/v7e-m+dp/hard/libstdc++_nano.a(tinfo.o)
                0x0000000008012af6                std::type_info::~type_info()
                0x0000000008012af6                std::type_info::~type_info()
 .text._ZNKSt9type_info14__is_pointer_pEv
                0x0000000008012af8        0x4 /usr/lib/gcc/arm-none-eabi/9.2.1/../../../arm-none-eabi/lib/thumb/v7e-m+dp/hard/libstdc++_nano.a(tinfo.o)
                0x0000000008012af8                std::type_info::__is_function_p() const
                0x0000000008012af8                std::type_info::__is_pointer_p() const
 .text._ZNKSt9type_infoeqERKS_
                0x0000000008012afc       0x2c /usr/lib/gcc/arm-none-eabi/9.2.1/../../../arm-none-eabi/lib/thumb/v7e-m+dp/hard/libstdc++_nano.a(tinfo.o)
                0x0000000008012afc                std::type_info::operator==(std::type_info const&) const
 .text._ZdlPv   0x0000000008012b28        0x4 /usr/lib/gcc/arm-none-eabi/9.2.1/../../../arm-none-eabi/lib/thumb/v7e-m+dp/hard/libstdc++_nano.a(del_op.o)
                0x0000000008012b28                operator delete(void*)
 *(.rodata)
 .rodata        0x0000000008012b2c      0x25a build/KeyboardTest.o
 *fill*         0x0000000008012d86        0x2 
 .rodata        0x0000000008012d88       0x20 ../../libdaisy/build/libdaisy.a(daisy_field.o)
 .rodata        0x0000000008012da8       0x10 ../../libdaisy/build/libdaisy.a(i2c.o)
 .rodata        0x0000000008012db8       0x18 ../../libdaisy/build/libdaisy.a(spi.o)
 .rodata        0x0000000008012dd0       0x36 ../../libdaisy/build/libdaisy.a(uart.o)
 *fill*         0x0000000008012e06        0x2 
 .rodata        0x0000000008012e08        0x8 ../../libdaisy/build/libdaisy.a(stm32h7xx_hal_uart_ex.o)
 .rodata        0x0000000008012e10       0x10 ../../libdaisy/build/libdaisy.a(tim.o)
 .rodata        0x0000000008012e20      0x128 /usr/lib/gcc/arm-none-eabi/9.2.1/../../../arm-none-eabi/lib/thumb/v7e-m+dp/hard/libm.a(lib_a-sf_pow_log2_data.o)
                0x0000000008012e20                __powf_log2_data
 .rodata        0x0000000008012f48      0x140 /usr/lib/gcc/arm-none-eabi/9.2.1/../../../arm-none-eabi/lib/thumb/v7e-m+dp/hard/libm.a(lib_a-sincosf_data.o)
                0x0000000008012f48                __inv_pio4
                0x0000000008012fa8                __sincosf_table
 .rodata        0x0000000008013088        0x8 /usr/lib/gcc/arm-none-eabi/9.2.1/../../../arm-none-eabi/lib/thumb/v7e-m+dp/hard/libm.a(lib_a-ef_fmod.o)
 .rodata        0x0000000008013090      0x148 /usr/lib/gcc/arm-none-eabi/9.2.1/../../../arm-none-eabi/lib/thumb/v7e-m+dp/hard/libm.a(lib_a-sf_exp2_data.o)
                0x0000000008013090                __exp2f_data
 .rodata        0x00000000080131d8        0x4 /usr/lib/gcc/arm-none-eabi/9.2.1/../../../arm-none-eabi/lib/thumb/v7e-m+dp/hard/libc_nano.a(lib_a-on_exit_args.o)
                0x00000000080131d8                __on_exit_args
 *(.rodata*)
 .rodata._ZTSN5daisy21OneBitGraphicsDisplayE
                0x00000000080131dc       0x20 build/KeyboardTest.o
                0x00000000080131dc                typeinfo name for daisy::OneBitGraphicsDisplay
 .rodata._ZTIN5daisy21OneBitGraphicsDisplayE
                0x00000000080131fc        0x8 build/KeyboardTest.o
                0x00000000080131fc                typeinfo for daisy::OneBitGraphicsDisplay
 .rodata._ZTSN5daisy25OneBitGraphicsDisplayImplINS_11OledDisplayINS_13SSD130xDriverILj128ELj64ENS_24SSD130x4WireSpiTransportEEEEEEE
                0x0000000008013204       0x77 build/KeyboardTest.o
                0x0000000008013204                typeinfo name for daisy::OneBitGraphicsDisplayImpl<daisy::OledDisplay<daisy::SSD130xDriver<128u, 64u, daisy::SSD130x4WireSpiTransport> > >
 *fill*         0x000000000801327b        0x1 
 .rodata._ZTIN5daisy25OneBitGraphicsDisplayImplINS_11OledDisplayINS_13SSD130xDriverILj128ELj64ENS_24SSD130x4WireSpiTransportEEEEEEE
                0x000000000801327c        0xc build/KeyboardTest.o