Archive member included to satisfy reference by file (symbol)

../../libdaisy/build/libdaisy.a(daisy_patch.o)
                              build/FilterBank.o (daisy::DaisyPatch::StartAudio(void (*)(float const* const*, float**, unsigned int)))
../../libdaisy/build/libdaisy.a(daisy_seed.o)
                              ../../libdaisy/build/libdaisy.a(daisy_patch.o) (daisy::DaisySeed::Configure())
../../libdaisy/build/libdaisy.a(codec_ak4556.o)
                              ../../libdaisy/build/libdaisy.a(daisy_patch.o) (daisy::Ak4556::Init(dsy_gpio_pin))
../../libdaisy/build/libdaisy.a(sdram.o)
                              ../../libdaisy/build/libdaisy.a(daisy_seed.o) (dsy_sdram_init)
../../libdaisy/build/libdaisy.a(audio.o)
                              ../../libdaisy/build/libdaisy.a(daisy_seed.o) (daisy::AudioHandle::Init(daisy::AudioHandle::Config const&, daisy::SaiHandle))
../../libdaisy/build/libdaisy.a(ctrl.o)
                              ../../libdaisy/build/libdaisy.a(daisy_patch.o) (daisy::AnalogControl::Init(unsigned short*, float, bool, bool, float))
../../libdaisy/build/libdaisy.a(encoder.o)
                              ../../libdaisy/build/libdaisy.a(daisy_patch.o) (daisy::Encoder::Init(dsy_gpio_pin, dsy_gpio_pin, dsy_gpio_pin, float))
../../libdaisy/build/libdaisy.a(gatein.o)
                              ../../libdaisy/build/libdaisy.a(daisy_patch.o) (daisy::GateIn::Init(dsy_gpio_pin*))
../../libdaisy/build/libdaisy.a(switch.o)
                              ../../libdaisy/build/libdaisy.a(encoder.o) (daisy::Switch::Init(dsy_gpio_pin, float))
../../libdaisy/build/libdaisy.a(adc.o)
                              ../../libdaisy/build/libdaisy.a(daisy_patch.o) (daisy::AdcChannelConfig::InitSingle(dsy_gpio_pin))
../../libdaisy/build/libdaisy.a(dac.o)
                              ../../libdaisy/build/libdaisy.a(daisy_patch.o) (daisy::DacHandle::Init(daisy::DacHandle::Config const&))
../../libdaisy/build/libdaisy.a(gpio.o)
                              ../../libdaisy/build/libdaisy.a(daisy_patch.o) (dsy_gpio_init)
../../libdaisy/build/libdaisy.a(qspi.o)
                              ../../libdaisy/build/libdaisy.a(daisy_seed.o) (dsy_qspi_init)
../../libdaisy/build/libdaisy.a(sai.o)
                              ../../libdaisy/build/libdaisy.a(daisy_patch.o) (daisy::SaiHandle::Init(daisy::SaiHandle::Config const&))
../../libdaisy/build/libdaisy.a(spi.o)
                              ../../libdaisy/build/libdaisy.a(daisy_patch.o) (daisy::SpiHandle::Init(daisy::SpiHandle::Config const&))
../../libdaisy/build/libdaisy.a(uart.o)
                              ../../libdaisy/build/libdaisy.a(daisy_patch.o) (daisy::UartHandler::Init(daisy::UartHandler::Config const&))
../../libdaisy/build/libdaisy.a(system.o)
                              ../../libdaisy/build/libdaisy.a(daisy_patch.o) (daisy::System::GetNow())
../../libdaisy/build/libdaisy.a(system_stm32h7xx.o)
                              build/startup_stm32h750xx.o (SystemInit)
../../libdaisy/build/libdaisy.a(hal_map.o)
                              ../../libdaisy/build/libdaisy.a(sdram.o) (dsy_hal_map_get_port)
../../libdaisy/build/libdaisy.a(oled_fonts.o)
                              build/FilterBank.o (Font_7x10)
../../libdaisy/build/libdaisy.a(stm32h7xx_hal.o)
                              ../../libdaisy/build/libdaisy.a(system.o) (HAL_Init)
../../libdaisy/build/libdaisy.a(stm32h7xx_hal_adc.o)
                              ../../libdaisy/build/libdaisy.a(adc.o) (HAL_ADC_ConfigChannel)
../../libdaisy/build/libdaisy.a(stm32h7xx_hal_adc_ex.o)
                              ../../libdaisy/build/libdaisy.a(adc.o) (HAL_ADCEx_Calibration_Start)
../../libdaisy/build/libdaisy.a(stm32h7xx_hal_cortex.o)
                              ../../libdaisy/build/libdaisy.a(stm32h7xx_hal.o) (HAL_NVIC_SetPriorityGrouping)
../../libdaisy/build/libdaisy.a(stm32h7xx_hal_dac.o)
                              ../../libdaisy/build/libdaisy.a(dac.o) (HAL_DAC_Init)
../../libdaisy/build/libdaisy.a(stm32h7xx_hal_dac_ex.o)
                              ../../libdaisy/build/libdaisy.a(stm32h7xx_hal_dac.o) (HAL_DACEx_DMAUnderrunCallbackCh2)
../../libdaisy/build/libdaisy.a(stm32h7xx_hal_dma.o)
                              ../../libdaisy/build/libdaisy.a(adc.o) (HAL_DMA_Init)
../../libdaisy/build/libdaisy.a(stm32h7xx_hal_gpio.o)
                              ../../libdaisy/build/libdaisy.a(sdram.o) (HAL_GPIO_Init)
../../libdaisy/build/libdaisy.a(stm32h7xx_hal_pwr_ex.o)
                              ../../libdaisy/build/libdaisy.a(system.o) (HAL_PWREx_ConfigSupply)
../../libdaisy/build/libdaisy.a(stm32h7xx_hal_qspi.o)
                              ../../libdaisy/build/libdaisy.a(qspi.o) (HAL_QSPI_Init)
../../libdaisy/build/libdaisy.a(stm32h7xx_hal_rcc.o)
                              ../../libdaisy/build/libdaisy.a(system.o) (HAL_RCC_OscConfig)
../../libdaisy/build/libdaisy.a(stm32h7xx_hal_rcc_ex.o)
[...]
Memory Configuration

Name             Origin             Length             Attributes
FLASH            0x0000000008000000 0x0000000000020000 xr
DTCMRAM          0x0000000020000000 0x0000000000020000 xrw
SRAM             0x0000000024000000 0x0000000000080000 xrw
RAM_D2           0x0000000030000000 0x0000000000048000 xrw
RAM_D3           0x0000000038000000 0x0000000000010000 xrw
ITCMRAM          0x0000000000000000 0x0000000000010000 xrw
SDRAM            0x00000000c0000000 0x0000000004000000 xrw
QSPIFLASH        0x0000000090000000 0x0000000000800000 xr
*default*        0x0000000000000000 0xffffffffffffffff

Linker script and memory map

LOAD /usr/lib/gcc/arm-none-eabi/9.2.1/thumb/v7e-m+dp/hard/crti.o
LOAD /usr/lib/gcc/arm-none-eabi/9.2.1/thumb/v7e-m+dp/hard/crtbegin.o
LOAD /usr/lib/gcc/arm-none-eabi/9.2.1/../../../arm-none-eabi/lib/thumb/v7e-m+dp/hard/crt0.o
LOAD build/startup_stm32h750xx.o
LOAD build/FilterBank.o
LOAD ../../libdaisy/build/libdaisy.a
LOAD /usr/lib/gcc/arm-none-eabi/9.2.1/../../../arm-none-eabi/lib/thumb/v7e-m+dp/hard/libnosys.a
LOAD ../../DaisySP/build/libdaisysp.a
LOAD /usr/lib/gcc/arm-none-eabi/9.2.1/../../../arm-none-eabi/lib/thumb/v7e-m+dp/hard/libstdc++_nano.a
LOAD /usr/lib/gcc/arm-none-eabi/9.2.1/../../../arm-none-eabi/lib/thumb/v7e-m+dp/hard/libm.a
LOAD /usr/lib/gcc/arm-none-eabi/9.2.1/../../../arm-none-eabi/lib/thumb/v7e-m+dp/hard/libc_nano.a
START GROUP
LOAD /usr/lib/gcc/arm-none-eabi/9.2.1/thumb/v7e-m+dp/hard/libgcc.a
LOAD /usr/lib/gcc/arm-none-eabi/9.2.1/../../../arm-none-eabi/lib/thumb/v7e-m+dp/hard/libc_nano.a
END GROUP
START GROUP
LOAD /usr/lib/gcc/arm-none-eabi/9.2.1/thumb/v7e-m+dp/hard/libgcc.a
LOAD /usr/lib/gcc/arm-none-eabi/9.2.1/../../../arm-none-eabi/lib/thumb/v7e-m+dp/hard/libc_nano.a
LOAD /usr/lib/gcc/arm-none-eabi/9.2.1/../../../arm-none-eabi/lib/thumb/v7e-m+dp/hard/libnosys.a
END GROUP
START GROUP
LOAD /usr/lib/gcc/arm-none-eabi/9.2.1/thumb/v7e-m+dp/hard/libgcc.a
LOAD /usr/lib/gcc/arm-none-eabi/9.2.1/../../../arm-none-eabi/lib/thumb/v7e-m+dp/hard/libc_nano.a
LOAD /usr/lib/gcc/arm-none-eabi/9.2.1/../../../arm-none-eabi/lib/thumb/v7e-m+dp/hard/libnosys.a
END GROUP
LOAD /usr/lib/gcc/arm-none-eabi/9.2.1/thumb/v7e-m+dp/hard/crtend.o
LOAD /usr/lib/gcc/arm-none-eabi/9.2.1/thumb/v7e-m+dp/hard/crtn.o
                0x0000000020020000                _estack = 0x20020000

.isr_vector     0x0000000008000000      0x298
                0x0000000008000000                . = ALIGN (0x4)
 *(.isr_vector)
 .isr_vector    0x0000000008000000      0x298 build/startup_stm32h750xx.o
                0x0000000008000000                g_pfnVectors
                0x0000000008000298                . = ALIGN (0x4)

.text           0x00000000080002a0    0x11ea8
                0x00000000080002a0                . = ALIGN (0x4)
                0x00000000080002a0                _stext = .
 *(.text)
 .text          0x00000000080002a0       0x88 /usr/lib/gcc/arm-none-eabi/9.2.1/thumb/v7e-m+dp/hard/crtbegin.o
 .text          0x0000000008000328      0x1fc /usr/lib/gcc/arm-none-eabi/9.2.1/../../../arm-none-eabi/lib/thumb/v7e-m+dp/hard/libm.a(lib_a-cosf.o)
                0x0000000008000328                cosf
 .text          0x0000000008000524       0x98 /usr/lib/gcc/arm-none-eabi/9.2.1/../../../arm-none-eabi/lib/thumb/v7e-m+dp/hard/libm.a(lib_a-math_errf.o)
                0x000000000800055c                __math_uflowf
                0x0000000008000568                __math_may_uflowf
                0x0000000008000574                __math_oflowf
                0x0000000008000580                __math_divzerof
                0x00000000080005a0                __math_invalidf
 *fill*         0x00000000080005bc        0x4 
 .text          0x00000000080005c0      0x34c /usr/lib/gcc/arm-none-eabi/9.2.1/../../../arm-none-eabi/lib/thumb/v7e-m+dp/hard/libm.a(lib_a-sf_pow.o)
                0x00000000080005c0                powf
 *fill*         0x000000000800090c        0x4 
 .text          0x0000000008000910      0x214 /usr/lib/gcc/arm-none-eabi/9.2.1/../../../arm-none-eabi/lib/thumb/v7e-m+dp/hard/libm.a(lib_a-sinf.o)
                0x0000000008000910                sinf
 .text          0x0000000008000b24       0x10 /usr/lib/gcc/arm-none-eabi/9.2.1/../../../arm-none-eabi/lib/thumb/v7e-m+dp/hard/libc_nano.a(lib_a-abort.o)
                0x0000000008000b24                abort
 .text          0x0000000008000b34       0x1c /usr/lib/gcc/arm-none-eabi/9.2.1/../../../arm-none-eabi/lib/thumb/v7e-m+dp/hard/libc_nano.a(lib_a-cxa_atexit.o)
                0x0000000008000b34                __cxa_atexit
 .text          0x0000000008000b50        0xc /usr/lib/gcc/arm-none-eabi/9.2.1/../../../arm-none-eabi/lib/thumb/v7e-m+dp/hard/libc_nano.a(lib_a-errno.o)
                0x0000000008000b50                __errno
 .text          0x0000000008000b5c       0x48 /usr/lib/gcc/arm-none-eabi/9.2.1/../../../arm-none-eabi/lib/thumb/v7e-m+dp/hard/libc_nano.a(lib_a-init.o)
                0x0000000008000b5c                __libc_init_array
 .text          0x0000000008000ba4       0x20 /usr/lib/gcc/arm-none-eabi/9.2.1/../../../arm-none-eabi/lib/thumb/v7e-m+dp/hard/libc_nano.a(lib_a-malloc.o)
                0x0000000008000ba4                malloc
                0x0000000008000bb4                free
 *fill*         0x0000000008000bc4        0xc 
 .text          0x0000000008000bd0       0xa0 /usr/lib/gcc/arm-none-eabi/9.2.1/../../../arm-none-eabi/lib/thumb/v7e-m+dp/hard/libc_nano.a(lib_a-memchr.o)
                0x0000000008000bd0                memchr
 .text          0x0000000008000c70      0x134 /usr/lib/gcc/arm-none-eabi/9.2.1/../../../arm-none-eabi/lib/thumb/v7e-m+dp/hard/libc_nano.a(lib_a-memcpy.o)
                0x0000000008000c70                memcpy
 .text          0x0000000008000da4       0xd0 /usr/lib/gcc/arm-none-eabi/9.2.1/../../../arm-none-eabi/lib/thumb/v7e-m+dp/hard/libc_nano.a(lib_a-memmove.o)
                0x0000000008000da4                memmove
 .text          0x0000000008000e74       0xa0 /usr/lib/gcc/arm-none-eabi/9.2.1/../../../arm-none-eabi/lib/thumb/v7e-m+dp/hard/libc_nano.a(lib_a-memset.o)
                0x0000000008000e74                memset
 .text          0x0000000008000f14       0xac /usr/lib/gcc/arm-none-eabi/9.2.1/../../../arm-none-eabi/lib/thumb/v7e-m+dp/hard/libc_nano.a(lib_a-nano-freer.o)
                0x0000000008000f14                _free_r
 .text          0x0000000008000fc0       0xc8 /usr/lib/gcc/arm-none-eabi/9.2.1/../../../arm-none-eabi/lib/thumb/v7e-m+dp/hard/libc_nano.a(lib_a-nano-mallocr.o)
                0x0000000008000fc0                _malloc_r
 .text          0x0000000008001088       0x24 /usr/lib/gcc/arm-none-eabi/9.2.1/../../../arm-none-eabi/lib/thumb/v7e-m+dp/hard/libc_nano.a(lib_a-sbrkr.o)
                0x0000000008001088                _sbrk_r
 .text          0x00000000080010ac      0x150 /usr/lib/gcc/arm-none-eabi/9.2.1/../../../arm-none-eabi/lib/thumb/v7e-m+dp/hard/libc_nano.a(lib_a-signal.o)
                0x00000000080010d4                _init_signal_r
                0x00000000080010e0                _signal_r
                0x0000000008001114                _raise_r
                0x0000000008001168                __sigtramp_r
                0x00000000080011b8                raise
                0x00000000080011c8                signal
                0x00000000080011d8                _init_signal
                0x00000000080011ec                __sigtramp
 .text          0x00000000080011fc       0x2c /usr/lib/gcc/arm-none-eabi/9.2.1/../../../arm-none-eabi/lib/thumb/v7e-m+dp/hard/libc_nano.a(lib_a-signalr.o)
                0x00000000080011fc                _kill_r
                0x0000000008001224                _getpid_r
 *fill*         0x0000000008001228       0x18 
 .text          0x0000000008001240      0x2dc /usr/lib/gcc/arm-none-eabi/9.2.1/../../../arm-none-eabi/lib/thumb/v7e-m+dp/hard/libc_nano.a(lib_a-strcmp.o)
                0x0000000008001248                strcmp
 .text          0x000000000800151c       0x88 /usr/lib/gcc/arm-none-eabi/9.2.1/../../../arm-none-eabi/lib/thumb/v7e-m+dp/hard/libc_nano.a(lib_a-vsnprintf.o)
                0x000000000800151c                _vsnprintf_r
                0x000000000800151c                _vsniprintf_r
                0x0000000008001588                vsnprintf
                0x0000000008001588                vsniprintf
 .text          0x00000000080015a4       0xa0 /usr/lib/gcc/arm-none-eabi/9.2.1/../../../arm-none-eabi/lib/thumb/v7e-m+dp/hard/libc_nano.a(lib_a-__atexit.o)
                0x00000000080015a4                __register_exitproc
 .text          0x0000000008001644        0x8 /usr/lib/gcc/arm-none-eabi/9.2.1/../../../arm-none-eabi/lib/thumb/v7e-m+dp/hard/libc_nano.a(lib_a-mlock.o)
                0x0000000008001644                __malloc_lock
                0x0000000008001648                __malloc_unlock
 .text          0x000000000800164c      0x42c /usr/lib/gcc/arm-none-eabi/9.2.1/../../../arm-none-eabi/lib/thumb/v7e-m+dp/hard/libc_nano.a(lib_a-nano-svfprintf.o)
                0x000000000800164c                __ssputs_r
                0x000000000800170c                __ssprint_r
                0x0000000008001804                _svfprintf_r
                0x0000000008001804                _svfiprintf_r
 .text          0x0000000008001a78      0x3c4 /usr/lib/gcc/arm-none-eabi/9.2.1/../../../arm-none-eabi/lib/thumb/v7e-m+dp/hard/libc_nano.a(lib_a-nano-vfprintf_i.o)
                0x0000000008001a78                _printf_common
                0x0000000008001ba4                _printf_i
 .text          0x0000000008001e3c       0x4c /usr/lib/gcc/arm-none-eabi/9.2.1/../../../arm-none-eabi/lib/thumb/v7e-m+dp/hard/libc_nano.a(lib_a-nano-reallocr.o)
                0x0000000008001e3c                _realloc_r
 .text          0x0000000008001e88       0x10 /usr/lib/gcc/arm-none-eabi/9.2.1/../../../arm-none-eabi/lib/thumb/v7e-m+dp/hard/libc_nano.a(lib_a-nano-msizer.o)
                0x0000000008001e88                _malloc_usable_size_r
 .text          0x0000000008001e98      0x378 /usr/lib/gcc/arm-none-eabi/9.2.1/thumb/v7e-m+dp/hard/libgcc.a(_arm_addsubdf3.o)
                0x0000000008001e98                __aeabi_drsub
                0x0000000008001ea0                __aeabi_dsub
                0x0000000008001ea0                __subdf3
                0x0000000008001ea4                __adddf3
                0x0000000008001ea4                __aeabi_dadd
                0x000000000800211c                __aeabi_ui2d
                0x000000000800211c                __floatunsidf
                0x000000000800213c                __floatsidf
                0x000000000800213c                __aeabi_i2d
                0x0000000008002160                __extendsfdf2
                0x0000000008002160                __aeabi_f2d
                0x00000000080021a4                __aeabi_ul2d
                0x00000000080021a4                __floatundidf
                0x00000000080021b4                __floatdidf
                0x00000000080021b4                __aeabi_l2d
 .text          0x0000000008002210       0x30 /usr/lib/gcc/arm-none-eabi/9.2.1/thumb/v7e-m+dp/hard/libgcc.a(_aeabi_uldivmod.o)
                0x0000000008002210                __aeabi_uldivmod
 .text          0x0000000008002240      0x2c4 /usr/lib/gcc/arm-none-eabi/9.2.1/thumb/v7e-m+dp/hard/libgcc.a(_udivmoddi4.o)
                0x0000000008002240                __udivmoddi4
 .text          0x0000000008002504        0x4 /usr/lib/gcc/arm-none-eabi/9.2.1/thumb/v7e-m+dp/hard/libgcc.a(_dvmd_tls.o)
                0x0000000008002504                __aeabi_ldiv0
                0x0000000008002504                __aeabi_idiv0
 .text          0x0000000008002508       0x10 /usr/lib/gcc/arm-none-eabi/9.2.1/../../../arm-none-eabi/lib/thumb/v7e-m+dp/hard/libnosys.a(getpid.o)
                0x0000000008002508                _getpid
 .text          0x0000000008002518       0x10 /usr/lib/gcc/arm-none-eabi/9.2.1/../../../arm-none-eabi/lib/thumb/v7e-m+dp/hard/libnosys.a(kill.o)
                0x0000000008002518                _kill
 .text          0x0000000008002528       0x1c /usr/lib/gcc/arm-none-eabi/9.2.1/../../../arm-none-eabi/lib/thumb/v7e-m+dp/hard/libnosys.a(sbrk.o)
                0x0000000008002528                _sbrk
 .text          0x0000000008002544        0x4 /usr/lib/gcc/arm-none-eabi/9.2.1/../../../arm-none-eabi/lib/thumb/v7e-m+dp/hard/libnosys.a(_exit.o)
                0x0000000008002544                _exit
 *(.text*)
 .text.Default_Handler
                0x0000000008002548        0x4 build/startup_stm32h750xx.o
                0x0000000008002548                RTC_Alarm_IRQHandler
                0x0000000008002548                HASH_RNG_IRQHandler
                0x0000000008002548                EXTI2_IRQHandler
                0x0000000008002548                TIM8_CC_IRQHandler
                0x0000000008002548                HRTIM1_Master_IRQHandler
                0x0000000008002548                DebugMon_Handler
                0x0000000008002548                SPI4_IRQHandler
                0x0000000008002548                TIM1_CC_IRQHandler
                0x0000000008002548                BDMA_Channel6_IRQHandler
                0x0000000008002548                DMA2_Stream5_IRQHandler
                0x0000000008002548                HRTIM1_FLT_IRQHandler
                0x0000000008002548                JPEG_IRQHandler
                0x0000000008002548                BDMA_Channel1_IRQHandler
                0x0000000008002548                HRTIM1_TIMD_IRQHandler
                0x0000000008002548                TAMP_STAMP_IRQHandler
                0x0000000008002548                PendSV_Handler
                0x0000000008002548                NMI_Handler
                0x0000000008002548                EXTI3_IRQHandler
                0x0000000008002548                LPTIM4_IRQHandler
                0x0000000008002548                TIM8_TRG_COM_TIM14_IRQHandler
                0x0000000008002548                LPTIM2_IRQHandler
                0x0000000008002548                DFSDM1_FLT1_IRQHandler
                0x0000000008002548                DMAMUX2_OVR_IRQHandler
                0x0000000008002548                TIM8_UP_TIM13_IRQHandler
                0x0000000008002548                I2C3_ER_IRQHandler
                0x0000000008002548                DFSDM1_FLT2_IRQHandler
                0x0000000008002548                MDMA_IRQHandler
                0x0000000008002548                LPTIM3_IRQHandler
                0x0000000008002548                HSEM1_IRQHandler
                0x0000000008002548                EXTI0_IRQHandler
                0x0000000008002548                FPU_IRQHandler
                0x0000000008002548                OTG_HS_WKUP_IRQHandler
                0x0000000008002548                FDCAN1_IT1_IRQHandler
                0x0000000008002548                UsageFault_Handler
                0x0000000008002548                LTDC_ER_IRQHandler
                0x0000000008002548                DMA2_Stream2_IRQHandler
                0x0000000008002548                HRTIM1_TIME_IRQHandler
                0x0000000008002548                SPI1_IRQHandler
                0x0000000008002548                DCMI_IRQHandler
                0x0000000008002548                HRTIM1_TIMC_IRQHandler
                0x0000000008002548                DMA2_Stream3_IRQHandler
                0x0000000008002548                SAI2_IRQHandler
                0x0000000008002548                DFSDM1_FLT3_IRQHandler
                0x0000000008002548                TIM17_IRQHandler
                0x0000000008002548                CRYP_IRQHandler
                0x0000000008002548                BDMA_Channel7_IRQHandler
                0x0000000008002548                LPTIM5_IRQHandler
                0x0000000008002548                ADC3_IRQHandler
                0x0000000008002548                TIM4_IRQHandler
                0x0000000008002548                BDMA_Channel2_IRQHandler
                0x0000000008002548                DMAMUX1_OVR_IRQHandler
                0x0000000008002548                TIM16_IRQHandler
                0x0000000008002548                BDMA_Channel5_IRQHandler
                0x0000000008002548                TIM3_IRQHandler
                0x0000000008002548                RCC_IRQHandler
                0x0000000008002548                TIM8_BRK_TIM12_IRQHandler
                0x0000000008002548                TIM1_TRG_COM_IRQHandler
                0x0000000008002548                Default_Handler
                0x0000000008002548                ECC_IRQHandler
                0x0000000008002548                CEC_IRQHandler
                0x0000000008002548                EXTI15_10_IRQHandler
                0x0000000008002548                BDMA_Channel0_IRQHandler
                0x0000000008002548                ADC_IRQHandler
                0x0000000008002548                DMA1_Stream7_IRQHandler
                0x0000000008002548                HRTIM1_TIMA_IRQHandler
                0x0000000008002548                SPI5_IRQHandler
                0x0000000008002548                TIM7_IRQHandler
                0x0000000008002548                SDMMC1_IRQHandler
                0x0000000008002548                TIM5_IRQHandler
                0x0000000008002548                DMA2_Stream7_IRQHandler
                0x0000000008002548                TIM15_IRQHandler
                0x0000000008002548                PVD_AVD_IRQHandler
                0x0000000008002548                EXTI9_5_IRQHandler
                0x0000000008002548                RTC_WKUP_IRQHandler
                0x0000000008002548                LTDC_IRQHandler
                0x0000000008002548                SAI3_IRQHandler
                0x0000000008002548                ETH_WKUP_IRQHandler
                0x0000000008002548                SPDIF_RX_IRQHandler
                0x0000000008002548                SPI2_IRQHandler
                0x0000000008002548                OTG_HS_EP1_IN_IRQHandler
                0x0000000008002548                MemManage_Handler
                0x0000000008002548                SVC_Handler
                0x0000000008002548                CRS_IRQHandler
                0x0000000008002548                EXTI4_IRQHandler
                0x0000000008002548                HRTIM1_TIMB_IRQHandler
                0x0000000008002548                FDCAN2_IT1_IRQHandler
                0x0000000008002548                ETH_IRQHandler
                0x0000000008002548                TIM1_UP_IRQHandler
                0x0000000008002548                BDMA_Channel4_IRQHandler
                0x0000000008002548                OTG_HS_EP1_OUT_IRQHandler
                0x0000000008002548                WWDG_IRQHandler
                0x0000000008002548                SPI6_IRQHandler
                0x0000000008002548                I2C4_EV_IRQHandler
                0x0000000008002548                MDIOS_IRQHandler
                0x0000000008002548                FDCAN2_IT0_IRQHandler
                0x0000000008002548                FDCAN1_IT0_IRQHandler
                0x0000000008002548                TIM2_IRQHandler
                0x0000000008002548                OTG_FS_WKUP_IRQHandler
                0x0000000008002548                OTG_HS_IRQHandler
                0x0000000008002548                DMA2D_IRQHandler
                0x0000000008002548                TIM1_BRK_IRQHandler
                0x0000000008002548                EXTI1_IRQHandler
                0x0000000008002548                SDMMC2_IRQHandler
                0x0000000008002548                OTG_FS_EP1_OUT_IRQHandler
                0x0000000008002548                BDMA_Channel3_IRQHandler
                0x0000000008002548                MDIOS_WKUP_IRQHandler
                0x0000000008002548                DFSDM1_FLT0_IRQHandler
                0x0000000008002548                SAI4_IRQHandler
                0x0000000008002548                I2C2_ER_IRQHandler
                0x0000000008002548                FLASH_IRQHandler
                0x0000000008002548                DMA2_Stream4_IRQHandler
                0x0000000008002548                BusFault_Handler
                0x0000000008002548                OTG_FS_IRQHandler
                0x0000000008002548                SPI3_IRQHandler
                0x0000000008002548                WAKEUP_PIN_IRQHandler
                0x0000000008002548                OTG_FS_EP1_IN_IRQHandler
                0x0000000008002548                I2C1_ER_IRQHandler
                0x0000000008002548                FMC_IRQHandler
                0x0000000008002548                FDCAN_CAL_IRQHandler
                0x0000000008002548                SWPMI1_IRQHandler
                0x0000000008002548                COMP1_IRQHandler
                0x0000000008002548                LPTIM1_IRQHandler
                0x0000000008002548                I2C4_ER_IRQHandler
                0x0000000008002548                DMA2_Stream6_IRQHandler
                0x0000000008002548                SAI1_IRQHandler
 .text.Reset_Handler
                0x000000000800254c       0x4c build/startup_stm32h750xx.o
                0x000000000800254c                Reset_Handler
 .text._ZN5daisy10DaisyPatchD2Ev
                0x0000000008002598        0x4 build/FilterBank.o
                0x0000000008002598                daisy::DaisyPatch::~DaisyPatch()
                0x0000000008002598                daisy::DaisyPatch::~DaisyPatch()
 .text._ZN5daisy11OledDisplayINS_13SSD130xDriverILj128ELj64ENS_24SSD130x4WireSpiTransportEEEED2Ev
                0x000000000800259c        0x4 build/FilterBank.o
                0x000000000800259c                daisy::OledDisplay<daisy::SSD130xDriver<128u, 64u, daisy::SSD130x4WireSpiTransport> >::~OledDisplay()
                0x000000000800259c                daisy::OledDisplay<daisy::SSD130xDriver<128u, 64u, daisy::SSD130x4WireSpiTransport> >::~OledDisplay()
 .text._ZN5daisy11OledDisplayINS_13SSD130xDriverILj128ELj64ENS_24SSD130x4WireSpiTransportEEEE4FillEb
                0x00000000080025a0       0x18 build/FilterBank.o
                0x00000000080025a0                daisy::OledDisplay<daisy::SSD130xDriver<128u, 64u, daisy::SSD130x4WireSpiTransport> >::Fill(bool)
 .text.__tcf_0  0x00000000080025b8        0x4 build/FilterBank.o
 .text._ZNK5daisy11OledDisplayINS_13SSD130xDriverILj128ELj64ENS_24SSD130x4WireSpiTransportEEEE6HeightEv
                0x00000000080025bc        0x4 build/FilterBank.o
                0x00000000080025bc                daisy::OledDisplay<daisy::SSD130xDriver<128u, 64u, daisy::SSD130x4WireSpiTransport> >::Height() const
 .text._ZNK5daisy11OledDisplayINS_13SSD130xDriverILj128ELj64ENS_24SSD130x4WireSpiTransportEEEE5WidthEv
                0x00000000080025c0        0x4 build/FilterBank.o
                0x00000000080025c0                daisy::OledDisplay<daisy::SSD130xDriver<128u, 64u, daisy::SSD130x4WireSpiTransport> >::Width() const
 *fill*         0x00000000080025c4        0x4 
 .text._ZL13AudioCallbackPKPKfPPfj
                0x00000000080025c8       0x9c build/FilterBank.o
 .text._ZN5daisy11OledDisplayINS_13SSD130xDriverILj128ELj64ENS_24SSD130x4WireSpiTransportEEEED0Ev
                0x0000000008002664       0x10 build/FilterBank.o
                0x0000000008002664                daisy::OledDisplay<daisy::SSD130xDriver<128u, 64u, daisy::SSD130x4WireSpiTransport> >::~OledDisplay()
 .text._ZN5daisy11OledDisplayINS_13SSD130xDriverILj128ELj64ENS_24SSD130x4WireSpiTransportEEEE6UpdateEv
                0x0000000008002674       0x8c build/FilterBank.o
                0x0000000008002674                daisy::OledDisplay<daisy::SSD130xDriver<128u, 64u, daisy::SSD130x4WireSpiTransport> >::Update()
 .text._ZN5daisy25OneBitGraphicsDisplayImplINS_11OledDisplayINS_13SSD130xDriverILj128ELj64ENS_24SSD130x4WireSpiTransportEEEEEE9WriteCharEc7FontDefb
                0x0000000008002700      0x19c build/FilterBank.o
                0x0000000008002700                daisy::OneBitGraphicsDisplayImpl<daisy::OledDisplay<daisy::SSD130xDriver<128u, 64u, daisy::SSD130x4WireSpiTransport> > >::WriteChar(char, FontDef, bool)
 .text._ZN5daisy11OledDisplayINS_13SSD130xDriverILj128ELj64ENS_24SSD130x4WireSpiTransportEEEE9DrawPixelEjjb
                0x000000000800289c       0x4c build/FilterBank.o
                0x000000000800289c                daisy::OledDisplay<daisy::SSD130xDriver<128u, 64u, daisy::SSD130x4WireSpiTransport> >::DrawPixel(unsigned int, unsigned int, bool)
 .text._ZN5daisy25OneBitGraphicsDisplayImplINS_11OledDisplayINS_13SSD130xDriverILj128ELj64ENS_24SSD130x4WireSpiTransportEEEEEE11WriteStringEPKc7FontDefb
                0x00000000080028e8      0x1e0 build/FilterBank.o
                0x00000000080028e8                daisy::OneBitGraphicsDisplayImpl<daisy::OledDisplay<daisy::SSD130xDriver<128u, 64u, daisy::SSD130x4WireSpiTransport> > >::WriteString(char const*, FontDef, bool)
 .text._ZN5daisy25OneBitGraphicsDisplayImplINS_11OledDisplayINS_13SSD130xDriverILj128ELj64ENS_24SSD130x4WireSpiTransportEEEEEE8DrawLineEjjjjb
                0x0000000008002ac8       0xfc build/FilterBank.o
                0x0000000008002ac8                daisy::OneBitGraphicsDisplayImpl<daisy::OledDisplay<daisy::SSD130xDriver<128u, 64u, daisy::SSD130x4WireSpiTransport> > >::DrawLine(unsigned int, unsigned int, unsigned int, unsigned int, bool)
 *fill*         0x0000000008002bc4        0x4 
 .text._ZN5daisy25OneBitGraphicsDisplayImplINS_11OledDisplayINS_13SSD130xDriverILj128ELj64ENS_24SSD130x4WireSpiTransportEEEEEE7DrawArcEjjjiib
                0x0000000008002bc8      0x418 build/FilterBank.o
                0x0000000008002bc8                daisy::OneBitGraphicsDisplayImpl<daisy::OledDisplay<daisy::SSD130xDriver<128u, 64u, daisy::SSD130x4WireSpiTransport> > >::DrawArc(unsigned int, unsigned int, unsigned int, int, int, bool)
 .text._ZN5daisy25OneBitGraphicsDisplayImplINS_11OledDisplayINS_13SSD130xDriverILj128ELj64ENS_24SSD130x4WireSpiTransportEEEEEE18WriteStringAlignedEPKcRK7FontDefNS_9RectangleENS_9AlignmentEb
                0x0000000008002fe0      0x3f4 build/FilterBank.o
                0x0000000008002fe0                daisy::OneBitGraphicsDisplayImpl<daisy::OledDisplay<daisy::SSD130xDriver<128u, 64u, daisy::SSD130x4WireSpiTransport> > >::WriteStringAligned(char const*, FontDef const&, daisy::Rectangle, daisy::Alignment, bool)
 .text._ZN5daisy25OneBitGraphicsDisplayImplINS_11OledDisplayINS_13SSD130xDriverILj128ELj64ENS_24SSD130x4WireSpiTransportEEEEEE8DrawRectEjjjjbb
                0x00000000080033d4      0x41c build/FilterBank.o
                0x00000000080033d4                daisy::OneBitGraphicsDisplayImpl<daisy::OledDisplay<daisy::SSD130xDriver<128u, 64u, daisy::SSD130x4WireSpiTransport> > >::DrawRect(unsigned int, unsigned int, unsigned int, unsigned int, bool, bool)
 .text._Z9InitFreqsv
                0x00000000080037f0       0x64 build/FilterBank.o
                0x00000000080037f0                InitFreqs()
 *fill*         0x0000000008003854        0x4 
 .text._Z14UpdateControlsv
                0x0000000008003858       0xa4 build/FilterBank.o
                0x0000000008003858                UpdateControls()
 .text._ZN9__gnu_cxx12__to_xstringINSt7__cxx1112basic_stringIcSt11char_traitsIcESaIcEEEcEET_PFiPT0_jPKS8_St9__va_listEjSB_z
                0x00000000080038fc       0x7c build/FilterBank.o
                0x00000000080038fc                std::__cxx11::basic_string<char, std::char_traits<char>, std::allocator<char> > __gnu_cxx::__to_xstring<std::__cxx11::basic_string<char, std::char_traits<char>, std::allocator<char> >, char>(int (*)(char*, unsigned int, char const*, std::__va_list), unsigned int, char const*, ...)
 .text._Z10UpdateOledv
                0x0000000008003978      0x510 build/FilterBank.o
                0x0000000008003978                UpdateOled()
 .text.startup.main
                0x0000000008003e88       0x9c build/FilterBank.o
                0x0000000008003e88                main
 .text.startup._GLOBAL__sub_I_patch
                0x0000000008003f24       0x88 build/FilterBank.o
 .text._ZN5daisy10DaisyPatch10StartAudioEPFvPKPKfPPfjE
                0x0000000008003fac        0x4 ../../libdaisy/build/libdaisy.a(daisy_patch.o)
                0x0000000008003fac                daisy::DaisyPatch::StartAudio(void (*)(float const* const*, float**, unsigned int))
 .text._ZN5daisy10DaisyPatch15AudioSampleRateEv
                0x0000000008003fb0        0x4 ../../libdaisy/build/libdaisy.a(daisy_patch.o)
                0x0000000008003fb0                daisy::DaisyPatch::AudioSampleRate()
 .text._ZN5daisy10DaisyPatch8StartAdcEv
                0x0000000008003fb4        0x8 ../../libdaisy/build/libdaisy.a(daisy_patch.o)
                0x0000000008003fb4                daisy::DaisyPatch::StartAdc()
 .text._ZN5daisy10DaisyPatch21ProcessAnalogControlsEv
                0x0000000008003fbc       0x28 ../../libdaisy/build/libdaisy.a(daisy_patch.o)
                0x0000000008003fbc                daisy::DaisyPatch::ProcessAnalogControls()
 .text._ZN5daisy10DaisyPatch22ProcessDigitalControlsEv
                0x0000000008003fe4        0x8 ../../libdaisy/build/libdaisy.a(daisy_patch.o)
                0x0000000008003fe4                daisy::DaisyPatch::ProcessDigitalControls()
 .text._ZN5daisy10DaisyPatch9InitAudioEv
                0x0000000008003fec       0xd8 ../../libdaisy/build/libdaisy.a(daisy_patch.o)
                0x0000000008003fec                daisy::DaisyPatch::InitAudio()
 .text._ZN5daisy10DaisyPatch12InitControlsEv
                0x00000000080040c4       0xb0 ../../libdaisy/build/libdaisy.a(daisy_patch.o)
                0x00000000080040c4                daisy::DaisyPatch::InitControls()
 *fill*         0x0000000008004174        0x4 
 .text._ZN5daisy10DaisyPatch11InitDisplayEv
                0x0000000008004178      0x300 ../../libdaisy/build/libdaisy.a(daisy_patch.o)
                0x0000000008004178                daisy::DaisyPatch::InitDisplay()
 .text._ZN5daisy10DaisyPatch4InitEb
                0x0000000008004478      0x13c ../../libdaisy/build/libdaisy.a(daisy_patch.o)
                0x0000000008004478                daisy::DaisyPatch::Init(bool)
 .text._ZN5daisy9DaisySeed9ConfigureEv
                0x00000000080045b4       0x40 ../../libdaisy/build/libdaisy.a(daisy_seed.o)
                0x00000000080045b4                daisy::DaisySeed::Configure()
 .text._ZN5daisy9DaisySeed6GetPinEh
                0x00000000080045f4       0x2c ../../libdaisy/build/libdaisy.a(daisy_seed.o)
                0x00000000080045f4                daisy::DaisySeed::GetPin(unsigned char)
 .text._ZN5daisy9DaisySeed10StartAudioEPFvPKPKfPPfjE
                0x0000000008004620        0x8 ../../libdaisy/build/libdaisy.a(daisy_seed.o)
                0x0000000008004620                daisy::DaisySeed::StartAudio(void (*)(float const* const*, float**, unsigned int))
 .text._ZN5daisy9DaisySeed15AudioSampleRateEv
                0x0000000008004628        0x8 ../../libdaisy/build/libdaisy.a(daisy_seed.o)
                0x0000000008004628                daisy::DaisySeed::AudioSampleRate()
 .text._ZNK5daisy9DaisySeed17AudioCallbackRateEv
                0x0000000008004630        0x8 ../../libdaisy/build/libdaisy.a(daisy_seed.o)
                0x0000000008004630                daisy::DaisySeed::AudioCallbackRate() const
 .text._ZN5daisy9DaisySeed14ConfigureAudioEv
                0x0000000008004638       0x70 ../../libdaisy/build/libdaisy.a(daisy_seed.o)
                0x0000000008004638                daisy::DaisySeed::ConfigureAudio()
 .text._ZN5daisy9DaisySeed4InitEb
                0x00000000080046a8       0x7c ../../libdaisy/build/libdaisy.a(daisy_seed.o)
                0x00000000080046a8                daisy::DaisySeed::Init(bool)
 .text._ZN5daisy6Ak45564InitE12dsy_gpio_pin
                0x0000000008004724       0x44 ../../libdaisy/build/libdaisy.a(codec_ak4556.o)
                0x0000000008004724                daisy::Ak4556::Init(dsy_gpio_pin)
 .text.dsy_sdram_init
                0x0000000008004768      0x120 ../../libdaisy/build/libdaisy.a(sdram.o)
                0x0000000008004768                dsy_sdram_init
 .text.HAL_SDRAM_MspInit
                0x0000000008004888      0x1cc ../../libdaisy/build/libdaisy.a(sdram.o)
                0x0000000008004888                HAL_SDRAM_MspInit
 .text._ZN5daisy11AudioHandle4Impl16InternalCallbackEPlS2_j
                0x0000000008004a54      0xc14 ../../libdaisy/build/libdaisy.a(audio.o)
                0x0000000008004a54                daisy::AudioHandle::Impl::InternalCallback(long*, long*, unsigned int)
 .text._ZN5daisy11AudioHandle4InitERKNS0_6ConfigENS_9SaiHandleE
                0x0000000008005668       0x68 ../../libdaisy/build/libdaisy.a(audio.o)
                0x0000000008005668                daisy::AudioHandle::Init(daisy::AudioHandle::Config const&, daisy::SaiHandle)
 .text._ZN5daisy11AudioHandle4InitERKNS0_6ConfigENS_9SaiHandleES4_
                0x00000000080056d0       0x80 ../../libdaisy/build/libdaisy.a(audio.o)
                0x00000000080056d0                daisy::AudioHandle::Init(daisy::AudioHandle::Config const&, daisy::SaiHandle, daisy::SaiHandle)
 .text._ZNK5daisy11AudioHandle9GetConfigEv
                0x0000000008005750        0x8 ../../libdaisy/build/libdaisy.a(audio.o)
                0x0000000008005750                daisy::AudioHandle::GetConfig() const
 .text._ZN5daisy11AudioHandle13GetSampleRateEv
                0x0000000008005758        0x8 ../../libdaisy/build/libdaisy.a(audio.o)
                0x0000000008005758                daisy::AudioHandle::GetSampleRate()
 .text._ZN5daisy11AudioHandle5StartEPFvPKPKfPPfjE
                0x0000000008005760       0x44 ../../libdaisy/build/libdaisy.a(audio.o)
                0x0000000008005760                daisy::AudioHandle::Start(void (*)(float const* const*, float**, unsigned int))
 .text.startup._GLOBAL__sub_I__ZN5daisy11AudioHandle4Impl4InitENS0_6ConfigENS_9SaiHandleE
                0x00000000080057a4       0x10 ../../libdaisy/build/libdaisy.a(audio.o)
 .text._ZN5daisy13AnalogControl4InitEPtfbbf
                0x00000000080057b4       0x3c ../../libdaisy/build/libdaisy.a(ctrl.o)
                0x00000000080057b4                daisy::AnalogControl::Init(unsigned short*, float, bool, bool, float)
 .text._ZN5daisy13AnalogControl7ProcessEv
                0x00000000080057f0       0x48 ../../libdaisy/build/libdaisy.a(ctrl.o)
                0x00000000080057f0                daisy::AnalogControl::Process()
 .text._ZN5daisy7Encoder4InitE12dsy_gpio_pinS1_S1_f
                0x0000000008005838       0x4c ../../libdaisy/build/libdaisy.a(encoder.o)
                0x0000000008005838                daisy::Encoder::Init(dsy_gpio_pin, dsy_gpio_pin, dsy_gpio_pin, float)
 .text._ZN5daisy7Encoder8DebounceEv
                0x0000000008005884       0x60 ../../libdaisy/build/libdaisy.a(encoder.o)
                0x0000000008005884                daisy::Encoder::Debounce()
 .text._ZN5daisy6GateIn4InitEP12dsy_gpio_pin
                0x00000000080058e4       0x10 ../../libdaisy/build/libdaisy.a(gatein.o)
                0x00000000080058e4                daisy::GateIn::Init(dsy_gpio_pin*)
 .text._ZN5daisy6Switch4InitE12dsy_gpio_pinf
                0x00000000080058f4       0x38 ../../libdaisy/build/libdaisy.a(switch.o)
                0x00000000080058f4                daisy::Switch::Init(dsy_gpio_pin, float)
 .text._ZN5daisy6Switch8DebounceEv
                0x000000000800592c       0x4c ../../libdaisy/build/libdaisy.a(switch.o)
                0x000000000800592c                daisy::Switch::Debounce()
 .text._ZN5daisy16AdcChannelConfig10InitSingleE12dsy_gpio_pin
                0x0000000008005978       0x1c ../../libdaisy/build/libdaisy.a(adc.o)
                0x0000000008005978                daisy::AdcChannelConfig::InitSingle(dsy_gpio_pin)
 .text._ZN5daisy9AdcHandle4InitEPNS_16AdcChannelConfigEjNS0_12OverSamplingE
                0x0000000008005994      0x744 ../../libdaisy/build/libdaisy.a(adc.o)
                0x0000000008005994                daisy::AdcHandle::Init(daisy::AdcChannelConfig*, unsigned int, daisy::AdcHandle::OverSampling)
 .text._ZN5daisy9AdcHandle5StartEv
                0x00000000080060d8       0x2c ../../libdaisy/build/libdaisy.a(adc.o)
                0x00000000080060d8                daisy::AdcHandle::Start()
 .text._ZNK5daisy9AdcHandle6GetPtrEh
                0x0000000008006104       0x14 ../../libdaisy/build/libdaisy.a(adc.o)
                0x0000000008006104                daisy::AdcHandle::GetPtr(unsigned char) const
 .text.HAL_ADC_MspInit
                0x0000000008006118       0x9c ../../libdaisy/build/libdaisy.a(adc.o)
                0x0000000008006118                HAL_ADC_MspInit
 .text.DMA1_Stream2_IRQHandler
                0x00000000080061b4        0xc ../../libdaisy/build/libdaisy.a(adc.o)
                0x00000000080061b4                DMA1_Stream2_IRQHandler
 .text.HAL_ADC_ConvCpltCallback
                0x00000000080061c0      0x14c ../../libdaisy/build/libdaisy.a(adc.o)
                0x00000000080061c0                HAL_ADC_ConvCpltCallback
 .text.HAL_ADC_ErrorCallback
                0x000000000800630c        0x4 ../../libdaisy/build/libdaisy.a(adc.o)
                0x000000000800630c                HAL_ADC_ErrorCallback
 .text.HAL_DAC_MspInit
                0x0000000008006310      0x160 ../../libdaisy/build/libdaisy.a(dac.o)
                0x0000000008006310                HAL_DAC_MspInit
 .text.DMA2_Stream0_IRQHandler
                0x0000000008006470        0xc ../../libdaisy/build/libdaisy.a(dac.o)
                0x0000000008006470                DMA2_Stream0_IRQHandler
 .text.DMA2_Stream1_IRQHandler
                0x000000000800647c        0xc ../../libdaisy/build/libdaisy.a(dac.o)
                0x000000000800647c                DMA2_Stream1_IRQHandler
 .text.TIM6_DAC_IRQHandler
                0x0000000008006488       0x1c ../../libdaisy/build/libdaisy.a(dac.o)
                0x0000000008006488                TIM6_DAC_IRQHandler
 .text._ZN5daisy9DacHandle4InitERKNS0_6ConfigE
                0x00000000080064a4       0xf8 ../../libdaisy/build/libdaisy.a(dac.o)
                0x00000000080064a4                daisy::DacHandle::Init(daisy::DacHandle::Config const&)
 .text._ZN5daisy9DacHandle10WriteValueENS0_7ChannelEt
                0x000000000800659c       0x70 ../../libdaisy/build/libdaisy.a(dac.o)
                0x000000000800659c                daisy::DacHandle::WriteValue(daisy::DacHandle::Channel, unsigned short)
 .text.dsy_gpio_init
                0x000000000800660c      0x1b8 ../../libdaisy/build/libdaisy.a(gpio.o)
                0x000000000800660c                dsy_gpio_init
 .text.dsy_gpio_read
                0x00000000080067c4       0x1c ../../libdaisy/build/libdaisy.a(gpio.o)
                0x00000000080067c4                dsy_gpio_read
 .text.dsy_gpio_write
                0x00000000080067e0       0x24 ../../libdaisy/build/libdaisy.a(gpio.o)
                0x00000000080067e0                dsy_gpio_write
 .text.dsy_qspi_init
                0x0000000008006804      0x390 ../../libdaisy/build/libdaisy.a(qspi.o)
                0x0000000008006804                dsy_qspi_init
 .text.HAL_QSPI_MspInit
                0x0000000008006b94      0x10c ../../libdaisy/build/libdaisy.a(qspi.o)
                0x0000000008006b94                HAL_QSPI_MspInit
 .text.HAL_QSPI_MspDeInit
                0x0000000008006ca0       0x58 ../../libdaisy/build/libdaisy.a(qspi.o)
                0x0000000008006ca0                HAL_QSPI_MspDeInit
 .text.QUADSPI_IRQHandler
                0x0000000008006cf8        0xc ../../libdaisy/build/libdaisy.a(qspi.o)
                0x0000000008006cf8                QUADSPI_IRQHandler
 .text._ZN5daisy9SaiHandle4Impl7InitDmaENS1_15PeripheralBlockE
                0x0000000008006d04       0xa0 ../../libdaisy/build/libdaisy.a(sai.o)
                0x0000000008006d04                daisy::SaiHandle::Impl::InitDma(daisy::SaiHandle::Impl::PeripheralBlock)
 .text._ZN5daisy9SaiHandle4Impl8InitPinsEv
                0x0000000008006da4       0xa8 ../../libdaisy/build/libdaisy.a(sai.o)
                0x0000000008006da4                daisy::SaiHandle::Impl::InitPins()
 .text.HAL_SAI_MspInit
                0x0000000008006e4c      0x164 ../../libdaisy/build/libdaisy.a(sai.o)
                0x0000000008006e4c                HAL_SAI_MspInit
 .text.DMA1_Stream0_IRQHandler
                0x0000000008006fb0        0xc ../../libdaisy/build/libdaisy.a(sai.o)
                0x0000000008006fb0                DMA1_Stream0_IRQHandler
 .text.DMA1_Stream1_IRQHandler
                0x0000000008006fbc        0xc ../../libdaisy/build/libdaisy.a(sai.o)
                0x0000000008006fbc                DMA1_Stream1_IRQHandler
 .text.DMA1_Stream3_IRQHandler
                0x0000000008006fc8        0xc ../../libdaisy/build/libdaisy.a(sai.o)
                0x0000000008006fc8                DMA1_Stream3_IRQHandler
 .text.DMA1_Stream4_IRQHandler
                0x0000000008006fd4        0xc ../../libdaisy/build/libdaisy.a(sai.o)
                0x0000000008006fd4                DMA1_Stream4_IRQHandler
 .text.HAL_SAI_RxHalfCpltCallback
                0x0000000008006fe0       0x78 ../../libdaisy/build/libdaisy.a(sai.o)
                0x0000000008006fe0                HAL_SAI_RxHalfCpltCallback
 .text.HAL_SAI_RxCpltCallback
                0x0000000008007058       0x70 ../../libdaisy/build/libdaisy.a(sai.o)
                0x0000000008007058                HAL_SAI_RxCpltCallback
 .text._ZN5daisy9SaiHandle4InitERKNS0_6ConfigE
                0x00000000080070c8      0x1e0 ../../libdaisy/build/libdaisy.a(sai.o)
                0x00000000080070c8                daisy::SaiHandle::Init(daisy::SaiHandle::Config const&)
 .text._ZNK5daisy9SaiHandle9GetConfigEv
                0x00000000080072a8        0x4 ../../libdaisy/build/libdaisy.a(sai.o)
                0x00000000080072a8                daisy::SaiHandle::GetConfig() const
 .text._ZN5daisy9SaiHandle8StartDmaEPlS1_jPFvS1_S1_jE
                0x00000000080072ac       0x68 ../../libdaisy/build/libdaisy.a(sai.o)
                0x00000000080072ac                daisy::SaiHandle::StartDma(long*, long*, unsigned int, void (*)(long*, long*, unsigned int))
 .text._ZN5daisy9SaiHandle13GetSampleRateEv
                0x0000000008007314       0x24 ../../libdaisy/build/libdaisy.a(sai.o)
                0x0000000008007314                daisy::SaiHandle::GetSampleRate()
 .text._ZNK5daisy9SaiHandle9GetOffsetEv
                0x0000000008007338        0x8 ../../libdaisy/build/libdaisy.a(sai.o)
                0x0000000008007338                daisy::SaiHandle::GetOffset() const
 .text._ZN5daisy9SpiHandle4Impl8InitPinsEv
                0x0000000008007340      0x260 ../../libdaisy/build/libdaisy.a(spi.o)
                0x0000000008007340                daisy::SpiHandle::Impl::InitPins()
 .text.HAL_SPI_MspInit
                0x00000000080075a0      0x154 ../../libdaisy/build/libdaisy.a(spi.o)
                0x00000000080075a0                HAL_SPI_MspInit
 .text._ZN5daisy9SpiHandle4InitERKNS0_6ConfigE
                0x00000000080076f4      0x108 ../../libdaisy/build/libdaisy.a(spi.o)
                0x00000000080076f4                daisy::SpiHandle::Init(daisy::SpiHandle::Config const&)
 .text._ZN5daisy9SpiHandle16BlockingTransmitEPhjm
                0x00000000080077fc       0x14 ../../libdaisy/build/libdaisy.a(spi.o)
                0x00000000080077fc                daisy::SpiHandle::BlockingTransmit(unsigned char*, unsigned int, unsigned long)
 .text.startup._GLOBAL__sub_I__Z19MapInstanceToHandleP11SPI_TypeDef
                0x0000000008007810      0x168 ../../libdaisy/build/libdaisy.a(spi.o)
 .text._ZN5daisy11UartHandler4Impl8InitPinsEv
                0x0000000008007978      0x158 ../../libdaisy/build/libdaisy.a(uart.o)
                0x0000000008007978                daisy::UartHandler::Impl::InitPins()
 .text._ZN5daisy11UartHandler4Impl14UARTRxCompleteEv
                0x0000000008007ad0      0x100 ../../libdaisy/build/libdaisy.a(uart.o)
                0x0000000008007ad0                daisy::UartHandler::Impl::UARTRxComplete()
 .text.HAL_UART_ErrorCallback
                0x0000000008007bd0       0x9c ../../libdaisy/build/libdaisy.a(uart.o)
                0x0000000008007bd0                HAL_UART_ErrorCallback
 .text.HAL_UART_MspInit
                0x0000000008007c6c      0x298 ../../libdaisy/build/libdaisy.a(uart.o)
                0x0000000008007c6c                HAL_UART_MspInit
 .text.USART1_IRQHandler
                0x0000000008007f04       0xac ../../libdaisy/build/libdaisy.a(uart.o)
                0x0000000008007f04                USART1_IRQHandler
 .text.USART2_IRQHandler
                0x0000000008007fb0       0xb0 ../../libdaisy/build/libdaisy.a(uart.o)
                0x0000000008007fb0                USART2_IRQHandler
 .text.USART3_IRQHandler
                0x0000000008008060       0xb0 ../../libdaisy/build/libdaisy.a(uart.o)
                0x0000000008008060                USART3_IRQHandler
 .text.UART4_IRQHandler
                0x0000000008008110       0xb0 ../../libdaisy/build/libdaisy.a(uart.o)
                0x0000000008008110                UART4_IRQHandler
 .text.UART5_IRQHandler
                0x00000000080081c0       0xb0 ../../libdaisy/build/libdaisy.a(uart.o)
                0x00000000080081c0                UART5_IRQHandler
 .text.USART6_IRQHandler
                0x0000000008008270       0xb0 ../../libdaisy/build/libdaisy.a(uart.o)
                0x0000000008008270                USART6_IRQHandler
 .text.UART7_IRQHandler
                0x0000000008008320       0xb0 ../../libdaisy/build/libdaisy.a(uart.o)
                0x0000000008008320                UART7_IRQHandler
 .text.UART8_IRQHandler
                0x00000000080083d0       0xb0 ../../libdaisy/build/libdaisy.a(uart.o)
                0x00000000080083d0                UART8_IRQHandler
 .text.LPUART1_IRQHandler
                0x0000000008008480       0xb0 ../../libdaisy/build/libdaisy.a(uart.o)
                0x0000000008008480                LPUART1_IRQHandler
 .text.DMA1_Stream5_IRQHandler
                0x0000000008008530        0xc ../../libdaisy/build/libdaisy.a(uart.o)
                0x0000000008008530                DMA1_Stream5_IRQHandler
 .text._ZN5daisy11UartHandler4InitERKNS0_6ConfigE
                0x000000000800853c      0x10c ../../libdaisy/build/libdaisy.a(uart.o)
                0x000000000800853c                daisy::UartHandler::Init(daisy::UartHandler::Config const&)
 .text.startup._GLOBAL__sub_I__Z19MapInstanceToHandleP13USART_TypeDef
                0x0000000008008648      0x120 ../../libdaisy/build/libdaisy.a(uart.o)
 .text._ZN5daisy11TimerHandleD2Ev
                0x0000000008008768        0x4 ../../libdaisy/build/libdaisy.a(system.o)
                0x0000000008008768                daisy::TimerHandle::~TimerHandle()
                0x0000000008008768                daisy::TimerHandle::~TimerHandle()
 .text.SysTick_Handler
                0x000000000800876c       0x10 ../../libdaisy/build/libdaisy.a(system.o)
                0x000000000800876c                SysTick_Handler
 .text.HardFault_Handler
                0x000000000800877c        0x4 ../../libdaisy/build/libdaisy.a(system.o)
                0x000000000800877c                HardFault_Handler
 .text._ZN5daisy6System6GetNowEv
                0x0000000008008780        0x4 ../../libdaisy/build/libdaisy.a(system.o)
                0x0000000008008780                daisy::System::GetNow()
 .text._ZN5daisy6System5DelayEm
                0x0000000008008784        0x4 ../../libdaisy/build/libdaisy.a(system.o)
                0x0000000008008784                daisy::System::Delay(unsigned long)
 .text._ZN5daisy6System15ConfigureClocksEv
                0x0000000008008788      0x1c4 ../../libdaisy/build/libdaisy.a(system.o)
                0x0000000008008788                daisy::System::ConfigureClocks()
 .text._ZN5daisy6System4InitERKNS0_6ConfigE
                0x000000000800894c      0x114 ../../libdaisy/build/libdaisy.a(system.o)
                0x000000000800894c                daisy::System::Init(daisy::System::Config const&)
 .text._ZN5daisy6System12GetPClk2FreqEv
                0x0000000008008a60        0x4 ../../libdaisy/build/libdaisy.a(system.o)
                0x0000000008008a60                daisy::System::GetPClk2Freq()
 .text.startup._GLOBAL__sub_I_SysTick_Handler
                0x0000000008008a64       0x1c ../../libdaisy/build/libdaisy.a(system.o)
 .text.SystemInit
                0x0000000008008a80       0x80 ../../libdaisy/build/libdaisy.a(system_stm32h7xx.o)
                0x0000000008008a80                SystemInit
 .text.dsy_hal_map_get_port
                0x0000000008008b00       0x10 ../../libdaisy/build/libdaisy.a(hal_map.o)
                0x0000000008008b00                dsy_hal_map_get_port
 .text.dsy_hal_map_get_pin
                0x0000000008008b10       0x10 ../../libdaisy/build/libdaisy.a(hal_map.o)
                0x0000000008008b10                dsy_hal_map_get_pin
 .text.dsy_hal_map_gpio_clk_enable
                0x0000000008008b20      0x150 ../../libdaisy/build/libdaisy.a(hal_map.o)
                0x0000000008008b20                dsy_hal_map_gpio_clk_enable
 .text.HAL_MspInit
                0x0000000008008c70        0x4 ../../libdaisy/build/libdaisy.a(stm32h7xx_hal.o)
                0x0000000008008c70                HAL_MspInit
 .text.HAL_InitTick
                0x0000000008008c74       0x4c ../../libdaisy/build/libdaisy.a(stm32h7xx_hal.o)
                0x0000000008008c74                HAL_InitTick
 .text.HAL_Init
                0x0000000008008cc0       0x5c ../../libdaisy/build/libdaisy.a(stm32h7xx_hal.o)
                0x0000000008008cc0                HAL_Init
 .text.HAL_IncTick
                0x0000000008008d1c       0x18 ../../libdaisy/build/libdaisy.a(stm32h7xx_hal.o)
                0x0000000008008d1c                HAL_IncTick
 .text.HAL_GetTick
                0x0000000008008d34        0xc ../../libdaisy/build/libdaisy.a(stm32h7xx_hal.o)
                0x0000000008008d34                HAL_GetTick
 .text.HAL_Delay
                0x0000000008008d40       0x24 ../../libdaisy/build/libdaisy.a(stm32h7xx_hal.o)
                0x0000000008008d40                HAL_Delay
 .text.HAL_GetREVID
                0x0000000008008d64        0xc ../../libdaisy/build/libdaisy.a(stm32h7xx_hal.o)
                0x0000000008008d64                HAL_GetREVID
 .text.HAL_ADC_ConvHalfCpltCallback
                0x0000000008008d70        0x4 ../../libdaisy/build/libdaisy.a(stm32h7xx_hal_adc.o)
                0x0000000008008d70                HAL_ADC_ConvHalfCpltCallback
 .text.ADC_DMAHalfConvCplt
                0x0000000008008d74        0xc ../../libdaisy/build/libdaisy.a(stm32h7xx_hal_adc.o)
                0x0000000008008d74                ADC_DMAHalfConvCplt
 .text.ADC_DMAConvCplt
                0x0000000008008d80       0x6c ../../libdaisy/build/libdaisy.a(stm32h7xx_hal_adc.o)
                0x0000000008008d80                ADC_DMAConvCplt
 .text.ADC_DMAError
                0x0000000008008dec       0x1c ../../libdaisy/build/libdaisy.a(stm32h7xx_hal_adc.o)
                0x0000000008008dec                ADC_DMAError
 .text.HAL_ADC_ConfigChannel
                0x0000000008008e08      0x3fc ../../libdaisy/build/libdaisy.a(stm32h7xx_hal_adc.o)
                0x0000000008008e08                HAL_ADC_ConfigChannel
 .text.ADC_Enable
                0x0000000008009204       0xac ../../libdaisy/build/libdaisy.a(stm32h7xx_hal_adc.o)
                0x0000000008009204                ADC_Enable
 .text.HAL_ADC_Start_DMA
                0x00000000080092b0      0x118 ../../libdaisy/build/libdaisy.a(stm32h7xx_hal_adc.o)
                0x00000000080092b0                HAL_ADC_Start_DMA
 .text.ADC_Disable
                0x00000000080093c8       0x68 ../../libdaisy/build/libdaisy.a(stm32h7xx_hal_adc.o)
                0x00000000080093c8                ADC_Disable
 .text.ADC_ConfigureBoostMode
                0x0000000008009430      0x190 ../../libdaisy/build/libdaisy.a(stm32h7xx_hal_adc.o)
                0x0000000008009430                ADC_ConfigureBoostMode
 .text.HAL_ADC_Init
                0x00000000080095c0      0x214 ../../libdaisy/build/libdaisy.a(stm32h7xx_hal_adc.o)
                0x00000000080095c0                HAL_ADC_Init
 .text.HAL_ADCEx_Calibration_Start
                0x00000000080097d4       0xa4 ../../libdaisy/build/libdaisy.a(stm32h7xx_hal_adc_ex.o)
                0x00000000080097d4                HAL_ADCEx_Calibration_Start
 .text.HAL_ADCEx_MultiModeConfigChannel
                0x0000000008009878       0xc4 ../../libdaisy/build/libdaisy.a(stm32h7xx_hal_adc_ex.o)
                0x0000000008009878                HAL_ADCEx_MultiModeConfigChannel
 .text.HAL_NVIC_SetPriorityGrouping
                0x000000000800993c       0x28 ../../libdaisy/build/libdaisy.a(stm32h7xx_hal_cortex.o)
                0x000000000800993c                HAL_NVIC_SetPriorityGrouping
 .text.HAL_NVIC_SetPriority
                0x0000000008009964       0x74 ../../libdaisy/build/libdaisy.a(stm32h7xx_hal_cortex.o)
                0x0000000008009964                HAL_NVIC_SetPriority
 .text.HAL_NVIC_EnableIRQ
                0x00000000080099d8       0x1c ../../libdaisy/build/libdaisy.a(stm32h7xx_hal_cortex.o)
                0x00000000080099d8                HAL_NVIC_EnableIRQ
 .text.HAL_NVIC_DisableIRQ
                0x00000000080099f4       0x28 ../../libdaisy/build/libdaisy.a(stm32h7xx_hal_cortex.o)
                0x00000000080099f4                HAL_NVIC_DisableIRQ
 .text.HAL_SYSTICK_Config
                0x0000000008009a1c       0x30 ../../libdaisy/build/libdaisy.a(stm32h7xx_hal_cortex.o)
                0x0000000008009a1c                HAL_SYSTICK_Config
 .text.HAL_MPU_Disable
                0x0000000008009a4c       0x20 ../../libdaisy/build/libdaisy.a(stm32h7xx_hal_cortex.o)
                0x0000000008009a4c                HAL_MPU_Disable
 .text.HAL_MPU_Enable
                0x0000000008009a6c       0x24 ../../libdaisy/build/libdaisy.a(stm32h7xx_hal_cortex.o)
                0x0000000008009a6c                HAL_MPU_Enable
 .text.HAL_MPU_ConfigRegion
                0x0000000008009a90       0x50 ../../libdaisy/build/libdaisy.a(stm32h7xx_hal_cortex.o)
                0x0000000008009a90                HAL_MPU_ConfigRegion
 .text.HAL_SYSTICK_Callback
                0x0000000008009ae0        0x4 ../../libdaisy/build/libdaisy.a(stm32h7xx_hal_cortex.o)
                0x0000000008009ae0                HAL_SYSTICK_Callback
 .text.HAL_SYSTICK_IRQHandler
                0x0000000008009ae4        0x8 ../../libdaisy/build/libdaisy.a(stm32h7xx_hal_cortex.o)
                0x0000000008009ae4                HAL_SYSTICK_IRQHandler
 .text.HAL_DAC_Init
                0x0000000008009aec       0x2c ../../libdaisy/build/libdaisy.a(stm32h7xx_hal_dac.o)
                0x0000000008009aec                HAL_DAC_Init
 .text.HAL_DAC_Start
                0x0000000008009b18       0x58 ../../libdaisy/build/libdaisy.a(stm32h7xx_hal_dac.o)
                0x0000000008009b18                HAL_DAC_Start
 .text.HAL_DAC_SetValue
                0x0000000008009b70       0x30 ../../libdaisy/build/libdaisy.a(stm32h7xx_hal_dac.o)
                0x0000000008009b70                HAL_DAC_SetValue
 .text.HAL_DAC_DMAUnderrunCallbackCh1
                0x0000000008009ba0        0x4 ../../libdaisy/build/libdaisy.a(stm32h7xx_hal_dac.o)
                0x0000000008009ba0                HAL_DAC_DMAUnderrunCallbackCh1
 .text.HAL_DAC_IRQHandler
                0x0000000008009ba4       0x68 ../../libdaisy/build/libdaisy.a(stm32h7xx_hal_dac.o)
                0x0000000008009ba4                HAL_DAC_IRQHandler
 .text.HAL_DAC_ConfigChannel
                0x0000000008009c0c      0x140 ../../libdaisy/build/libdaisy.a(stm32h7xx_hal_dac.o)
                0x0000000008009c0c                HAL_DAC_ConfigChannel
 .text.HAL_DACEx_DMAUnderrunCallbackCh2
                0x0000000008009d4c        0x4 ../../libdaisy/build/libdaisy.a(stm32h7xx_hal_dac_ex.o)
                0x0000000008009d4c                HAL_DACEx_DMAUnderrunCallbackCh2
 .text.DMA_CalcBaseAndBitshift
                0x0000000008009d50       0xf8 ../../libdaisy/build/libdaisy.a(stm32h7xx_hal_dma.o)
 .text.DMA_CalcDMAMUXChannelBaseAndMask
                0x0000000008009e48       0xd8 ../../libdaisy/build/libdaisy.a(stm32h7xx_hal_dma.o)
 .text.HAL_DMA_Init
                0x0000000008009f20      0x394 ../../libdaisy/build/libdaisy.a(stm32h7xx_hal_dma.o)
                0x0000000008009f20                HAL_DMA_Init
 .text.HAL_DMA_Start_IT
                0x000000000800a2b4      0x250 ../../libdaisy/build/libdaisy.a(stm32h7xx_hal_dma.o)
                0x000000000800a2b4                HAL_DMA_Start_IT
 .text.HAL_DMA_Abort_IT
                0x000000000800a504      0x13c ../../libdaisy/build/libdaisy.a(stm32h7xx_hal_dma.o)
                0x000000000800a504                HAL_DMA_Abort_IT
 .text.HAL_DMA_IRQHandler
                0x000000000800a640      0x6bc ../../libdaisy/build/libdaisy.a(stm32h7xx_hal_dma.o)
                0x000000000800a640                HAL_DMA_IRQHandler
 .text.HAL_DMA_GetError
                0x000000000800acfc        0x4 ../../libdaisy/build/libdaisy.a(stm32h7xx_hal_dma.o)
                0x000000000800acfc                HAL_DMA_GetError
 .text.HAL_GPIO_Init
                0x000000000800ad00      0x248 ../../libdaisy/build/libdaisy.a(stm32h7xx_hal_gpio.o)
                0x000000000800ad00                HAL_GPIO_Init
 .text.HAL_GPIO_DeInit
                0x000000000800af48      0x19c ../../libdaisy/build/libdaisy.a(stm32h7xx_hal_gpio.o)
                0x000000000800af48                HAL_GPIO_DeInit
 .text.HAL_GPIO_ReadPin
                0x000000000800b0e4        0xc ../../libdaisy/build/libdaisy.a(stm32h7xx_hal_gpio.o)
                0x000000000800b0e4                HAL_GPIO_ReadPin
 .text.HAL_GPIO_WritePin
                0x000000000800b0f0        0x8 ../../libdaisy/build/libdaisy.a(stm32h7xx_hal_gpio.o)
                0x000000000800b0f0                HAL_GPIO_WritePin
 .text.HAL_PWREx_ConfigSupply
                0x000000000800b0f8       0x4c ../../libdaisy/build/libdaisy.a(stm32h7xx_hal_pwr_ex.o)
                0x000000000800b0f8                HAL_PWREx_ConfigSupply
 .text.HAL_PWREx_EnableUSBVoltageDetector
                0x000000000800b144       0x10 ../../libdaisy/build/libdaisy.a(stm32h7xx_hal_pwr_ex.o)
                0x000000000800b144                HAL_PWREx_EnableUSBVoltageDetector
 .text.QSPI_Config
                0x000000000800b154      0x1d4 ../../libdaisy/build/libdaisy.a(stm32h7xx_hal_qspi.o)
 .text.HAL_QSPI_Init
                0x000000000800b328       0xd8 ../../libdaisy/build/libdaisy.a(stm32h7xx_hal_qspi.o)
                0x000000000800b328                HAL_QSPI_Init
 .text.HAL_QSPI_DeInit
                0x000000000800b400       0x3c ../../libdaisy/build/libdaisy.a(stm32h7xx_hal_qspi.o)
                0x000000000800b400                HAL_QSPI_DeInit
 .text.HAL_QSPI_Command
                0x000000000800b43c       0xd4 ../../libdaisy/build/libdaisy.a(stm32h7xx_hal_qspi.o)
                0x000000000800b43c                HAL_QSPI_Command
 .text.HAL_QSPI_Transmit
                0x000000000800b510       0xfc ../../libdaisy/build/libdaisy.a(stm32h7xx_hal_qspi.o)
                0x000000000800b510                HAL_QSPI_Transmit
 .text.HAL_QSPI_Receive
                0x000000000800b60c      0x108 ../../libdaisy/build/libdaisy.a(stm32h7xx_hal_qspi.o)
                0x000000000800b60c                HAL_QSPI_Receive
 .text.HAL_QSPI_AutoPolling
                0x000000000800b714       0xe8 ../../libdaisy/build/libdaisy.a(stm32h7xx_hal_qspi.o)
                0x000000000800b714                HAL_QSPI_AutoPolling
 .text.HAL_QSPI_MemoryMapped
                0x000000000800b7fc       0xb8 ../../libdaisy/build/libdaisy.a(stm32h7xx_hal_qspi.o)
                0x000000000800b7fc                HAL_QSPI_MemoryMapped
 .text.HAL_QSPI_ErrorCallback
                0x000000000800b8b4        0x4 ../../libdaisy/build/libdaisy.a(stm32h7xx_hal_qspi.o)
                0x000000000800b8b4                HAL_QSPI_ErrorCallback
 .text.QSPI_DMAAbortCplt
                0x000000000800b8b8       0x38 ../../libdaisy/build/libdaisy.a(stm32h7xx_hal_qspi.o)
 .text.HAL_QSPI_AbortCpltCallback
                0x000000000800b8f0        0x4 ../../libdaisy/build/libdaisy.a(stm32h7xx_hal_qspi.o)
                0x000000000800b8f0                HAL_QSPI_AbortCpltCallback
 .text.HAL_QSPI_CmdCpltCallback
                0x000000000800b8f4        0x4 ../../libdaisy/build/libdaisy.a(stm32h7xx_hal_qspi.o)
                0x000000000800b8f4                HAL_QSPI_CmdCpltCallback
 .text.HAL_QSPI_RxCpltCallback
                0x000000000800b8f8        0x4 ../../libdaisy/build/libdaisy.a(stm32h7xx_hal_qspi.o)
                0x000000000800b8f8                HAL_QSPI_RxCpltCallback
 .text.HAL_QSPI_TxCpltCallback
                0x000000000800b8fc        0x4 ../../libdaisy/build/libdaisy.a(stm32h7xx_hal_qspi.o)
                0x000000000800b8fc                HAL_QSPI_TxCpltCallback
 .text.HAL_QSPI_FifoThresholdCallback
                0x000000000800b900        0x4 ../../libdaisy/build/libdaisy.a(stm32h7xx_hal_qspi.o)
                0x000000000800b900                HAL_QSPI_FifoThresholdCallback
 .text.HAL_QSPI_StatusMatchCallback
                0x000000000800b904        0x4 ../../libdaisy/build/libdaisy.a(stm32h7xx_hal_qspi.o)
                0x000000000800b904                HAL_QSPI_StatusMatchCallback
 .text.HAL_QSPI_TimeOutCallback
                0x000000000800b908        0x4 ../../libdaisy/build/libdaisy.a(stm32h7xx_hal_qspi.o)
                0x000000000800b908                HAL_QSPI_TimeOutCallback
 .text.HAL_QSPI_IRQHandler
                0x000000000800b90c      0x210 ../../libdaisy/build/libdaisy.a(stm32h7xx_hal_qspi.o)
                0x000000000800b90c                HAL_QSPI_IRQHandler
 .text.HAL_RCC_OscConfig
                0x000000000800bb1c      0x540 ../../libdaisy/build/libdaisy.a(stm32h7xx_hal_rcc.o)
                0x000000000800bb1c                HAL_RCC_OscConfig
 .text.HAL_RCC_GetSysClockFreq
                0x000000000800c05c      0x140 ../../libdaisy/build/libdaisy.a(stm32h7xx_hal_rcc.o)
                0x000000000800c05c                HAL_RCC_GetSysClockFreq
 .text.HAL_RCC_ClockConfig
                0x000000000800c19c      0x234 ../../libdaisy/build/libdaisy.a(stm32h7xx_hal_rcc.o)
                0x000000000800c19c                HAL_RCC_ClockConfig
 .text.HAL_RCC_GetHCLKFreq
                0x000000000800c3d0       0x2c ../../libdaisy/build/libdaisy.a(stm32h7xx_hal_rcc.o)
                0x000000000800c3d0                HAL_RCC_GetHCLKFreq
 .text.HAL_RCC_GetPCLK1Freq
                0x000000000800c3fc       0x38 ../../libdaisy/build/libdaisy.a(stm32h7xx_hal_rcc.o)
                0x000000000800c3fc                HAL_RCC_GetPCLK1Freq
 .text.HAL_RCC_GetPCLK2Freq
                0x000000000800c434       0x38 ../../libdaisy/build/libdaisy.a(stm32h7xx_hal_rcc.o)
                0x000000000800c434                HAL_RCC_GetPCLK2Freq
 .text.RCCEx_PLL2_Config
                0x000000000800c46c       0xf8 ../../libdaisy/build/libdaisy.a(stm32h7xx_hal_rcc_ex.o)
 .text.RCCEx_PLL3_Config
                0x000000000800c564       0xf8 ../../libdaisy/build/libdaisy.a(stm32h7xx_hal_rcc_ex.o)
 .text.HAL_RCCEx_PeriphCLKConfig
                0x000000000800c65c      0xa7c ../../libdaisy/build/libdaisy.a(stm32h7xx_hal_rcc_ex.o)
                0x000000000800c65c                HAL_RCCEx_PeriphCLKConfig
 .text.HAL_RCCEx_GetD3PCLK1Freq
                0x000000000800d0d8       0x24 ../../libdaisy/build/libdaisy.a(stm32h7xx_hal_rcc_ex.o)
                0x000000000800d0d8                HAL_RCCEx_GetD3PCLK1Freq
 .text.HAL_RCCEx_GetPLL2ClockFreq
                0x000000000800d0fc      0x17c ../../libdaisy/build/libdaisy.a(stm32h7xx_hal_rcc_ex.o)
                0x000000000800d0fc                HAL_RCCEx_GetPLL2ClockFreq
 .text.HAL_RCCEx_GetPLL3ClockFreq
                0x000000000800d278      0x17c ../../libdaisy/build/libdaisy.a(stm32h7xx_hal_rcc_ex.o)
                0x000000000800d278                HAL_RCCEx_GetPLL3ClockFreq
 .text.HAL_RCCEx_GetPLL1ClockFreq
                0x000000000800d3f4      0x17c ../../libdaisy/build/libdaisy.a(stm32h7xx_hal_rcc_ex.o)
                0x000000000800d3f4                HAL_RCCEx_GetPLL1ClockFreq
 .text.HAL_RCCEx_GetPeriphCLKFreq
                0x000000000800d570      0x198 ../../libdaisy/build/libdaisy.a(stm32h7xx_hal_rcc_ex.o)
                0x000000000800d570                HAL_RCCEx_GetPeriphCLKFreq
 .text.HAL_RCCEx_GetD1SysClockFreq
                0x000000000800d708       0x2c ../../libdaisy/build/libdaisy.a(stm32h7xx_hal_rcc_ex.o)
                0x000000000800d708                HAL_RCCEx_GetD1SysClockFreq
 .text.HAL_SAI_Init.part.0
                0x000000000800d734      0x364 ../../libdaisy/build/libdaisy.a(stm32h7xx_hal_sai.o)
 .text.HAL_SAI_InitProtocol
                0x000000000800da98      0x184 ../../libdaisy/build/libdaisy.a(stm32h7xx_hal_sai.o)
                0x000000000800da98                HAL_SAI_InitProtocol
 .text.HAL_SAI_Transmit_DMA
                0x000000000800dc1c      0x124 ../../libdaisy/build/libdaisy.a(stm32h7xx_hal_sai.o)
                0x000000000800dc1c                HAL_SAI_Transmit_DMA
 .text.HAL_SAI_Receive_DMA
                0x000000000800dd40       0xcc ../../libdaisy/build/libdaisy.a(stm32h7xx_hal_sai.o)
                0x000000000800dd40                HAL_SAI_Receive_DMA
 .text.HAL_SAI_TxCpltCallback
                0x000000000800de0c        0x4 ../../libdaisy/build/libdaisy.a(stm32h7xx_hal_sai.o)
                0x000000000800de0c                HAL_SAI_TxCpltCallback
 .text.SAI_DMATxCplt
                0x000000000800de10       0x60 ../../libdaisy/build/libdaisy.a(stm32h7xx_hal_sai.o)
 .text.HAL_SAI_TxHalfCpltCallback
                0x000000000800de70        0x4 ../../libdaisy/build/libdaisy.a(stm32h7xx_hal_sai.o)
                0x000000000800de70                HAL_SAI_TxHalfCpltCallback
 .text.SAI_DMATxHalfCplt
                0x000000000800de74        0xc ../../libdaisy/build/libdaisy.a(stm32h7xx_hal_sai.o)
 .text.SAI_DMARxCplt
                0x000000000800de80       0x60 ../../libdaisy/build/libdaisy.a(stm32h7xx_hal_sai.o)
 .text.SAI_DMARxHalfCplt
                0x000000000800dee0        0xc ../../libdaisy/build/libdaisy.a(stm32h7xx_hal_sai.o)
 .text.HAL_SAI_ErrorCallback
                0x000000000800deec        0x4 ../../libdaisy/build/libdaisy.a(stm32h7xx_hal_sai.o)
                0x000000000800deec                HAL_SAI_ErrorCallback
 .text.SAI_DMAError
                0x000000000800def0       0x6c ../../libdaisy/build/libdaisy.a(stm32h7xx_hal_sai.o)
 .text.HAL_SDRAM_Init
                0x000000000800df5c       0x54 ../../libdaisy/build/libdaisy.a(stm32h7xx_hal_sdram.o)
                0x000000000800df5c                HAL_SDRAM_Init
 .text.HAL_SDRAM_SendCommand
                0x000000000800dfb0       0x40 ../../libdaisy/build/libdaisy.a(stm32h7xx_hal_sdram.o)
                0x000000000800dfb0                HAL_SDRAM_SendCommand
 .text.HAL_SDRAM_ProgramRefreshRate
                0x000000000800dff0       0x30 ../../libdaisy/build/libdaisy.a(stm32h7xx_hal_sdram.o)
                0x000000000800dff0                HAL_SDRAM_ProgramRefreshRate
 .text.SPI_CloseTransfer
                0x000000000800e020       0xb8 ../../libdaisy/build/libdaisy.a(stm32h7xx_hal_spi.o)
 .text.HAL_SPI_Init
                0x000000000800e0d8      0x168 ../../libdaisy/build/libdaisy.a(stm32h7xx_hal_spi.o)
                0x000000000800e0d8                HAL_SPI_Init
 .text.HAL_SPI_Transmit
                0x000000000800e240      0x32c ../../libdaisy/build/libdaisy.a(stm32h7xx_hal_spi.o)
                0x000000000800e240                HAL_SPI_Transmit
 .text.HAL_TIM_Base_Init
                0x000000000800e56c      0x130 ../../libdaisy/build/libdaisy.a(stm32h7xx_hal_tim.o)
                0x000000000800e56c                HAL_TIM_Base_Init
 .text.HAL_TIM_Base_Start
                0x000000000800e69c       0x38 ../../libdaisy/build/libdaisy.a(stm32h7xx_hal_tim.o)
                0x000000000800e69c                HAL_TIM_Base_Start
 .text.HAL_TIM_ConfigClockSource
                0x000000000800e6d4      0x17c ../../libdaisy/build/libdaisy.a(stm32h7xx_hal_tim.o)
                0x000000000800e6d4                HAL_TIM_ConfigClockSource
 .text.HAL_TIM_PeriodElapsedCallback
                0x000000000800e850        0x4 ../../libdaisy/build/libdaisy.a(stm32h7xx_hal_tim.o)
                0x000000000800e850                HAL_TIM_PeriodElapsedCallback
 .text.HAL_TIM_OC_DelayElapsedCallback
                0x000000000800e854        0x4 ../../libdaisy/build/libdaisy.a(stm32h7xx_hal_tim.o)
                0x000000000800e854                HAL_TIM_OC_DelayElapsedCallback
 .text.HAL_TIM_IC_CaptureCallback
                0x000000000800e858        0x4 ../../libdaisy/build/libdaisy.a(stm32h7xx_hal_tim.o)
                0x000000000800e858                HAL_TIM_IC_CaptureCallback
 .text.HAL_TIM_PWM_PulseFinishedCallback
                0x000000000800e85c        0x4 ../../libdaisy/build/libdaisy.a(stm32h7xx_hal_tim.o)
                0x000000000800e85c                HAL_TIM_PWM_PulseFinishedCallback
 .text.HAL_TIM_TriggerCallback
                0x000000000800e860        0x4 ../../libdaisy/build/libdaisy.a(stm32h7xx_hal_tim.o)
                0x000000000800e860                HAL_TIM_TriggerCallback
 .text.HAL_TIM_IRQHandler
                0x000000000800e864      0x170 ../../libdaisy/build/libdaisy.a(stm32h7xx_hal_tim.o)
                0x000000000800e864                HAL_TIM_IRQHandler
 .text.HAL_TIMEx_MasterConfigSynchronization
                0x000000000800e9d4       0x60 ../../libdaisy/build/libdaisy.a(stm32h7xx_hal_tim_ex.o)
                0x000000000800e9d4                HAL_TIMEx_MasterConfigSynchronization
 .text.HAL_TIMEx_CommutCallback
                0x000000000800ea34        0x4 ../../libdaisy/build/libdaisy.a(stm32h7xx_hal_tim_ex.o)
                0x000000000800ea34                HAL_TIMEx_CommutCallback
 .text.HAL_TIMEx_BreakCallback
                0x000000000800ea38        0x4 ../../libdaisy/build/libdaisy.a(stm32h7xx_hal_tim_ex.o)
                0x000000000800ea38                HAL_TIMEx_BreakCallback
 .text.HAL_TIMEx_Break2Callback
                0x000000000800ea3c        0x4 ../../libdaisy/build/libdaisy.a(stm32h7xx_hal_tim_ex.o)
                0x000000000800ea3c                HAL_TIMEx_Break2Callback
 .text.HAL_UART_TxCpltCallback
                0x000000000800ea40        0x4 ../../libdaisy/build/libdaisy.a(stm32h7xx_hal_uart.o)
                0x000000000800ea40                HAL_UART_TxCpltCallback
 .text.HAL_UART_IRQHandler
                0x000000000800ea44      0x1cc ../../libdaisy/build/libdaisy.a(stm32h7xx_hal_uart.o)
                0x000000000800ea44                HAL_UART_IRQHandler
 .text.UART_DMAAbortOnError
                0x000000000800ec10       0x14 ../../libdaisy/build/libdaisy.a(stm32h7xx_hal_uart.o)
 *fill*         0x000000000800ec24        0x4 
 .text.UART_SetConfig
                0x000000000800ec28     0x14dc ../../libdaisy/build/libdaisy.a(stm32h7xx_hal_uart.o)
                0x000000000800ec28                UART_SetConfig
 .text.UART_AdvFeatureConfig
                0x0000000008010104       0xb0 ../../libdaisy/build/libdaisy.a(stm32h7xx_hal_uart.o)
                0x0000000008010104                UART_AdvFeatureConfig
 .text.UART_CheckIdleState
                0x00000000080101b4       0x84 ../../libdaisy/build/libdaisy.a(stm32h7xx_hal_uart.o)
                0x00000000080101b4                UART_CheckIdleState
 .text.HAL_UART_Init
                0x0000000008010238       0x68 ../../libdaisy/build/libdaisy.a(stm32h7xx_hal_uart.o)
                0x0000000008010238                HAL_UART_Init
 .text.HAL_UARTEx_WakeupCallback
                0x00000000080102a0        0x4 ../../libdaisy/build/libdaisy.a(stm32h7xx_hal_uart_ex.o)
                0x00000000080102a0                HAL_UARTEx_WakeupCallback
 .text.HAL_UARTEx_RxFifoFullCallback
                0x00000000080102a4        0x4 ../../libdaisy/build/libdaisy.a(stm32h7xx_hal_uart_ex.o)
                0x00000000080102a4                HAL_UARTEx_RxFifoFullCallback
 .text.HAL_UARTEx_TxFifoEmptyCallback
                0x00000000080102a8        0x4 ../../libdaisy/build/libdaisy.a(stm32h7xx_hal_uart_ex.o)
                0x00000000080102a8                HAL_UARTEx_TxFifoEmptyCallback
 .text.HAL_UARTEx_DisableFifoMode
                0x00000000080102ac       0x3c ../../libdaisy/build/libdaisy.a(stm32h7xx_hal_uart_ex.o)
                0x00000000080102ac                HAL_UARTEx_DisableFifoMode
 .text.HAL_UARTEx_SetTxFifoThreshold
                0x00000000080102e8       0xac ../../libdaisy/build/libdaisy.a(stm32h7xx_hal_uart_ex.o)
                0x00000000080102e8                HAL_UARTEx_SetTxFifoThreshold
 .text.HAL_UARTEx_SetRxFifoThreshold
                0x0000000008010394       0xac ../../libdaisy/build/libdaisy.a(stm32h7xx_hal_uart_ex.o)
                0x0000000008010394                HAL_UARTEx_SetRxFifoThreshold
 .text.FMC_SDRAM_Init
                0x0000000008010440       0x78 ../../libdaisy/build/libdaisy.a(stm32h7xx_ll_fmc.o)
                0x0000000008010440                FMC_SDRAM_Init
 .text.FMC_SDRAM_Timing_Init
                0x00000000080104b8       0x98 ../../libdaisy/build/libdaisy.a(stm32h7xx_ll_fmc.o)
                0x00000000080104b8                FMC_SDRAM_Timing_Init
 .text.FMC_SDRAM_SendCommand
                0x0000000008010550       0x24 ../../libdaisy/build/libdaisy.a(stm32h7xx_ll_fmc.o)
                0x0000000008010550                FMC_SDRAM_SendCommand
 .text.FMC_SDRAM_ProgramRefreshRate
                0x0000000008010574       0x1c ../../libdaisy/build/libdaisy.a(stm32h7xx_ll_fmc.o)
                0x0000000008010574                FMC_SDRAM_ProgramRefreshRate
 .text.dsy_i2c_global_init
                0x0000000008010590       0x8c ../../libdaisy/build/libdaisy.a(i2c.o)
                0x0000000008010590                dsy_i2c_global_init
 .text.DMA1_Stream6_IRQHandler
                0x000000000801061c       0x34 ../../libdaisy/build/libdaisy.a(i2c.o)
                0x000000000801061c                DMA1_Stream6_IRQHandler
 .text.I2C1_EV_IRQHandler
                0x0000000008010650        0xc ../../libdaisy/build/libdaisy.a(i2c.o)
                0x0000000008010650                I2C1_EV_IRQHandler
 .text.I2C2_EV_IRQHandler
                0x000000000801065c        0xc ../../libdaisy/build/libdaisy.a(i2c.o)
                0x000000000801065c                I2C2_EV_IRQHandler
 .text.I2C3_EV_IRQHandler
                0x0000000008010668        0xc ../../libdaisy/build/libdaisy.a(i2c.o)
                0x0000000008010668                I2C3_EV_IRQHandler
 .text.startup._GLOBAL__sub_I__ZN5daisy9I2CHandle4Impl10GlobalInitEv
                0x0000000008010674       0x18 ../../libdaisy/build/libdaisy.a(i2c.o)
 .text.HAL_TIM_Base_MspInit
                0x000000000801068c       0xcc ../../libdaisy/build/libdaisy.a(tim.o)
                0x000000000801068c                HAL_TIM_Base_MspInit
 .text._ZN5daisy11TimerHandle4InitERKNS0_6ConfigE
                0x0000000008010758       0xd0 ../../libdaisy/build/libdaisy.a(tim.o)
                0x0000000008010758                daisy::TimerHandle::Init(daisy::TimerHandle::Config const&)
 .text._ZN5daisy11TimerHandle5StartEv
                0x0000000008010828       0x14 ../../libdaisy/build/libdaisy.a(tim.o)
                0x0000000008010828                daisy::TimerHandle::Start()
 .text.dsy_dma_init
                0x000000000801083c       0xd0 ../../libdaisy/build/libdaisy.a(dma.o)
                0x000000000801083c                dsy_dma_init
 .text.HAL_I2C_EV_IRQHandler
                0x000000000801090c       0x10 ../../libdaisy/build/libdaisy.a(stm32h7xx_hal_i2c.o)
                0x000000000801090c                HAL_I2C_EV_IRQHandler
 .text.HAL_MDMA_Abort_IT
                0x000000000801091c       0x2c ../../libdaisy/build/libdaisy.a(stm32h7xx_hal_mdma.o)
                0x000000000801091c                HAL_MDMA_Abort_IT
 .text._ZN7daisysp3Svf4InitEf
                0x0000000008010948       0x4c ../../DaisySP/build/libdaisysp.a(svf.o)
                0x0000000008010948                daisysp::Svf::Init(float)
 .text._ZN7daisysp3Svf7ProcessEf
                0x0000000008010994       0xc0 ../../DaisySP/build/libdaisysp.a(svf.o)
                0x0000000008010994                daisysp::Svf::Process(float)
 .text._ZN7daisysp3Svf7SetFreqEf
                0x0000000008010a54       0xc8 ../../DaisySP/build/libdaisysp.a(svf.o)
                0x0000000008010a54                daisysp::Svf::SetFreq(float)
 .text._ZN7daisysp3Svf6SetResEf
                0x0000000008010b1c       0x8c ../../DaisySP/build/libdaisysp.a(svf.o)
                0x0000000008010b1c                daisysp::Svf::SetRes(float)
 .text._ZN7daisysp3Svf8SetDriveEf
                0x0000000008010ba8       0x34 ../../DaisySP/build/libdaisysp.a(svf.o)
                0x0000000008010ba8                daisysp::Svf::SetDrive(float)
 .text.__aeabi_atexit
                0x0000000008010bdc        0xa /usr/lib/gcc/arm-none-eabi/9.2.1/../../../arm-none-eabi/lib/thumb/v7e-m+dp/hard/libstdc++_nano.a(atexit_arm.o)
                0x0000000008010bdc                __aeabi_atexit
 .text._ZNK10__cxxabiv117__class_type_info11__do_upcastEPKS0_PPv
                0x0000000008010be6       0x34 /usr/lib/gcc/arm-none-eabi/9.2.1/../../../arm-none-eabi/lib/thumb/v7e-m+dp/hard/libstdc++_nano.a(class_type_info.o)
                0x0000000008010be6                __cxxabiv1::__class_type_info::__do_upcast(__cxxabiv1::__class_type_info const*, void**) const
 .text._ZNK10__cxxabiv117__class_type_info20__do_find_public_srcEiPKvPKS0_S2_
                0x0000000008010c1a        0xc /usr/lib/gcc/arm-none-eabi/9.2.1/../../../arm-none-eabi/lib/thumb/v7e-m+dp/hard/libstdc++_nano.a(class_type_info.o)
                0x0000000008010c1a                __cxxabiv1::__class_type_info::__do_find_public_src(int, void const*, __cxxabiv1::__class_type_info const*, void const*) const
 *fill*         0x0000000008010c26        0x2 
 .text._ZN10__cxxabiv117__class_type_infoD2Ev
                0x0000000008010c28       0x14 /usr/lib/gcc/arm-none-eabi/9.2.1/../../../arm-none-eabi/lib/thumb/v7e-m+dp/hard/libstdc++_nano.a(class_type_info.o)
                0x0000000008010c28                __cxxabiv1::__class_type_info::~__class_type_info()
                0x0000000008010c28                __cxxabiv1::__class_type_info::~__class_type_info()
 .text._ZN10__cxxabiv117__class_type_infoD0Ev
                0x0000000008010c3c       0x14 /usr/lib/gcc/arm-none-eabi/9.2.1/../../../arm-none-eabi/lib/thumb/v7e-m+dp/hard/libstdc++_nano.a(class_type_info.o)
                0x0000000008010c3c                __cxxabiv1::__class_type_info::~__class_type_info()
 .text._ZNK10__cxxabiv117__class_type_info12__do_dyncastEiNS0_10__sub_kindEPKS0_PKvS3_S5_RNS0_16__dyncast_resultE
                0x0000000008010c50       0x3e /usr/lib/gcc/arm-none-eabi/9.2.1/../../../arm-none-eabi/lib/thumb/v7e-m+dp/hard/libstdc++_nano.a(class_type_info.o)
                0x0000000008010c50                __cxxabiv1::__class_type_info::__do_dyncast(int, __cxxabiv1::__class_type_info::__sub_kind, __cxxabiv1::__class_type_info const*, void const*, __cxxabiv1::__class_type_info const*, void const*, __cxxabiv1::__class_type_info::__dyncast_result&) const
 .text._ZNK10__cxxabiv117__class_type_info11__do_upcastEPKS0_PKvRNS0_15__upcast_resultE
                0x0000000008010c8e       0x18 /usr/lib/gcc/arm-none-eabi/9.2.1/../../../arm-none-eabi/lib/thumb/v7e-m+dp/hard/libstdc++_nano.a(class_type_info.o)
                0x0000000008010c8e                __cxxabiv1::__class_type_info::__do_upcast(__cxxabiv1::__class_type_info const*, void const*, __cxxabiv1::__class_type_info::__upcast_result&) const
 .text._ZNK10__cxxabiv117__class_type_info10__do_catchEPKSt9type_infoPPvj
                0x0000000008010ca6       0x2a /usr/lib/gcc/arm-none-eabi/9.2.1/../../../arm-none-eabi/lib/thumb/v7e-m+dp/hard/libstdc++_nano.a(class_type_info.o)
                0x0000000008010ca6                __cxxabiv1::__class_type_info::__do_catch(std::type_info const*, void**, unsigned int) const
 .text._ZdlPv   0x0000000008010cd0        0x4 /usr/lib/gcc/arm-none-eabi/9.2.1/../../../arm-none-eabi/lib/thumb/v7e-m+dp/hard/libstdc++_nano.a(del_op.o)
                0x0000000008010cd0                operator delete(void*)
 .text._ZdlPvj  0x0000000008010cd4        0x4 /usr/lib/gcc/arm-none-eabi/9.2.1/../../../arm-none-eabi/lib/thumb/v7e-m+dp/hard/libstdc++_nano.a(del_ops.o)
                0x0000000008010cd4                operator delete(void*, unsigned int)
 .text._ZN10__cxxabiv120__si_class_type_infoD2Ev
                0x0000000008010cd8       0x14 /usr/lib/gcc/arm-none-eabi/9.2.1/../../../arm-none-eabi/lib/thumb/v7e-m+dp/hard/libstdc++_nano.a(si_class_type_info.o)
                0x0000000008010cd8                __cxxabiv1::__si_class_type_info::~__si_class_type_info()
                0x0000000008010cd8                __cxxabiv1::__si_class_type_info::~__si_class_type_info()
 .text._ZN10__cxxabiv120__si_class_type_infoD0Ev
                0x0000000008010cec       0x14 /usr/lib/gcc/arm-none-eabi/9.2.1/../../../arm-none-eabi/lib/thumb/v7e-m+dp/hard/libstdc++_nano.a(si_class_type_info.o)
                0x0000000008010cec                __cxxabiv1::__si_class_type_info::~__si_class_type_info()
 .text._ZNK10__cxxabiv120__si_class_type_info20__do_find_public_srcEiPKvPKNS_17__class_type_infoES2_
                0x0000000008010d00       0x38 /usr/lib/gcc/arm-none-eabi/9.2.1/../../../arm-none-eabi/lib/thumb/v7e-m+dp/hard/libstdc++_nano.a(si_class_type_info.o)
                0x0000000008010d00                __cxxabiv1::__si_class_type_info::__do_find_public_src(int, void const*, __cxxabiv1::__class_type_info const*, void const*) const
 .text._ZNK10__cxxabiv120__si_class_type_info12__do_dyncastEiNS_17__class_type_info10__sub_kindEPKS1_PKvS4_S6_RNS1_16__dyncast_resultE
                0x0000000008010d38       0x74 /usr/lib/gcc/arm-none-eabi/9.2.1/../../../arm-none-eabi/lib/thumb/v7e-m+dp/hard/libstdc++_nano.a(si_class_type_info.o)
                0x0000000008010d38                __cxxabiv1::__si_class_type_info::__do_dyncast(int, __cxxabiv1::__class_type_info::__sub_kind, __cxxabiv1::__class_type_info const*, void const*, __cxxabiv1::__class_type_info const*, void const*, __cxxabiv1::__class_type_info::__dyncast_result&) const
 .text._ZNK10__cxxabiv120__si_class_type_info11__do_upcastEPKNS_17__class_type_infoEPKvRNS1_15__upcast_resultE
                0x0000000008010dac       0x2a /usr/lib/gcc/arm-none-eabi/9.2.1/../../../arm-none-eabi/lib/thumb/v7e-m+dp/hard/libstdc++_nano.a(si_class_type_info.o)
                0x0000000008010dac                __cxxabiv1::__si_class_type_info::__do_upcast(__cxxabiv1::__class_type_info const*, void const*, __cxxabiv1::__class_type_info::__upcast_result&) const
 .text._ZNSt9type_infoD2Ev
                0x0000000008010dd6        0x2 /usr/lib/gcc/arm-none-eabi/9.2.1/../../../arm-none-eabi/lib/thumb/v7e-m+dp/hard/libstdc++_nano.a(tinfo.o)
                0x0000000008010dd6                std::type_info::~type_info()
                0x0000000008010dd6                std::type_info::~type_info()
 .text._ZNKSt9type_info14__is_pointer_pEv
                0x0000000008010dd8        0x4 /usr/lib/gcc/arm-none-eabi/9.2.1/../../../arm-none-eabi/lib/thumb/v7e-m+dp/hard/libstdc++_nano.a(tinfo.o)
                0x0000000008010dd8                std::type_info::__is_function_p() const
                0x0000000008010dd8                std::type_info::__is_pointer_p() const
 .text._ZNKSt9type_infoeqERKS_
                0x0000000008010ddc       0x2c /usr/lib/gcc/arm-none-eabi/9.2.1/../../../arm-none-eabi/lib/thumb/v7e-m+dp/hard/libstdc++_nano.a(tinfo.o)
                0x0000000008010ddc                std::type_info::operator==(std::type_info const&) const
 .text.unlikely._ZSt17__throw_bad_allocv
                0x0000000008010e08        0x6 /usr/lib/gcc/arm-none-eabi/9.2.1/../../../arm-none-eabi/lib/thumb/v7e-m+dp/hard/libstdc++_nano.a(functexcept.o)
                0x0000000008010e08                std::__throw_bad_alloc()
 .text.unlikely._ZSt20__throw_length_errorPKc
                0x0000000008010e0e        0x6 /usr/lib/gcc/arm-none-eabi/9.2.1/../../../arm-none-eabi/lib/thumb/v7e-m+dp/hard/libstdc++_nano.a(functexcept.o)
                0x0000000008010e0e                std::__throw_length_error(char const*)
 .text._ZNSt11char_traitsIcE4copyEPcPKcj
                0x0000000008010e14        0x8 /usr/lib/gcc/arm-none-eabi/9.2.1/../../../arm-none-eabi/lib/thumb/v7e-m+dp/hard/libstdc++_nano.a(string-inst.o)
                0x0000000008010e14                std::char_traits<char>::copy(char*, char const*, unsigned int)
 .text._ZNSt7__cxx1112basic_stringIcSt11char_traitsIcESaIcEE9_M_createERjj
                0x0000000008010e1c       0x44 /usr/lib/gcc/arm-none-eabi/9.2.1/../../../arm-none-eabi/lib/thumb/v7e-m+dp/hard/libstdc++_nano.a(string-inst.o)
                0x0000000008010e1c                std::__cxx11::basic_string<char, std::char_traits<char>, std::allocator<char> >::_M_create(unsigned int&, unsigned int)
 .text._ZNSt7__cxx1112basic_stringIcSt11char_traitsIcESaIcEE10_M_disposeEv
                0x0000000008010e60       0x10 /usr/lib/gcc/arm-none-eabi/9.2.1/../../../arm-none-eabi/lib/thumb/v7e-m+dp/hard/libstdc++_nano.a(string-inst.o)
                0x0000000008010e60                std::__cxx11::basic_string<char, std::char_traits<char>, std::allocator<char> >::_M_dispose()
 .text._ZNKSt7__cxx1112basic_stringIcSt11char_traitsIcESaIcEE15_M_check_lengthEjjPKc
                0x0000000008010e70       0x18 /usr/lib/gcc/arm-none-eabi/9.2.1/../../../arm-none-eabi/lib/thumb/v7e-m+dp/hard/libstdc++_nano.a(string-inst.o)
                0x0000000008010e70                std::__cxx11::basic_string<char, std::char_traits<char>, std::allocator<char> >::_M_check_length(unsigned int, unsigned int, char const*) const
 .text._ZNKSt7__cxx1112basic_stringIcSt11char_traitsIcESaIcEE11_M_disjunctEPKc
                0x0000000008010e88       0x18 /usr/lib/gcc/arm-none-eabi/9.2.1/../../../arm-none-eabi/lib/thumb/v7e-m+dp/hard/libstdc++_nano.a(string-inst.o)
                0x0000000008010e88                std::__cxx11::basic_string<char, std::char_traits<char>, std::allocator<char> >::_M_disjunct(char const*) const
 .text._ZNSt7__cxx1112basic_stringIcSt11char_traitsIcESaIcEE7_S_copyEPcPKcj
                0x0000000008010ea0       0x12 /usr/lib/gcc/arm-none-eabi/9.2.1/../../../arm-none-eabi/lib/thumb/v7e-m+dp/hard/libstdc++_nano.a(string-inst.o)
                0x0000000008010ea0                std::__cxx11::basic_string<char, std::char_traits<char>, std::allocator<char> >::_S_copy(char*, char const*, unsigned int)
 .text._ZNSt7__cxx1112basic_stringIcSt11char_traitsIcESaIcEE7_S_moveEPcPKcj
                0x0000000008010eb2       0x18 /usr/lib/gcc/arm-none-eabi/9.2.1/../../../arm-none-eabi/lib/thumb/v7e-m+dp/hard/libstdc++_nano.a(string-inst.o)
                0x0000000008010eb2                std::__cxx11::basic_string<char, std::char_traits<char>, std::allocator<char> >::_S_move(char*, char const*, unsigned int)
 .text._ZNSt7__cxx1112basic_stringIcSt11char_traitsIcESaIcEE9_M_mutateEjjPKcj
                0x0000000008010eca       0x78 /usr/lib/gcc/arm-none-eabi/9.2.1/../../../arm-none-eabi/lib/thumb/v7e-m+dp/hard/libstdc++_nano.a(string-inst.o)
                0x0000000008010eca                std::__cxx11::basic_string<char, std::char_traits<char>, std::allocator<char> >::_M_mutate(unsigned int, unsigned int, char const*, unsigned int)
 *fill*         0x0000000008010f42        0x2 
 .text._ZNSt7__cxx1112basic_stringIcSt11char_traitsIcESaIcEE10_M_replaceEjjPKcj
                0x0000000008010f44       0xfc /usr/lib/gcc/arm-none-eabi/9.2.1/../../../arm-none-eabi/lib/thumb/v7e-m+dp/hard/libstdc++_nano.a(string-inst.o)
                0x0000000008010f44                std::__cxx11::basic_string<char, std::char_traits<char>, std::allocator<char> >::_M_replace(unsigned int, unsigned int, char const*, unsigned int)
 .text._ZNSt7__cxx1112basic_stringIcSt11char_traitsIcESaIcEE9_M_appendEPKcj
                0x0000000008011040       0x44 /usr/lib/gcc/arm-none-eabi/9.2.1/../../../arm-none-eabi/lib/thumb/v7e-m+dp/hard/libstdc++_nano.a(string-inst.o)
                0x0000000008011040                std::__cxx11::basic_string<char, std::char_traits<char>, std::allocator<char> >::_M_append(char const*, unsigned int)
 .text._Znwj    0x0000000008011084       0x22 /usr/lib/gcc/arm-none-eabi/9.2.1/../../../arm-none-eabi/lib/thumb/v7e-m+dp/hard/libstdc++_nano.a(new_op.o)
                0x0000000008011084                operator new(unsigned int)
 *fill*         0x00000000080110a6        0x2 
 .text._ZSt15get_new_handlerv
                0x00000000080110a8       0x10 /usr/lib/gcc/arm-none-eabi/9.2.1/../../../arm-none-eabi/lib/thumb/v7e-m+dp/hard/libstdc++_nano.a(new_handler.o)
                0x00000000080110a8                std::get_new_handler()
 *(.rodata)
 .rodata        0x00000000080110b8        0x6 build/FilterBank.o
 *fill*         0x00000000080110be        0x2 
 .rodata        0x00000000080110c0       0x18 ../../libdaisy/build/libdaisy.a(spi.o)
 .rodata        0x00000000080110d8       0x36 ../../libdaisy/build/libdaisy.a(uart.o)
 *fill*         0x000000000801110e        0x2 
 .rodata        0x0000000008011110        0x8 ../../libdaisy/build/libdaisy.a(stm32h7xx_hal_uart_ex.o)
 .rodata        0x0000000008011118       0x10 ../../libdaisy/build/libdaisy.a(tim.o)
 .rodata        0x0000000008011128      0x128 /usr/lib/gcc/arm-none-eabi/9.2.1/../../../arm-none-eabi/lib/thumb/v7e-m+dp/hard/libm.a(lib_a-sf_pow_log2_data.o)
                0x0000000008011128                __powf_log2_data
 .rodata        0x0000000008011250      0x140 /usr/lib/gcc/arm-none-eabi/9.2.1/../../../arm-none-eabi/lib/thumb/v7e-m+dp/hard/libm.a(lib_a-sincosf_data.o)
                0x0000000008011250                __inv_pio4
                0x00000000080112b0                __sincosf_table
 .rodata        0x0000000008011390      0x148 /usr/lib/gcc/arm-none-eabi/9.2.1/../../../arm-none-eabi/lib/thumb/v7e-m+dp/hard/libm.a(lib_a-sf_exp2_data.o)
                0x0000000008011390                __exp2f_data
 .rodata        0x00000000080114d8        0x4 /usr/lib/gcc/arm-none-eabi/9.2.1/../../../arm-none-eabi/lib/thumb/v7e-m+dp/hard/libc_nano.a(lib_a-on_exit_args.o)
                0x00000000080114d8                __on_exit_args
 *(.rodata*)
 .rodata._Z10UpdateOledv.str1.4
                0x00000000080114dc       0x2b build/FilterBank.o
                                         0x2f (size before relaxing)
 *fill*         0x0000000008011507        0x1 
 .rodata._ZTSN5daisy21OneBitGraphicsDisplayE
                0x0000000008011508       0x20 build/FilterBank.o
                0x0000000008011508                typeinfo name for daisy::OneBitGraphicsDisplay
 .rodata._ZTIN5daisy21OneBitGraphicsDisplayE
                0x0000000008011528        0x8 build/FilterBank.o
                0x0000000008011528                typeinfo for daisy::OneBitGraphicsDisplay
 .rodata._ZTSN5daisy25OneBitGraphicsDisplayImplINS_11OledDisplayINS_13SSD130xDriverILj128ELj64ENS_24SSD130x4WireSpiTransportEEEEEEE
                0x0000000008011530       0x77 build/FilterBank.o
                0x0000000008011530                typeinfo name for daisy::OneBitGraphicsDisplayImpl<daisy::OledDisplay<daisy::SSD130xDriver<128u, 64u, daisy::SSD130x4WireSpiTransport> > >
 *fill*         0x00000000080115a7        0x1 
 .rodata._ZTIN5daisy25OneBitGraphicsDisplayImplINS_11OledDisplayINS_13SSD130xDriverILj128ELj64ENS_24SSD130x4WireSpiTransportEEEEEEE
                0x00000000080115a8        0xc build/FilterBank.o
                0x00000000080115a8                typeinfo for daisy::OneBitGraphicsDisplayImpl<daisy::OledDisplay<daisy::SSD130xDriver<128u, 64u, daisy::SSD130x4WireSpiTransport> > >
 .rodata._ZTSN5daisy11OledDisplayINS_13SSD130xDriverILj128ELj64ENS_24SSD130x4WireSpiTransportEEEEE
                0x00000000080115b4       0x56 build/FilterBank.o
                0x00000000080115b4                typeinfo name for daisy::OledDisplay<daisy::SSD130xDriver<128u, 64u, daisy::SSD130x4WireSpiTransport> >
 *fill*         0x000000000801160a        0x2 
 .rodata._ZTIN5daisy11OledDisplayINS_13SSD130xDriverILj128ELj64ENS_24SSD130x4WireSpiTransportEEEEE
                0x000000000801160c        0xc build/FilterBank.o
                0x000000000801160c                typeinfo for daisy::OledDisplay<daisy::SSD130xDriver<128u, 64u, daisy::SSD130x4WireSpiTransport> >
 .rodata._ZTVN5daisy11OledDisplayINS_13SSD130xDriverILj128ELj64ENS_24SSD130x4WireSpiTransportEEEEE
                0x0000000008011618       0x3c build/FilterBank.o
                0x0000000008011618                vtable for daisy::OledDisplay<daisy::SSD130xDriver<128u, 64u, daisy::SSD130x4WireSpiTransport> >
 .rodata._ZL8seedgpio
                0x0000000008011654       0x3e ../../libdaisy/build/libdaisy.a(daisy_seed.o)
 *fill*         0x0000000008011692        0x2 
 .rodata._ZL16dsy_adc_rank_map
                0x0000000008011694       0x40 ../../libdaisy/build/libdaisy.a(adc.o)
 .rodata.HAL_QSPI_MspInit.str1.4
                0x00000000080116d4        0x7 ../../libdaisy/build/libdaisy.a(qspi.o)
 *fill*         0x00000000080116db        0x1 
 .rodata.CSWTCH.33
                0x00000000080116dc        0x3 ../../libdaisy/build/libdaisy.a(sai.o)
 *fill*         0x00000000080116df        0x1 
 .rodata.CSWTCH.34
                0x00000000080116e0        0xc ../../libdaisy/build/libdaisy.a(sai.o)
 .rodata.CSWTCH.41
                0x00000000080116ec       0x14 ../../libdaisy/build/libdaisy.a(sai.o)
 .rodata.CSWTCH.29
                0x0000000008011700       0x18 ../../libdaisy/build/libdaisy.a(spi.o)
 .rodata.CSWTCH.30