Archive member included to satisfy reference by file (symbol)

../../libdaisy/build/libdaisy.a(daisy_patch.o)
                              build/Svf.o (daisy::DaisyPatch::StartAudio(void (*)(float const* const*, float**, unsigned int)))
../../libdaisy/build/libdaisy.a(daisy_seed.o)
                              ../../libdaisy/build/libdaisy.a(daisy_patch.o) (daisy::DaisySeed::Configure())
../../libdaisy/build/libdaisy.a(codec_ak4556.o)
                              ../../libdaisy/build/libdaisy.a(daisy_patch.o) (daisy::Ak4556::Init(dsy_gpio_pin))
../../libdaisy/build/libdaisy.a(sdram.o)
                              ../../libdaisy/build/libdaisy.a(daisy_seed.o) (dsy_sdram_init)
../../libdaisy/build/libdaisy.a(audio.o)
                              ../../libdaisy/build/libdaisy.a(daisy_seed.o) (daisy::AudioHandle::Init(daisy::AudioHandle::Config const&, daisy::SaiHandle))
../../libdaisy/build/libdaisy.a(ctrl.o)
                              ../../libdaisy/build/libdaisy.a(daisy_patch.o) (daisy::AnalogControl::Init(unsigned short*, float, bool, bool, float))
../../libdaisy/build/libdaisy.a(encoder.o)
                              ../../libdaisy/build/libdaisy.a(daisy_patch.o) (daisy::Encoder::Init(dsy_gpio_pin, dsy_gpio_pin, dsy_gpio_pin, float))
../../libdaisy/build/libdaisy.a(gatein.o)
                              ../../libdaisy/build/libdaisy.a(daisy_patch.o) (daisy::GateIn::Init(dsy_gpio_pin*))
../../libdaisy/build/libdaisy.a(parameter.o)
                              build/Svf.o (daisy::Parameter::Init(daisy::AnalogControl, float, float, daisy::Parameter::Curve))
../../libdaisy/build/libdaisy.a(switch.o)
                              ../../libdaisy/build/libdaisy.a(encoder.o) (daisy::Switch::Init(dsy_gpio_pin, float))
../../libdaisy/build/libdaisy.a(adc.o)
                              ../../libdaisy/build/libdaisy.a(daisy_patch.o) (daisy::AdcChannelConfig::InitSingle(dsy_gpio_pin))
../../libdaisy/build/libdaisy.a(dac.o)
                              ../../libdaisy/build/libdaisy.a(daisy_patch.o) (daisy::DacHandle::Init(daisy::DacHandle::Config const&))
../../libdaisy/build/libdaisy.a(gpio.o)
                              ../../libdaisy/build/libdaisy.a(daisy_patch.o) (dsy_gpio_init)
../../libdaisy/build/libdaisy.a(qspi.o)
                              ../../libdaisy/build/libdaisy.a(daisy_seed.o) (dsy_qspi_init)
../../libdaisy/build/libdaisy.a(sai.o)
                              ../../libdaisy/build/libdaisy.a(daisy_patch.o) (daisy::SaiHandle::Init(daisy::SaiHandle::Config const&))
../../libdaisy/build/libdaisy.a(spi.o)
                              ../../libdaisy/build/libdaisy.a(daisy_patch.o) (daisy::SpiHandle::Init(daisy::SpiHandle::Config const&))
../../libdaisy/build/libdaisy.a(uart.o)
                              ../../libdaisy/build/libdaisy.a(daisy_patch.o) (daisy::UartHandler::Init(daisy::UartHandler::Config const&))
../../libdaisy/build/libdaisy.a(system.o)
                              ../../libdaisy/build/libdaisy.a(daisy_patch.o) (daisy::System::GetNow())
../../libdaisy/build/libdaisy.a(system_stm32h7xx.o)
                              build/startup_stm32h750xx.o (SystemInit)
../../libdaisy/build/libdaisy.a(hal_map.o)
                              ../../libdaisy/build/libdaisy.a(sdram.o) (dsy_hal_map_get_port)
../../libdaisy/build/libdaisy.a(oled_fonts.o)
                              build/Svf.o (Font_7x10)
../../libdaisy/build/libdaisy.a(stm32h7xx_hal.o)
                              ../../libdaisy/build/libdaisy.a(system.o) (HAL_Init)
../../libdaisy/build/libdaisy.a(stm32h7xx_hal_adc.o)
                              ../../libdaisy/build/libdaisy.a(adc.o) (HAL_ADC_ConfigChannel)
../../libdaisy/build/libdaisy.a(stm32h7xx_hal_adc_ex.o)
                              ../../libdaisy/build/libdaisy.a(adc.o) (HAL_ADCEx_Calibration_Start)
../../libdaisy/build/libdaisy.a(stm32h7xx_hal_cortex.o)
                              ../../libdaisy/build/libdaisy.a(stm32h7xx_hal.o) (HAL_NVIC_SetPriorityGrouping)
../../libdaisy/build/libdaisy.a(stm32h7xx_hal_dac.o)
                              ../../libdaisy/build/libdaisy.a(dac.o) (HAL_DAC_Init)
../../libdaisy/build/libdaisy.a(stm32h7xx_hal_dac_ex.o)
                              ../../libdaisy/build/libdaisy.a(stm32h7xx_hal_dac.o) (HAL_DACEx_DMAUnderrunCallbackCh2)
../../libdaisy/build/libdaisy.a(stm32h7xx_hal_dma.o)
                              ../../libdaisy/build/libdaisy.a(adc.o) (HAL_DMA_Init)
../../libdaisy/build/libdaisy.a(stm32h7xx_hal_gpio.o)
                              ../../libdaisy/build/libdaisy.a(sdram.o) (HAL_GPIO_Init)
../../libdaisy/build/libdaisy.a(stm32h7xx_hal_pwr_ex.o)
                              ../../libdaisy/build/libdaisy.a(system.o) (HAL_PWREx_ConfigSupply)
../../libdaisy/build/libdaisy.a(stm32h7xx_hal_qspi.o)
                              ../../libdaisy/build/libdaisy.a(qspi.o) (HAL_QSPI_Init)
../../libdaisy/build/libdaisy.a(stm32h7xx_hal_rcc.o)
[...]
Memory Configuration

Name             Origin             Length             Attributes
FLASH            0x0000000008000000 0x0000000000020000 xr
DTCMRAM          0x0000000020000000 0x0000000000020000 xrw
SRAM             0x0000000024000000 0x0000000000080000 xrw
RAM_D2           0x0000000030000000 0x0000000000048000 xrw
RAM_D3           0x0000000038000000 0x0000000000010000 xrw
ITCMRAM          0x0000000000000000 0x0000000000010000 xrw
SDRAM            0x00000000c0000000 0x0000000004000000 xrw
QSPIFLASH        0x0000000090000000 0x0000000000800000 xr
*default*        0x0000000000000000 0xffffffffffffffff

Linker script and memory map

LOAD /usr/lib/gcc/arm-none-eabi/9.2.1/thumb/v7e-m+dp/hard/crti.o
LOAD /usr/lib/gcc/arm-none-eabi/9.2.1/thumb/v7e-m+dp/hard/crtbegin.o
LOAD /usr/lib/gcc/arm-none-eabi/9.2.1/../../../arm-none-eabi/lib/thumb/v7e-m+dp/hard/crt0.o
LOAD build/startup_stm32h750xx.o
LOAD build/Svf.o
LOAD ../../libdaisy/build/libdaisy.a
LOAD /usr/lib/gcc/arm-none-eabi/9.2.1/../../../arm-none-eabi/lib/thumb/v7e-m+dp/hard/libnosys.a
LOAD ../../DaisySP/build/libdaisysp.a
LOAD /usr/lib/gcc/arm-none-eabi/9.2.1/../../../arm-none-eabi/lib/thumb/v7e-m+dp/hard/libstdc++_nano.a
LOAD /usr/lib/gcc/arm-none-eabi/9.2.1/../../../arm-none-eabi/lib/thumb/v7e-m+dp/hard/libm.a
LOAD /usr/lib/gcc/arm-none-eabi/9.2.1/../../../arm-none-eabi/lib/thumb/v7e-m+dp/hard/libc_nano.a
START GROUP
LOAD /usr/lib/gcc/arm-none-eabi/9.2.1/thumb/v7e-m+dp/hard/libgcc.a
LOAD /usr/lib/gcc/arm-none-eabi/9.2.1/../../../arm-none-eabi/lib/thumb/v7e-m+dp/hard/libc_nano.a
END GROUP
START GROUP
LOAD /usr/lib/gcc/arm-none-eabi/9.2.1/thumb/v7e-m+dp/hard/libgcc.a
LOAD /usr/lib/gcc/arm-none-eabi/9.2.1/../../../arm-none-eabi/lib/thumb/v7e-m+dp/hard/libc_nano.a
LOAD /usr/lib/gcc/arm-none-eabi/9.2.1/../../../arm-none-eabi/lib/thumb/v7e-m+dp/hard/libnosys.a
END GROUP
START GROUP
LOAD /usr/lib/gcc/arm-none-eabi/9.2.1/thumb/v7e-m+dp/hard/libgcc.a
LOAD /usr/lib/gcc/arm-none-eabi/9.2.1/../../../arm-none-eabi/lib/thumb/v7e-m+dp/hard/libc_nano.a
LOAD /usr/lib/gcc/arm-none-eabi/9.2.1/../../../arm-none-eabi/lib/thumb/v7e-m+dp/hard/libnosys.a
END GROUP
LOAD /usr/lib/gcc/arm-none-eabi/9.2.1/thumb/v7e-m+dp/hard/crtend.o
LOAD /usr/lib/gcc/arm-none-eabi/9.2.1/thumb/v7e-m+dp/hard/crtn.o
                0x0000000020020000                _estack = 0x20020000

.isr_vector     0x0000000008000000      0x298
                0x0000000008000000                . = ALIGN (0x4)
 *(.isr_vector)
 .isr_vector    0x0000000008000000      0x298 build/startup_stm32h750xx.o
                0x0000000008000000                g_pfnVectors
                0x0000000008000298                . = ALIGN (0x4)

.text           0x00000000080002c0    0x11380
                0x00000000080002c0                . = ALIGN (0x4)
                0x00000000080002c0                _stext = .
 *(.text)
 .text          0x00000000080002c0       0x88 /usr/lib/gcc/arm-none-eabi/9.2.1/thumb/v7e-m+dp/hard/crtbegin.o
 .text          0x0000000008000348      0x1fc /usr/lib/gcc/arm-none-eabi/9.2.1/../../../arm-none-eabi/lib/thumb/v7e-m+dp/hard/libm.a(lib_a-cosf.o)
                0x0000000008000348                cosf
 .text          0x0000000008000544       0x98 /usr/lib/gcc/arm-none-eabi/9.2.1/../../../arm-none-eabi/lib/thumb/v7e-m+dp/hard/libm.a(lib_a-math_errf.o)
                0x000000000800057c                __math_uflowf
                0x0000000008000588                __math_may_uflowf
                0x0000000008000594                __math_oflowf
                0x00000000080005a0                __math_divzerof
                0x00000000080005c0                __math_invalidf
 .text          0x00000000080005dc       0xe4 /usr/lib/gcc/arm-none-eabi/9.2.1/../../../arm-none-eabi/lib/thumb/v7e-m+dp/hard/libm.a(lib_a-sf_exp.o)
                0x00000000080005dc                expf
 .text          0x00000000080006c0       0xec /usr/lib/gcc/arm-none-eabi/9.2.1/../../../arm-none-eabi/lib/thumb/v7e-m+dp/hard/libm.a(lib_a-sf_log.o)
                0x00000000080006c0                logf
 *fill*         0x00000000080007ac        0x4 
 .text          0x00000000080007b0      0x34c /usr/lib/gcc/arm-none-eabi/9.2.1/../../../arm-none-eabi/lib/thumb/v7e-m+dp/hard/libm.a(lib_a-sf_pow.o)
                0x00000000080007b0                powf
 *fill*         0x0000000008000afc        0x4 
 .text          0x0000000008000b00      0x214 /usr/lib/gcc/arm-none-eabi/9.2.1/../../../arm-none-eabi/lib/thumb/v7e-m+dp/hard/libm.a(lib_a-sinf.o)
                0x0000000008000b00                sinf
 .text          0x0000000008000d14       0x10 /usr/lib/gcc/arm-none-eabi/9.2.1/../../../arm-none-eabi/lib/thumb/v7e-m+dp/hard/libc_nano.a(lib_a-abort.o)
                0x0000000008000d14                abort
 .text          0x0000000008000d24       0x1c /usr/lib/gcc/arm-none-eabi/9.2.1/../../../arm-none-eabi/lib/thumb/v7e-m+dp/hard/libc_nano.a(lib_a-cxa_atexit.o)
                0x0000000008000d24                __cxa_atexit
 .text          0x0000000008000d40        0xc /usr/lib/gcc/arm-none-eabi/9.2.1/../../../arm-none-eabi/lib/thumb/v7e-m+dp/hard/libc_nano.a(lib_a-errno.o)
                0x0000000008000d40                __errno
 .text          0x0000000008000d4c       0x48 /usr/lib/gcc/arm-none-eabi/9.2.1/../../../arm-none-eabi/lib/thumb/v7e-m+dp/hard/libc_nano.a(lib_a-init.o)
                0x0000000008000d4c                __libc_init_array
 .text          0x0000000008000d94       0x20 /usr/lib/gcc/arm-none-eabi/9.2.1/../../../arm-none-eabi/lib/thumb/v7e-m+dp/hard/libc_nano.a(lib_a-malloc.o)
                0x0000000008000d94                malloc
                0x0000000008000da4                free
 .text          0x0000000008000db4      0x134 /usr/lib/gcc/arm-none-eabi/9.2.1/../../../arm-none-eabi/lib/thumb/v7e-m+dp/hard/libc_nano.a(lib_a-memcpy.o)
                0x0000000008000db4                memcpy
 .text          0x0000000008000ee8       0xd0 /usr/lib/gcc/arm-none-eabi/9.2.1/../../../arm-none-eabi/lib/thumb/v7e-m+dp/hard/libc_nano.a(lib_a-memmove.o)
                0x0000000008000ee8                memmove
 .text          0x0000000008000fb8       0xa0 /usr/lib/gcc/arm-none-eabi/9.2.1/../../../arm-none-eabi/lib/thumb/v7e-m+dp/hard/libc_nano.a(lib_a-memset.o)
                0x0000000008000fb8                memset
 .text          0x0000000008001058       0xac /usr/lib/gcc/arm-none-eabi/9.2.1/../../../arm-none-eabi/lib/thumb/v7e-m+dp/hard/libc_nano.a(lib_a-nano-freer.o)
                0x0000000008001058                _free_r
 .text          0x0000000008001104       0xc8 /usr/lib/gcc/arm-none-eabi/9.2.1/../../../arm-none-eabi/lib/thumb/v7e-m+dp/hard/libc_nano.a(lib_a-nano-mallocr.o)
                0x0000000008001104                _malloc_r
 .text          0x00000000080011cc       0x24 /usr/lib/gcc/arm-none-eabi/9.2.1/../../../arm-none-eabi/lib/thumb/v7e-m+dp/hard/libc_nano.a(lib_a-sbrkr.o)
                0x00000000080011cc                _sbrk_r
 .text          0x00000000080011f0      0x150 /usr/lib/gcc/arm-none-eabi/9.2.1/../../../arm-none-eabi/lib/thumb/v7e-m+dp/hard/libc_nano.a(lib_a-signal.o)
                0x0000000008001218                _init_signal_r
                0x0000000008001224                _signal_r
                0x0000000008001258                _raise_r
                0x00000000080012ac                __sigtramp_r
                0x00000000080012fc                raise
                0x000000000800130c                signal
                0x000000000800131c                _init_signal
                0x0000000008001330                __sigtramp
 .text          0x0000000008001340       0x2c /usr/lib/gcc/arm-none-eabi/9.2.1/../../../arm-none-eabi/lib/thumb/v7e-m+dp/hard/libc_nano.a(lib_a-signalr.o)
                0x0000000008001340                _kill_r
                0x0000000008001368                _getpid_r
 *fill*         0x000000000800136c       0x14 
 .text          0x0000000008001380      0x2dc /usr/lib/gcc/arm-none-eabi/9.2.1/../../../arm-none-eabi/lib/thumb/v7e-m+dp/hard/libc_nano.a(lib_a-strcmp.o)
                0x0000000008001388                strcmp
 *fill*         0x000000000800165c       0x24 
 .text          0x0000000008001680       0xdc /usr/lib/gcc/arm-none-eabi/9.2.1/../../../arm-none-eabi/lib/thumb/v7e-m+dp/hard/libc_nano.a(lib_a-strlen.o)
                0x0000000008001680                strlen
 .text          0x000000000800175c       0xa0 /usr/lib/gcc/arm-none-eabi/9.2.1/../../../arm-none-eabi/lib/thumb/v7e-m+dp/hard/libc_nano.a(lib_a-__atexit.o)
                0x000000000800175c                __register_exitproc
 .text          0x00000000080017fc        0x8 /usr/lib/gcc/arm-none-eabi/9.2.1/../../../arm-none-eabi/lib/thumb/v7e-m+dp/hard/libc_nano.a(lib_a-mlock.o)
                0x00000000080017fc                __malloc_lock
                0x0000000008001800                __malloc_unlock
 .text          0x0000000008001804      0x378 /usr/lib/gcc/arm-none-eabi/9.2.1/thumb/v7e-m+dp/hard/libgcc.a(_arm_addsubdf3.o)
                0x0000000008001804                __aeabi_drsub
                0x000000000800180c                __aeabi_dsub
                0x000000000800180c                __subdf3
                0x0000000008001810                __adddf3
                0x0000000008001810                __aeabi_dadd
                0x0000000008001a88                __aeabi_ui2d
                0x0000000008001a88                __floatunsidf
                0x0000000008001aa8                __floatsidf
                0x0000000008001aa8                __aeabi_i2d
                0x0000000008001acc                __extendsfdf2
                0x0000000008001acc                __aeabi_f2d
                0x0000000008001b10                __aeabi_ul2d
                0x0000000008001b10                __floatundidf
                0x0000000008001b20                __floatdidf
                0x0000000008001b20                __aeabi_l2d
 .text          0x0000000008001b7c       0x30 /usr/lib/gcc/arm-none-eabi/9.2.1/thumb/v7e-m+dp/hard/libgcc.a(_aeabi_uldivmod.o)
                0x0000000008001b7c                __aeabi_uldivmod
 .text          0x0000000008001bac      0x2c4 /usr/lib/gcc/arm-none-eabi/9.2.1/thumb/v7e-m+dp/hard/libgcc.a(_udivmoddi4.o)
                0x0000000008001bac                __udivmoddi4
 .text          0x0000000008001e70        0x4 /usr/lib/gcc/arm-none-eabi/9.2.1/thumb/v7e-m+dp/hard/libgcc.a(_dvmd_tls.o)
                0x0000000008001e70                __aeabi_ldiv0
                0x0000000008001e70                __aeabi_idiv0
 .text          0x0000000008001e74       0x10 /usr/lib/gcc/arm-none-eabi/9.2.1/../../../arm-none-eabi/lib/thumb/v7e-m+dp/hard/libnosys.a(getpid.o)
                0x0000000008001e74                _getpid
 .text          0x0000000008001e84       0x10 /usr/lib/gcc/arm-none-eabi/9.2.1/../../../arm-none-eabi/lib/thumb/v7e-m+dp/hard/libnosys.a(kill.o)
                0x0000000008001e84                _kill
 .text          0x0000000008001e94       0x1c /usr/lib/gcc/arm-none-eabi/9.2.1/../../../arm-none-eabi/lib/thumb/v7e-m+dp/hard/libnosys.a(sbrk.o)
                0x0000000008001e94                _sbrk
 .text          0x0000000008001eb0        0x4 /usr/lib/gcc/arm-none-eabi/9.2.1/../../../arm-none-eabi/lib/thumb/v7e-m+dp/hard/libnosys.a(_exit.o)
                0x0000000008001eb0                _exit
 *(.text*)
 .text.Default_Handler
                0x0000000008001eb4        0x4 build/startup_stm32h750xx.o
                0x0000000008001eb4                RTC_Alarm_IRQHandler
                0x0000000008001eb4                HASH_RNG_IRQHandler
                0x0000000008001eb4                EXTI2_IRQHandler
                0x0000000008001eb4                TIM8_CC_IRQHandler
                0x0000000008001eb4                HRTIM1_Master_IRQHandler
                0x0000000008001eb4                DebugMon_Handler
                0x0000000008001eb4                SPI4_IRQHandler
                0x0000000008001eb4                TIM1_CC_IRQHandler
                0x0000000008001eb4                BDMA_Channel6_IRQHandler
                0x0000000008001eb4                DMA2_Stream5_IRQHandler
                0x0000000008001eb4                HRTIM1_FLT_IRQHandler
                0x0000000008001eb4                JPEG_IRQHandler
                0x0000000008001eb4                BDMA_Channel1_IRQHandler
                0x0000000008001eb4                HRTIM1_TIMD_IRQHandler
                0x0000000008001eb4                TAMP_STAMP_IRQHandler
                0x0000000008001eb4                PendSV_Handler
                0x0000000008001eb4                NMI_Handler
                0x0000000008001eb4                EXTI3_IRQHandler
                0x0000000008001eb4                LPTIM4_IRQHandler
                0x0000000008001eb4                TIM8_TRG_COM_TIM14_IRQHandler
                0x0000000008001eb4                LPTIM2_IRQHandler
                0x0000000008001eb4                DFSDM1_FLT1_IRQHandler
                0x0000000008001eb4                DMAMUX2_OVR_IRQHandler
                0x0000000008001eb4                TIM8_UP_TIM13_IRQHandler
                0x0000000008001eb4                I2C3_ER_IRQHandler
                0x0000000008001eb4                DFSDM1_FLT2_IRQHandler
                0x0000000008001eb4                MDMA_IRQHandler
                0x0000000008001eb4                LPTIM3_IRQHandler
                0x0000000008001eb4                HSEM1_IRQHandler
                0x0000000008001eb4                EXTI0_IRQHandler
                0x0000000008001eb4                FPU_IRQHandler
                0x0000000008001eb4                OTG_HS_WKUP_IRQHandler
                0x0000000008001eb4                FDCAN1_IT1_IRQHandler
                0x0000000008001eb4                UsageFault_Handler
                0x0000000008001eb4                LTDC_ER_IRQHandler
                0x0000000008001eb4                DMA2_Stream2_IRQHandler
                0x0000000008001eb4                HRTIM1_TIME_IRQHandler
                0x0000000008001eb4                SPI1_IRQHandler
                0x0000000008001eb4                DCMI_IRQHandler
                0x0000000008001eb4                HRTIM1_TIMC_IRQHandler
                0x0000000008001eb4                DMA2_Stream3_IRQHandler
                0x0000000008001eb4                SAI2_IRQHandler
                0x0000000008001eb4                DFSDM1_FLT3_IRQHandler
                0x0000000008001eb4                TIM17_IRQHandler
                0x0000000008001eb4                CRYP_IRQHandler
                0x0000000008001eb4                BDMA_Channel7_IRQHandler
                0x0000000008001eb4                LPTIM5_IRQHandler
                0x0000000008001eb4                ADC3_IRQHandler
                0x0000000008001eb4                TIM4_IRQHandler
                0x0000000008001eb4                BDMA_Channel2_IRQHandler
                0x0000000008001eb4                DMAMUX1_OVR_IRQHandler
                0x0000000008001eb4                TIM16_IRQHandler
                0x0000000008001eb4                BDMA_Channel5_IRQHandler
                0x0000000008001eb4                TIM3_IRQHandler
                0x0000000008001eb4                RCC_IRQHandler
                0x0000000008001eb4                TIM8_BRK_TIM12_IRQHandler
                0x0000000008001eb4                TIM1_TRG_COM_IRQHandler
                0x0000000008001eb4                Default_Handler
                0x0000000008001eb4                ECC_IRQHandler
                0x0000000008001eb4                CEC_IRQHandler
                0x0000000008001eb4                EXTI15_10_IRQHandler
                0x0000000008001eb4                BDMA_Channel0_IRQHandler
                0x0000000008001eb4                ADC_IRQHandler
                0x0000000008001eb4                DMA1_Stream7_IRQHandler
                0x0000000008001eb4                HRTIM1_TIMA_IRQHandler
                0x0000000008001eb4                SPI5_IRQHandler
                0x0000000008001eb4                TIM7_IRQHandler
                0x0000000008001eb4                SDMMC1_IRQHandler
                0x0000000008001eb4                TIM5_IRQHandler
                0x0000000008001eb4                DMA2_Stream7_IRQHandler
                0x0000000008001eb4                TIM15_IRQHandler
                0x0000000008001eb4                PVD_AVD_IRQHandler
                0x0000000008001eb4                EXTI9_5_IRQHandler
                0x0000000008001eb4                RTC_WKUP_IRQHandler
                0x0000000008001eb4                LTDC_IRQHandler
                0x0000000008001eb4                SAI3_IRQHandler
                0x0000000008001eb4                ETH_WKUP_IRQHandler
                0x0000000008001eb4                SPDIF_RX_IRQHandler
                0x0000000008001eb4                SPI2_IRQHandler
                0x0000000008001eb4                OTG_HS_EP1_IN_IRQHandler
                0x0000000008001eb4                MemManage_Handler
                0x0000000008001eb4                SVC_Handler
                0x0000000008001eb4                CRS_IRQHandler
                0x0000000008001eb4                EXTI4_IRQHandler
                0x0000000008001eb4                HRTIM1_TIMB_IRQHandler
                0x0000000008001eb4                FDCAN2_IT1_IRQHandler
                0x0000000008001eb4                ETH_IRQHandler
                0x0000000008001eb4                TIM1_UP_IRQHandler
                0x0000000008001eb4                BDMA_Channel4_IRQHandler
                0x0000000008001eb4                OTG_HS_EP1_OUT_IRQHandler
                0x0000000008001eb4                WWDG_IRQHandler
                0x0000000008001eb4                SPI6_IRQHandler
                0x0000000008001eb4                I2C4_EV_IRQHandler
                0x0000000008001eb4                MDIOS_IRQHandler
                0x0000000008001eb4                FDCAN2_IT0_IRQHandler
                0x0000000008001eb4                FDCAN1_IT0_IRQHandler
                0x0000000008001eb4                TIM2_IRQHandler
                0x0000000008001eb4                OTG_FS_WKUP_IRQHandler
                0x0000000008001eb4                OTG_HS_IRQHandler
                0x0000000008001eb4                DMA2D_IRQHandler
                0x0000000008001eb4                TIM1_BRK_IRQHandler
                0x0000000008001eb4                EXTI1_IRQHandler
                0x0000000008001eb4                SDMMC2_IRQHandler
                0x0000000008001eb4                OTG_FS_EP1_OUT_IRQHandler
                0x0000000008001eb4                BDMA_Channel3_IRQHandler
                0x0000000008001eb4                MDIOS_WKUP_IRQHandler
                0x0000000008001eb4                DFSDM1_FLT0_IRQHandler
                0x0000000008001eb4                SAI4_IRQHandler
                0x0000000008001eb4                I2C2_ER_IRQHandler
                0x0000000008001eb4                FLASH_IRQHandler
                0x0000000008001eb4                DMA2_Stream4_IRQHandler
                0x0000000008001eb4                BusFault_Handler
                0x0000000008001eb4                OTG_FS_IRQHandler
                0x0000000008001eb4                SPI3_IRQHandler
                0x0000000008001eb4                WAKEUP_PIN_IRQHandler
                0x0000000008001eb4                OTG_FS_EP1_IN_IRQHandler
                0x0000000008001eb4                I2C1_ER_IRQHandler
                0x0000000008001eb4                FMC_IRQHandler
                0x0000000008001eb4                FDCAN_CAL_IRQHandler
                0x0000000008001eb4                SWPMI1_IRQHandler
                0x0000000008001eb4                COMP1_IRQHandler
                0x0000000008001eb4                LPTIM1_IRQHandler
                0x0000000008001eb4                I2C4_ER_IRQHandler
                0x0000000008001eb4                DMA2_Stream6_IRQHandler
                0x0000000008001eb4                SAI1_IRQHandler
 .text.Reset_Handler
                0x0000000008001eb8       0x4c build/startup_stm32h750xx.o
                0x0000000008001eb8                Reset_Handler
 .text._ZN7daisysp3SvfD2Ev
                0x0000000008001f04        0x4 build/Svf.o
                0x0000000008001f04                daisysp::Svf::~Svf()
                0x0000000008001f04                daisysp::Svf::~Svf()
 .text._ZN5daisy9ParameterD2Ev
                0x0000000008001f08        0x4 build/Svf.o
                0x0000000008001f08                daisy::Parameter::~Parameter()
                0x0000000008001f08                daisy::Parameter::~Parameter()
 .text._ZN5daisy10DaisyPatchD2Ev
                0x0000000008001f0c        0x4 build/Svf.o
                0x0000000008001f0c                daisy::DaisyPatch::~DaisyPatch()
                0x0000000008001f0c                daisy::DaisyPatch::~DaisyPatch()
 .text._ZN5daisy11OledDisplayINS_13SSD130xDriverILj128ELj64ENS_24SSD130x4WireSpiTransportEEEED2Ev
                0x0000000008001f10        0x4 build/Svf.o
                0x0000000008001f10                daisy::OledDisplay<daisy::SSD130xDriver<128u, 64u, daisy::SSD130x4WireSpiTransport> >::~OledDisplay()
                0x0000000008001f10                daisy::OledDisplay<daisy::SSD130xDriver<128u, 64u, daisy::SSD130x4WireSpiTransport> >::~OledDisplay()
 .text._ZNK5daisy11OledDisplayINS_13SSD130xDriverILj128ELj64ENS_24SSD130x4WireSpiTransportEEEE6HeightEv
                0x0000000008001f14        0x4 build/Svf.o
                0x0000000008001f14                daisy::OledDisplay<daisy::SSD130xDriver<128u, 64u, daisy::SSD130x4WireSpiTransport> >::Height() const
 .text._ZNK5daisy11OledDisplayINS_13SSD130xDriverILj128ELj64ENS_24SSD130x4WireSpiTransportEEEE5WidthEv
                0x0000000008001f18        0x4 build/Svf.o
                0x0000000008001f18                daisy::OledDisplay<daisy::SSD130xDriver<128u, 64u, daisy::SSD130x4WireSpiTransport> >::Width() const
 .text._ZN5daisy11OledDisplayINS_13SSD130xDriverILj128ELj64ENS_24SSD130x4WireSpiTransportEEEE4FillEb
                0x0000000008001f1c       0x18 build/Svf.o
                0x0000000008001f1c                daisy::OledDisplay<daisy::SSD130xDriver<128u, 64u, daisy::SSD130x4WireSpiTransport> >::Fill(bool)
 .text._ZL13AudioCallbackPKPKfPPfj
                0x0000000008001f34       0xa8 build/Svf.o
 .text._ZN5daisy11OledDisplayINS_13SSD130xDriverILj128ELj64ENS_24SSD130x4WireSpiTransportEEEED0Ev
                0x0000000008001fdc       0x10 build/Svf.o
                0x0000000008001fdc                daisy::OledDisplay<daisy::SSD130xDriver<128u, 64u, daisy::SSD130x4WireSpiTransport> >::~OledDisplay()
 .text._ZN5daisy11OledDisplayINS_13SSD130xDriverILj128ELj64ENS_24SSD130x4WireSpiTransportEEEE6UpdateEv
                0x0000000008001fec       0x8c build/Svf.o
                0x0000000008001fec                daisy::OledDisplay<daisy::SSD130xDriver<128u, 64u, daisy::SSD130x4WireSpiTransport> >::Update()
 .text._ZN5daisy25OneBitGraphicsDisplayImplINS_11OledDisplayINS_13SSD130xDriverILj128ELj64ENS_24SSD130x4WireSpiTransportEEEEEE11WriteStringEPKc7FontDefb
                0x0000000008002078      0x1e0 build/Svf.o
                0x0000000008002078                daisy::OneBitGraphicsDisplayImpl<daisy::OledDisplay<daisy::SSD130xDriver<128u, 64u, daisy::SSD130x4WireSpiTransport> > >::WriteString(char const*, FontDef, bool)
 .text._ZN5daisy11OledDisplayINS_13SSD130xDriverILj128ELj64ENS_24SSD130x4WireSpiTransportEEEE9DrawPixelEjjb
                0x0000000008002258       0x4c build/Svf.o
                0x0000000008002258                daisy::OledDisplay<daisy::SSD130xDriver<128u, 64u, daisy::SSD130x4WireSpiTransport> >::DrawPixel(unsigned int, unsigned int, bool)
 .text._ZN5daisy25OneBitGraphicsDisplayImplINS_11OledDisplayINS_13SSD130xDriverILj128ELj64ENS_24SSD130x4WireSpiTransportEEEEEE18WriteStringAlignedEPKcRK7FontDefNS_9RectangleENS_9AlignmentEb
                0x00000000080022a4      0x3f4 build/Svf.o
                0x00000000080022a4                daisy::OneBitGraphicsDisplayImpl<daisy::OledDisplay<daisy::SSD130xDriver<128u, 64u, daisy::SSD130x4WireSpiTransport> > >::WriteStringAligned(char const*, FontDef const&, daisy::Rectangle, daisy::Alignment, bool)
 .text._ZN5daisy25OneBitGraphicsDisplayImplINS_11OledDisplayINS_13SSD130xDriverILj128ELj64ENS_24SSD130x4WireSpiTransportEEEEEE8DrawLineEjjjjb
                0x0000000008002698       0xfc build/Svf.o
                0x0000000008002698                daisy::OneBitGraphicsDisplayImpl<daisy::OledDisplay<daisy::SSD130xDriver<128u, 64u, daisy::SSD130x4WireSpiTransport> > >::DrawLine(unsigned int, unsigned int, unsigned int, unsigned int, bool)
 *fill*         0x0000000008002794        0x4 
 .text._ZN5daisy25OneBitGraphicsDisplayImplINS_11OledDisplayINS_13SSD130xDriverILj128ELj64ENS_24SSD130x4WireSpiTransportEEEEEE7DrawArcEjjjiib
                0x0000000008002798      0x418 build/Svf.o
                0x0000000008002798                daisy::OneBitGraphicsDisplayImpl<daisy::OledDisplay<daisy::SSD130xDriver<128u, 64u, daisy::SSD130x4WireSpiTransport> > >::DrawArc(unsigned int, unsigned int, unsigned int, int, int, bool)
 .text._ZN5daisy25OneBitGraphicsDisplayImplINS_11OledDisplayINS_13SSD130xDriverILj128ELj64ENS_24SSD130x4WireSpiTransportEEEEEE9WriteCharEc7FontDefb
                0x0000000008002bb0      0x19c build/Svf.o
                0x0000000008002bb0                daisy::OneBitGraphicsDisplayImpl<daisy::OledDisplay<daisy::SSD130xDriver<128u, 64u, daisy::SSD130x4WireSpiTransport> > >::WriteChar(char, FontDef, bool)
 .text._ZN5daisy25OneBitGraphicsDisplayImplINS_11OledDisplayINS_13SSD130xDriverILj128ELj64ENS_24SSD130x4WireSpiTransportEEEEEE8DrawRectEjjjjbb
                0x0000000008002d4c      0x41c build/Svf.o
                0x0000000008002d4c                daisy::OneBitGraphicsDisplayImpl<daisy::OledDisplay<daisy::SSD130xDriver<128u, 64u, daisy::SSD130x4WireSpiTransport> > >::DrawRect(unsigned int, unsigned int, unsigned int, unsigned int, bool, bool)
 .text._ZN5daisy13SSD130xDriverILj128ELj64ENS_24SSD130x4WireSpiTransportEE6UpdateEv
                0x0000000008003168       0x88 build/Svf.o
                0x0000000008003168                daisy::SSD130xDriver<128u, 64u, daisy::SSD130x4WireSpiTransport>::Update()
 .text.startup.main
                0x00000000080031f0      0x148 build/Svf.o
                0x00000000080031f0                main
 .text.startup._GLOBAL__sub_I_patch
                0x0000000008003338       0xbc build/Svf.o
 .text._ZN5daisy10DaisyPatch10StartAudioEPFvPKPKfPPfjE
                0x00000000080033f4        0x4 ../../libdaisy/build/libdaisy.a(daisy_patch.o)
                0x00000000080033f4                daisy::DaisyPatch::StartAudio(void (*)(float const* const*, float**, unsigned int))
 .text._ZN5daisy10DaisyPatch15AudioSampleRateEv
                0x00000000080033f8        0x4 ../../libdaisy/build/libdaisy.a(daisy_patch.o)
                0x00000000080033f8                daisy::DaisyPatch::AudioSampleRate()
 .text._ZN5daisy10DaisyPatch8StartAdcEv
                0x00000000080033fc        0x8 ../../libdaisy/build/libdaisy.a(daisy_patch.o)
                0x00000000080033fc                daisy::DaisyPatch::StartAdc()
 .text._ZN5daisy10DaisyPatch9InitAudioEv
                0x0000000008003404       0xd8 ../../libdaisy/build/libdaisy.a(daisy_patch.o)
                0x0000000008003404                daisy::DaisyPatch::InitAudio()
 .text._ZN5daisy10DaisyPatch12InitControlsEv
                0x00000000080034dc       0xb0 ../../libdaisy/build/libdaisy.a(daisy_patch.o)
                0x00000000080034dc                daisy::DaisyPatch::InitControls()
 *fill*         0x000000000800358c        0x4 
 .text._ZN5daisy10DaisyPatch11InitDisplayEv
                0x0000000008003590      0x300 ../../libdaisy/build/libdaisy.a(daisy_patch.o)
                0x0000000008003590                daisy::DaisyPatch::InitDisplay()
 .text._ZN5daisy10DaisyPatch4InitEb
                0x0000000008003890      0x13c ../../libdaisy/build/libdaisy.a(daisy_patch.o)
                0x0000000008003890                daisy::DaisyPatch::Init(bool)
 .text._ZN5daisy9DaisySeed9ConfigureEv
                0x00000000080039cc       0x40 ../../libdaisy/build/libdaisy.a(daisy_seed.o)
                0x00000000080039cc                daisy::DaisySeed::Configure()
 .text._ZN5daisy9DaisySeed6GetPinEh
                0x0000000008003a0c       0x2c ../../libdaisy/build/libdaisy.a(daisy_seed.o)
                0x0000000008003a0c                daisy::DaisySeed::GetPin(unsigned char)
 .text._ZN5daisy9DaisySeed10StartAudioEPFvPKPKfPPfjE
                0x0000000008003a38        0x8 ../../libdaisy/build/libdaisy.a(daisy_seed.o)
                0x0000000008003a38                daisy::DaisySeed::StartAudio(void (*)(float const* const*, float**, unsigned int))
 .text._ZN5daisy9DaisySeed15AudioSampleRateEv
                0x0000000008003a40        0x8 ../../libdaisy/build/libdaisy.a(daisy_seed.o)
                0x0000000008003a40                daisy::DaisySeed::AudioSampleRate()
 .text._ZNK5daisy9DaisySeed17AudioCallbackRateEv
                0x0000000008003a48        0x8 ../../libdaisy/build/libdaisy.a(daisy_seed.o)
                0x0000000008003a48                daisy::DaisySeed::AudioCallbackRate() const
 .text._ZN5daisy9DaisySeed14ConfigureAudioEv
                0x0000000008003a50       0x70 ../../libdaisy/build/libdaisy.a(daisy_seed.o)
                0x0000000008003a50                daisy::DaisySeed::ConfigureAudio()
 .text._ZN5daisy9DaisySeed4InitEb
                0x0000000008003ac0       0x7c ../../libdaisy/build/libdaisy.a(daisy_seed.o)
                0x0000000008003ac0                daisy::DaisySeed::Init(bool)
 .text._ZN5daisy6Ak45564InitE12dsy_gpio_pin
                0x0000000008003b3c       0x44 ../../libdaisy/build/libdaisy.a(codec_ak4556.o)
                0x0000000008003b3c                daisy::Ak4556::Init(dsy_gpio_pin)
 .text.dsy_sdram_init
                0x0000000008003b80      0x120 ../../libdaisy/build/libdaisy.a(sdram.o)
                0x0000000008003b80                dsy_sdram_init
 .text.HAL_SDRAM_MspInit
                0x0000000008003ca0      0x1cc ../../libdaisy/build/libdaisy.a(sdram.o)
                0x0000000008003ca0                HAL_SDRAM_MspInit
 .text._ZN5daisy11AudioHandle4Impl16InternalCallbackEPlS2_j
                0x0000000008003e6c      0xc14 ../../libdaisy/build/libdaisy.a(audio.o)
                0x0000000008003e6c                daisy::AudioHandle::Impl::InternalCallback(long*, long*, unsigned int)
 .text._ZN5daisy11AudioHandle4InitERKNS0_6ConfigENS_9SaiHandleE
                0x0000000008004a80       0x68 ../../libdaisy/build/libdaisy.a(audio.o)
                0x0000000008004a80                daisy::AudioHandle::Init(daisy::AudioHandle::Config const&, daisy::SaiHandle)
 .text._ZN5daisy11AudioHandle4InitERKNS0_6ConfigENS_9SaiHandleES4_
                0x0000000008004ae8       0x80 ../../libdaisy/build/libdaisy.a(audio.o)
                0x0000000008004ae8                daisy::AudioHandle::Init(daisy::AudioHandle::Config const&, daisy::SaiHandle, daisy::SaiHandle)
 .text._ZNK5daisy11AudioHandle9GetConfigEv
                0x0000000008004b68        0x8 ../../libdaisy/build/libdaisy.a(audio.o)
                0x0000000008004b68                daisy::AudioHandle::GetConfig() const
 .text._ZN5daisy11AudioHandle13GetSampleRateEv
                0x0000000008004b70        0x8 ../../libdaisy/build/libdaisy.a(audio.o)
                0x0000000008004b70                daisy::AudioHandle::GetSampleRate()
 .text._ZN5daisy11AudioHandle5StartEPFvPKPKfPPfjE
                0x0000000008004b78       0x44 ../../libdaisy/build/libdaisy.a(audio.o)
                0x0000000008004b78                daisy::AudioHandle::Start(void (*)(float const* const*, float**, unsigned int))
 .text.startup._GLOBAL__sub_I__ZN5daisy11AudioHandle4Impl4InitENS0_6ConfigENS_9SaiHandleE
                0x0000000008004bbc       0x10 ../../libdaisy/build/libdaisy.a(audio.o)
 .text._ZN5daisy13AnalogControl4InitEPtfbbf
                0x0000000008004bcc       0x3c ../../libdaisy/build/libdaisy.a(ctrl.o)
                0x0000000008004bcc                daisy::AnalogControl::Init(unsigned short*, float, bool, bool, float)
 .text._ZN5daisy13AnalogControl7ProcessEv
                0x0000000008004c08       0x48 ../../libdaisy/build/libdaisy.a(ctrl.o)
                0x0000000008004c08                daisy::AnalogControl::Process()
 .text._ZN5daisy7Encoder4InitE12dsy_gpio_pinS1_S1_f
                0x0000000008004c50       0x4c ../../libdaisy/build/libdaisy.a(encoder.o)
                0x0000000008004c50                daisy::Encoder::Init(dsy_gpio_pin, dsy_gpio_pin, dsy_gpio_pin, float)
 .text._ZN5daisy6GateIn4InitEP12dsy_gpio_pin
                0x0000000008004c9c       0x10 ../../libdaisy/build/libdaisy.a(gatein.o)
                0x0000000008004c9c                daisy::GateIn::Init(dsy_gpio_pin*)
 .text._ZN5daisy9Parameter4InitENS_13AnalogControlEffNS0_5CurveE
                0x0000000008004cac       0x5c ../../libdaisy/build/libdaisy.a(parameter.o)
                0x0000000008004cac                daisy::Parameter::Init(daisy::AnalogControl, float, float, daisy::Parameter::Curve)
 .text._ZN5daisy9Parameter7ProcessEv
                0x0000000008004d08       0xa4 ../../libdaisy/build/libdaisy.a(parameter.o)
                0x0000000008004d08                daisy::Parameter::Process()
 .text._ZN5daisy6Switch4InitE12dsy_gpio_pinf
                0x0000000008004dac       0x38 ../../libdaisy/build/libdaisy.a(switch.o)
                0x0000000008004dac                daisy::Switch::Init(dsy_gpio_pin, float)
 .text._ZN5daisy16AdcChannelConfig10InitSingleE12dsy_gpio_pin
                0x0000000008004de4       0x1c ../../libdaisy/build/libdaisy.a(adc.o)
                0x0000000008004de4                daisy::AdcChannelConfig::InitSingle(dsy_gpio_pin)
 .text._ZN5daisy9AdcHandle4InitEPNS_16AdcChannelConfigEjNS0_12OverSamplingE
                0x0000000008004e00      0x744 ../../libdaisy/build/libdaisy.a(adc.o)
                0x0000000008004e00                daisy::AdcHandle::Init(daisy::AdcChannelConfig*, unsigned int, daisy::AdcHandle::OverSampling)
 .text._ZN5daisy9AdcHandle5StartEv
                0x0000000008005544       0x2c ../../libdaisy/build/libdaisy.a(adc.o)
                0x0000000008005544                daisy::AdcHandle::Start()
 .text._ZNK5daisy9AdcHandle6GetPtrEh
                0x0000000008005570       0x14 ../../libdaisy/build/libdaisy.a(adc.o)
                0x0000000008005570                daisy::AdcHandle::GetPtr(unsigned char) const
 .text.HAL_ADC_MspInit
                0x0000000008005584       0x9c ../../libdaisy/build/libdaisy.a(adc.o)
                0x0000000008005584                HAL_ADC_MspInit
 .text.DMA1_Stream2_IRQHandler
                0x0000000008005620        0xc ../../libdaisy/build/libdaisy.a(adc.o)
                0x0000000008005620                DMA1_Stream2_IRQHandler
 .text.HAL_ADC_ConvCpltCallback
                0x000000000800562c      0x14c ../../libdaisy/build/libdaisy.a(adc.o)
                0x000000000800562c                HAL_ADC_ConvCpltCallback
 .text.HAL_ADC_ErrorCallback
                0x0000000008005778        0x4 ../../libdaisy/build/libdaisy.a(adc.o)
                0x0000000008005778                HAL_ADC_ErrorCallback
 .text.HAL_DAC_MspInit
                0x000000000800577c      0x160 ../../libdaisy/build/libdaisy.a(dac.o)
                0x000000000800577c                HAL_DAC_MspInit
 .text.DMA2_Stream0_IRQHandler
                0x00000000080058dc        0xc ../../libdaisy/build/libdaisy.a(dac.o)
                0x00000000080058dc                DMA2_Stream0_IRQHandler
 .text.DMA2_Stream1_IRQHandler
                0x00000000080058e8        0xc ../../libdaisy/build/libdaisy.a(dac.o)
                0x00000000080058e8                DMA2_Stream1_IRQHandler
 .text.TIM6_DAC_IRQHandler
                0x00000000080058f4       0x1c ../../libdaisy/build/libdaisy.a(dac.o)
                0x00000000080058f4                TIM6_DAC_IRQHandler
 .text._ZN5daisy9DacHandle4InitERKNS0_6ConfigE
                0x0000000008005910       0xf8 ../../libdaisy/build/libdaisy.a(dac.o)
                0x0000000008005910                daisy::DacHandle::Init(daisy::DacHandle::Config const&)
 .text._ZN5daisy9DacHandle10WriteValueENS0_7ChannelEt
                0x0000000008005a08       0x70 ../../libdaisy/build/libdaisy.a(dac.o)
                0x0000000008005a08                daisy::DacHandle::WriteValue(daisy::DacHandle::Channel, unsigned short)
 .text.dsy_gpio_init
                0x0000000008005a78      0x1b8 ../../libdaisy/build/libdaisy.a(gpio.o)
                0x0000000008005a78                dsy_gpio_init
 .text.dsy_gpio_write
                0x0000000008005c30       0x24 ../../libdaisy/build/libdaisy.a(gpio.o)
                0x0000000008005c30                dsy_gpio_write
 .text.dsy_qspi_init
                0x0000000008005c54      0x390 ../../libdaisy/build/libdaisy.a(qspi.o)
                0x0000000008005c54                dsy_qspi_init
 .text.HAL_QSPI_MspInit
                0x0000000008005fe4      0x10c ../../libdaisy/build/libdaisy.a(qspi.o)
                0x0000000008005fe4                HAL_QSPI_MspInit
 .text.HAL_QSPI_MspDeInit
                0x00000000080060f0       0x58 ../../libdaisy/build/libdaisy.a(qspi.o)
                0x00000000080060f0                HAL_QSPI_MspDeInit
 .text.QUADSPI_IRQHandler
                0x0000000008006148        0xc ../../libdaisy/build/libdaisy.a(qspi.o)
                0x0000000008006148                QUADSPI_IRQHandler
 .text._ZN5daisy9SaiHandle4Impl7InitDmaENS1_15PeripheralBlockE
                0x0000000008006154       0xa0 ../../libdaisy/build/libdaisy.a(sai.o)
                0x0000000008006154                daisy::SaiHandle::Impl::InitDma(daisy::SaiHandle::Impl::PeripheralBlock)
 .text._ZN5daisy9SaiHandle4Impl8InitPinsEv
                0x00000000080061f4       0xa8 ../../libdaisy/build/libdaisy.a(sai.o)
                0x00000000080061f4                daisy::SaiHandle::Impl::InitPins()
 .text.HAL_SAI_MspInit
                0x000000000800629c      0x164 ../../libdaisy/build/libdaisy.a(sai.o)
                0x000000000800629c                HAL_SAI_MspInit
 .text.DMA1_Stream0_IRQHandler
                0x0000000008006400        0xc ../../libdaisy/build/libdaisy.a(sai.o)
                0x0000000008006400                DMA1_Stream0_IRQHandler
 .text.DMA1_Stream1_IRQHandler
                0x000000000800640c        0xc ../../libdaisy/build/libdaisy.a(sai.o)
                0x000000000800640c                DMA1_Stream1_IRQHandler
 .text.DMA1_Stream3_IRQHandler
                0x0000000008006418        0xc ../../libdaisy/build/libdaisy.a(sai.o)
                0x0000000008006418                DMA1_Stream3_IRQHandler
 .text.DMA1_Stream4_IRQHandler
                0x0000000008006424        0xc ../../libdaisy/build/libdaisy.a(sai.o)
                0x0000000008006424                DMA1_Stream4_IRQHandler
 .text.HAL_SAI_RxHalfCpltCallback
                0x0000000008006430       0x78 ../../libdaisy/build/libdaisy.a(sai.o)
                0x0000000008006430                HAL_SAI_RxHalfCpltCallback
 .text.HAL_SAI_RxCpltCallback
                0x00000000080064a8       0x70 ../../libdaisy/build/libdaisy.a(sai.o)
                0x00000000080064a8                HAL_SAI_RxCpltCallback
 .text._ZN5daisy9SaiHandle4InitERKNS0_6ConfigE
                0x0000000008006518      0x1e0 ../../libdaisy/build/libdaisy.a(sai.o)
                0x0000000008006518                daisy::SaiHandle::Init(daisy::SaiHandle::Config const&)
 .text._ZNK5daisy9SaiHandle9GetConfigEv
                0x00000000080066f8        0x4 ../../libdaisy/build/libdaisy.a(sai.o)
                0x00000000080066f8                daisy::SaiHandle::GetConfig() const
 .text._ZN5daisy9SaiHandle8StartDmaEPlS1_jPFvS1_S1_jE
                0x00000000080066fc       0x68 ../../libdaisy/build/libdaisy.a(sai.o)
                0x00000000080066fc                daisy::SaiHandle::StartDma(long*, long*, unsigned int, void (*)(long*, long*, unsigned int))
 .text._ZN5daisy9SaiHandle13GetSampleRateEv
                0x0000000008006764       0x24 ../../libdaisy/build/libdaisy.a(sai.o)
                0x0000000008006764                daisy::SaiHandle::GetSampleRate()
 .text._ZNK5daisy9SaiHandle9GetOffsetEv
                0x0000000008006788        0x8 ../../libdaisy/build/libdaisy.a(sai.o)
                0x0000000008006788                daisy::SaiHandle::GetOffset() const
 .text._ZN5daisy9SpiHandle4Impl8InitPinsEv
                0x0000000008006790      0x260 ../../libdaisy/build/libdaisy.a(spi.o)
                0x0000000008006790                daisy::SpiHandle::Impl::InitPins()
 .text.HAL_SPI_MspInit
                0x00000000080069f0      0x154 ../../libdaisy/build/libdaisy.a(spi.o)
                0x00000000080069f0                HAL_SPI_MspInit
 .text._ZN5daisy9SpiHandle4InitERKNS0_6ConfigE
                0x0000000008006b44      0x108 ../../libdaisy/build/libdaisy.a(spi.o)
                0x0000000008006b44                daisy::SpiHandle::Init(daisy::SpiHandle::Config const&)
 .text._ZN5daisy9SpiHandle16BlockingTransmitEPhjm
                0x0000000008006c4c       0x14 ../../libdaisy/build/libdaisy.a(spi.o)
                0x0000000008006c4c                daisy::SpiHandle::BlockingTransmit(unsigned char*, unsigned int, unsigned long)
 .text.startup._GLOBAL__sub_I__Z19MapInstanceToHandleP11SPI_TypeDef
                0x0000000008006c60      0x168 ../../libdaisy/build/libdaisy.a(spi.o)
 .text._ZN5daisy11UartHandler4Impl8InitPinsEv
                0x0000000008006dc8      0x158 ../../libdaisy/build/libdaisy.a(uart.o)
                0x0000000008006dc8                daisy::UartHandler::Impl::InitPins()
 .text._ZN5daisy11UartHandler4Impl14UARTRxCompleteEv
                0x0000000008006f20      0x100 ../../libdaisy/build/libdaisy.a(uart.o)
                0x0000000008006f20                daisy::UartHandler::Impl::UARTRxComplete()
 .text.HAL_UART_ErrorCallback
                0x0000000008007020       0x9c ../../libdaisy/build/libdaisy.a(uart.o)
                0x0000000008007020                HAL_UART_ErrorCallback
 .text.HAL_UART_MspInit
                0x00000000080070bc      0x298 ../../libdaisy/build/libdaisy.a(uart.o)
                0x00000000080070bc                HAL_UART_MspInit
 .text.USART1_IRQHandler
                0x0000000008007354       0xac ../../libdaisy/build/libdaisy.a(uart.o)
                0x0000000008007354                USART1_IRQHandler
 .text.USART2_IRQHandler
                0x0000000008007400       0xb0 ../../libdaisy/build/libdaisy.a(uart.o)
                0x0000000008007400                USART2_IRQHandler
 .text.USART3_IRQHandler
                0x00000000080074b0       0xb0 ../../libdaisy/build/libdaisy.a(uart.o)
                0x00000000080074b0                USART3_IRQHandler
 .text.UART4_IRQHandler
                0x0000000008007560       0xb0 ../../libdaisy/build/libdaisy.a(uart.o)
                0x0000000008007560                UART4_IRQHandler
 .text.UART5_IRQHandler
                0x0000000008007610       0xb0 ../../libdaisy/build/libdaisy.a(uart.o)
                0x0000000008007610                UART5_IRQHandler
 .text.USART6_IRQHandler
                0x00000000080076c0       0xb0 ../../libdaisy/build/libdaisy.a(uart.o)
                0x00000000080076c0                USART6_IRQHandler
 .text.UART7_IRQHandler
                0x0000000008007770       0xb0 ../../libdaisy/build/libdaisy.a(uart.o)
                0x0000000008007770                UART7_IRQHandler
 .text.UART8_IRQHandler
                0x0000000008007820       0xb0 ../../libdaisy/build/libdaisy.a(uart.o)
                0x0000000008007820                UART8_IRQHandler
 .text.LPUART1_IRQHandler
                0x00000000080078d0       0xb0 ../../libdaisy/build/libdaisy.a(uart.o)
                0x00000000080078d0                LPUART1_IRQHandler
 .text.DMA1_Stream5_IRQHandler
                0x0000000008007980        0xc ../../libdaisy/build/libdaisy.a(uart.o)
                0x0000000008007980                DMA1_Stream5_IRQHandler
 .text._ZN5daisy11UartHandler4InitERKNS0_6ConfigE
                0x000000000800798c      0x10c ../../libdaisy/build/libdaisy.a(uart.o)
                0x000000000800798c                daisy::UartHandler::Init(daisy::UartHandler::Config const&)
 .text.startup._GLOBAL__sub_I__Z19MapInstanceToHandleP13USART_TypeDef
                0x0000000008007a98      0x120 ../../libdaisy/build/libdaisy.a(uart.o)
 .text._ZN5daisy11TimerHandleD2Ev
                0x0000000008007bb8        0x4 ../../libdaisy/build/libdaisy.a(system.o)
                0x0000000008007bb8                daisy::TimerHandle::~TimerHandle()
                0x0000000008007bb8                daisy::TimerHandle::~TimerHandle()
 .text.SysTick_Handler
                0x0000000008007bbc       0x10 ../../libdaisy/build/libdaisy.a(system.o)
                0x0000000008007bbc                SysTick_Handler
 .text.HardFault_Handler
                0x0000000008007bcc        0x4 ../../libdaisy/build/libdaisy.a(system.o)
                0x0000000008007bcc                HardFault_Handler
 .text._ZN5daisy6System6GetNowEv
                0x0000000008007bd0        0x4 ../../libdaisy/build/libdaisy.a(system.o)
                0x0000000008007bd0                daisy::System::GetNow()
 .text._ZN5daisy6System5DelayEm
                0x0000000008007bd4        0x4 ../../libdaisy/build/libdaisy.a(system.o)
                0x0000000008007bd4                daisy::System::Delay(unsigned long)
 .text._ZN5daisy6System15ConfigureClocksEv
                0x0000000008007bd8      0x1c4 ../../libdaisy/build/libdaisy.a(system.o)
                0x0000000008007bd8                daisy::System::ConfigureClocks()
 .text._ZN5daisy6System4InitERKNS0_6ConfigE
                0x0000000008007d9c      0x114 ../../libdaisy/build/libdaisy.a(system.o)
                0x0000000008007d9c                daisy::System::Init(daisy::System::Config const&)
 .text._ZN5daisy6System12GetPClk2FreqEv
                0x0000000008007eb0        0x4 ../../libdaisy/build/libdaisy.a(system.o)
                0x0000000008007eb0                daisy::System::GetPClk2Freq()
 .text.startup._GLOBAL__sub_I_SysTick_Handler
                0x0000000008007eb4       0x1c ../../libdaisy/build/libdaisy.a(system.o)
 .text.SystemInit
                0x0000000008007ed0       0x80 ../../libdaisy/build/libdaisy.a(system_stm32h7xx.o)
                0x0000000008007ed0                SystemInit
 .text.dsy_hal_map_get_port
                0x0000000008007f50       0x10 ../../libdaisy/build/libdaisy.a(hal_map.o)
                0x0000000008007f50                dsy_hal_map_get_port
 .text.dsy_hal_map_get_pin
                0x0000000008007f60       0x10 ../../libdaisy/build/libdaisy.a(hal_map.o)
                0x0000000008007f60                dsy_hal_map_get_pin
 .text.dsy_hal_map_gpio_clk_enable
                0x0000000008007f70      0x150 ../../libdaisy/build/libdaisy.a(hal_map.o)
                0x0000000008007f70                dsy_hal_map_gpio_clk_enable
 .text.HAL_MspInit
                0x00000000080080c0        0x4 ../../libdaisy/build/libdaisy.a(stm32h7xx_hal.o)
                0x00000000080080c0                HAL_MspInit
 .text.HAL_InitTick
                0x00000000080080c4       0x4c ../../libdaisy/build/libdaisy.a(stm32h7xx_hal.o)
                0x00000000080080c4                HAL_InitTick
 .text.HAL_Init
                0x0000000008008110       0x5c ../../libdaisy/build/libdaisy.a(stm32h7xx_hal.o)
                0x0000000008008110                HAL_Init
 .text.HAL_IncTick
                0x000000000800816c       0x18 ../../libdaisy/build/libdaisy.a(stm32h7xx_hal.o)
                0x000000000800816c                HAL_IncTick
 .text.HAL_GetTick
                0x0000000008008184        0xc ../../libdaisy/build/libdaisy.a(stm32h7xx_hal.o)
                0x0000000008008184                HAL_GetTick
 .text.HAL_Delay
                0x0000000008008190       0x24 ../../libdaisy/build/libdaisy.a(stm32h7xx_hal.o)
                0x0000000008008190                HAL_Delay
 .text.HAL_GetREVID
                0x00000000080081b4        0xc ../../libdaisy/build/libdaisy.a(stm32h7xx_hal.o)
                0x00000000080081b4                HAL_GetREVID
 .text.HAL_ADC_ConvHalfCpltCallback
                0x00000000080081c0        0x4 ../../libdaisy/build/libdaisy.a(stm32h7xx_hal_adc.o)
                0x00000000080081c0                HAL_ADC_ConvHalfCpltCallback
 .text.ADC_DMAHalfConvCplt
                0x00000000080081c4        0xc ../../libdaisy/build/libdaisy.a(stm32h7xx_hal_adc.o)
                0x00000000080081c4                ADC_DMAHalfConvCplt
 .text.ADC_DMAConvCplt
                0x00000000080081d0       0x6c ../../libdaisy/build/libdaisy.a(stm32h7xx_hal_adc.o)
                0x00000000080081d0                ADC_DMAConvCplt
 .text.ADC_DMAError
                0x000000000800823c       0x1c ../../libdaisy/build/libdaisy.a(stm32h7xx_hal_adc.o)
                0x000000000800823c                ADC_DMAError
 .text.HAL_ADC_ConfigChannel
                0x0000000008008258      0x3fc ../../libdaisy/build/libdaisy.a(stm32h7xx_hal_adc.o)
                0x0000000008008258                HAL_ADC_ConfigChannel
 .text.ADC_Enable
                0x0000000008008654       0xac ../../libdaisy/build/libdaisy.a(stm32h7xx_hal_adc.o)
                0x0000000008008654                ADC_Enable
 .text.HAL_ADC_Start_DMA
                0x0000000008008700      0x118 ../../libdaisy/build/libdaisy.a(stm32h7xx_hal_adc.o)
                0x0000000008008700                HAL_ADC_Start_DMA
 .text.ADC_Disable
                0x0000000008008818       0x68 ../../libdaisy/build/libdaisy.a(stm32h7xx_hal_adc.o)
                0x0000000008008818                ADC_Disable
 .text.ADC_ConfigureBoostMode
                0x0000000008008880      0x190 ../../libdaisy/build/libdaisy.a(stm32h7xx_hal_adc.o)
                0x0000000008008880                ADC_ConfigureBoostMode
 .text.HAL_ADC_Init
                0x0000000008008a10      0x214 ../../libdaisy/build/libdaisy.a(stm32h7xx_hal_adc.o)
                0x0000000008008a10                HAL_ADC_Init
 .text.HAL_ADCEx_Calibration_Start
                0x0000000008008c24       0xa4 ../../libdaisy/build/libdaisy.a(stm32h7xx_hal_adc_ex.o)
                0x0000000008008c24                HAL_ADCEx_Calibration_Start
 .text.HAL_ADCEx_MultiModeConfigChannel
                0x0000000008008cc8       0xc4 ../../libdaisy/build/libdaisy.a(stm32h7xx_hal_adc_ex.o)
                0x0000000008008cc8                HAL_ADCEx_MultiModeConfigChannel
 .text.HAL_NVIC_SetPriorityGrouping
                0x0000000008008d8c       0x28 ../../libdaisy/build/libdaisy.a(stm32h7xx_hal_cortex.o)
                0x0000000008008d8c                HAL_NVIC_SetPriorityGrouping
 .text.HAL_NVIC_SetPriority
                0x0000000008008db4       0x74 ../../libdaisy/build/libdaisy.a(stm32h7xx_hal_cortex.o)
                0x0000000008008db4                HAL_NVIC_SetPriority
 .text.HAL_NVIC_EnableIRQ
                0x0000000008008e28       0x1c ../../libdaisy/build/libdaisy.a(stm32h7xx_hal_cortex.o)
                0x0000000008008e28                HAL_NVIC_EnableIRQ
 .text.HAL_NVIC_DisableIRQ
                0x0000000008008e44       0x28 ../../libdaisy/build/libdaisy.a(stm32h7xx_hal_cortex.o)
                0x0000000008008e44                HAL_NVIC_DisableIRQ
 .text.HAL_SYSTICK_Config
                0x0000000008008e6c       0x30 ../../libdaisy/build/libdaisy.a(stm32h7xx_hal_cortex.o)
                0x0000000008008e6c                HAL_SYSTICK_Config
 .text.HAL_MPU_Disable
                0x0000000008008e9c       0x20 ../../libdaisy/build/libdaisy.a(stm32h7xx_hal_cortex.o)
                0x0000000008008e9c                HAL_MPU_Disable
 .text.HAL_MPU_Enable
                0x0000000008008ebc       0x24 ../../libdaisy/build/libdaisy.a(stm32h7xx_hal_cortex.o)
                0x0000000008008ebc                HAL_MPU_Enable
 .text.HAL_MPU_ConfigRegion
                0x0000000008008ee0       0x50 ../../libdaisy/build/libdaisy.a(stm32h7xx_hal_cortex.o)
                0x0000000008008ee0                HAL_MPU_ConfigRegion
 .text.HAL_SYSTICK_Callback
                0x0000000008008f30        0x4 ../../libdaisy/build/libdaisy.a(stm32h7xx_hal_cortex.o)
                0x0000000008008f30                HAL_SYSTICK_Callback
 .text.HAL_SYSTICK_IRQHandler
                0x0000000008008f34        0x8 ../../libdaisy/build/libdaisy.a(stm32h7xx_hal_cortex.o)
                0x0000000008008f34                HAL_SYSTICK_IRQHandler
 .text.HAL_DAC_Init
                0x0000000008008f3c       0x2c ../../libdaisy/build/libdaisy.a(stm32h7xx_hal_dac.o)
                0x0000000008008f3c                HAL_DAC_Init
 .text.HAL_DAC_Start
                0x0000000008008f68       0x58 ../../libdaisy/build/libdaisy.a(stm32h7xx_hal_dac.o)
                0x0000000008008f68                HAL_DAC_Start
 .text.HAL_DAC_SetValue
                0x0000000008008fc0       0x30 ../../libdaisy/build/libdaisy.a(stm32h7xx_hal_dac.o)
                0x0000000008008fc0                HAL_DAC_SetValue
 .text.HAL_DAC_DMAUnderrunCallbackCh1
                0x0000000008008ff0        0x4 ../../libdaisy/build/libdaisy.a(stm32h7xx_hal_dac.o)
                0x0000000008008ff0                HAL_DAC_DMAUnderrunCallbackCh1
 .text.HAL_DAC_IRQHandler
                0x0000000008008ff4       0x68 ../../libdaisy/build/libdaisy.a(stm32h7xx_hal_dac.o)
                0x0000000008008ff4                HAL_DAC_IRQHandler
 .text.HAL_DAC_ConfigChannel
                0x000000000800905c      0x140 ../../libdaisy/build/libdaisy.a(stm32h7xx_hal_dac.o)
                0x000000000800905c                HAL_DAC_ConfigChannel
 .text.HAL_DACEx_DMAUnderrunCallbackCh2
                0x000000000800919c        0x4 ../../libdaisy/build/libdaisy.a(stm32h7xx_hal_dac_ex.o)
                0x000000000800919c                HAL_DACEx_DMAUnderrunCallbackCh2
 .text.DMA_CalcBaseAndBitshift
                0x00000000080091a0       0xf8 ../../libdaisy/build/libdaisy.a(stm32h7xx_hal_dma.o)
 .text.DMA_CalcDMAMUXChannelBaseAndMask
                0x0000000008009298       0xd8 ../../libdaisy/build/libdaisy.a(stm32h7xx_hal_dma.o)
 .text.HAL_DMA_Init
                0x0000000008009370      0x394 ../../libdaisy/build/libdaisy.a(stm32h7xx_hal_dma.o)
                0x0000000008009370                HAL_DMA_Init
 .text.HAL_DMA_Start_IT
                0x0000000008009704      0x250 ../../libdaisy/build/libdaisy.a(stm32h7xx_hal_dma.o)
                0x0000000008009704                HAL_DMA_Start_IT
 .text.HAL_DMA_Abort_IT
                0x0000000008009954      0x13c ../../libdaisy/build/libdaisy.a(stm32h7xx_hal_dma.o)
                0x0000000008009954                HAL_DMA_Abort_IT
 .text.HAL_DMA_IRQHandler
                0x0000000008009a90      0x6bc ../../libdaisy/build/libdaisy.a(stm32h7xx_hal_dma.o)
                0x0000000008009a90                HAL_DMA_IRQHandler
 .text.HAL_DMA_GetError
                0x000000000800a14c        0x4 ../../libdaisy/build/libdaisy.a(stm32h7xx_hal_dma.o)
                0x000000000800a14c                HAL_DMA_GetError
 .text.HAL_GPIO_Init
                0x000000000800a150      0x248 ../../libdaisy/build/libdaisy.a(stm32h7xx_hal_gpio.o)
                0x000000000800a150                HAL_GPIO_Init
 .text.HAL_GPIO_DeInit
                0x000000000800a398      0x19c ../../libdaisy/build/libdaisy.a(stm32h7xx_hal_gpio.o)
                0x000000000800a398                HAL_GPIO_DeInit
 .text.HAL_GPIO_WritePin
                0x000000000800a534        0x8 ../../libdaisy/build/libdaisy.a(stm32h7xx_hal_gpio.o)
                0x000000000800a534                HAL_GPIO_WritePin
 .text.HAL_PWREx_ConfigSupply
                0x000000000800a53c       0x4c ../../libdaisy/build/libdaisy.a(stm32h7xx_hal_pwr_ex.o)
                0x000000000800a53c                HAL_PWREx_ConfigSupply
 .text.HAL_PWREx_EnableUSBVoltageDetector
                0x000000000800a588       0x10 ../../libdaisy/build/libdaisy.a(stm32h7xx_hal_pwr_ex.o)
                0x000000000800a588                HAL_PWREx_EnableUSBVoltageDetector
 .text.QSPI_Config
                0x000000000800a598      0x1d4 ../../libdaisy/build/libdaisy.a(stm32h7xx_hal_qspi.o)
 .text.HAL_QSPI_Init
                0x000000000800a76c       0xd8 ../../libdaisy/build/libdaisy.a(stm32h7xx_hal_qspi.o)
                0x000000000800a76c                HAL_QSPI_Init
 .text.HAL_QSPI_DeInit
                0x000000000800a844       0x3c ../../libdaisy/build/libdaisy.a(stm32h7xx_hal_qspi.o)
                0x000000000800a844                HAL_QSPI_DeInit
 .text.HAL_QSPI_Command
                0x000000000800a880       0xd4 ../../libdaisy/build/libdaisy.a(stm32h7xx_hal_qspi.o)
                0x000000000800a880                HAL_QSPI_Command
 .text.HAL_QSPI_Transmit
                0x000000000800a954       0xfc ../../libdaisy/build/libdaisy.a(stm32h7xx_hal_qspi.o)
                0x000000000800a954                HAL_QSPI_Transmit
 .text.HAL_QSPI_Receive
                0x000000000800aa50      0x108 ../../libdaisy/build/libdaisy.a(stm32h7xx_hal_qspi.o)
                0x000000000800aa50                HAL_QSPI_Receive
 .text.HAL_QSPI_AutoPolling
                0x000000000800ab58       0xe8 ../../libdaisy/build/libdaisy.a(stm32h7xx_hal_qspi.o)
                0x000000000800ab58                HAL_QSPI_AutoPolling
 .text.HAL_QSPI_MemoryMapped
                0x000000000800ac40       0xb8 ../../libdaisy/build/libdaisy.a(stm32h7xx_hal_qspi.o)
                0x000000000800ac40                HAL_QSPI_MemoryMapped
 .text.HAL_QSPI_ErrorCallback
                0x000000000800acf8        0x4 ../../libdaisy/build/libdaisy.a(stm32h7xx_hal_qspi.o)
                0x000000000800acf8                HAL_QSPI_ErrorCallback
 .text.QSPI_DMAAbortCplt
                0x000000000800acfc       0x38 ../../libdaisy/build/libdaisy.a(stm32h7xx_hal_qspi.o)
 .text.HAL_QSPI_AbortCpltCallback
                0x000000000800ad34        0x4 ../../libdaisy/build/libdaisy.a(stm32h7xx_hal_qspi.o)
                0x000000000800ad34                HAL_QSPI_AbortCpltCallback
 .text.HAL_QSPI_CmdCpltCallback
                0x000000000800ad38        0x4 ../../libdaisy/build/libdaisy.a(stm32h7xx_hal_qspi.o)
                0x000000000800ad38                HAL_QSPI_CmdCpltCallback
 .text.HAL_QSPI_RxCpltCallback
                0x000000000800ad3c        0x4 ../../libdaisy/build/libdaisy.a(stm32h7xx_hal_qspi.o)
                0x000000000800ad3c                HAL_QSPI_RxCpltCallback
 .text.HAL_QSPI_TxCpltCallback
                0x000000000800ad40        0x4 ../../libdaisy/build/libdaisy.a(stm32h7xx_hal_qspi.o)
                0x000000000800ad40                HAL_QSPI_TxCpltCallback
 .text.HAL_QSPI_FifoThresholdCallback
                0x000000000800ad44        0x4 ../../libdaisy/build/libdaisy.a(stm32h7xx_hal_qspi.o)
                0x000000000800ad44                HAL_QSPI_FifoThresholdCallback
 .text.HAL_QSPI_StatusMatchCallback
                0x000000000800ad48        0x4 ../../libdaisy/build/libdaisy.a(stm32h7xx_hal_qspi.o)
                0x000000000800ad48                HAL_QSPI_StatusMatchCallback
 .text.HAL_QSPI_TimeOutCallback
                0x000000000800ad4c        0x4 ../../libdaisy/build/libdaisy.a(stm32h7xx_hal_qspi.o)
                0x000000000800ad4c                HAL_QSPI_TimeOutCallback
 .text.HAL_QSPI_IRQHandler
                0x000000000800ad50      0x210 ../../libdaisy/build/libdaisy.a(stm32h7xx_hal_qspi.o)
                0x000000000800ad50                HAL_QSPI_IRQHandler
 .text.HAL_RCC_OscConfig
                0x000000000800af60      0x540 ../../libdaisy/build/libdaisy.a(stm32h7xx_hal_rcc.o)
                0x000000000800af60                HAL_RCC_OscConfig
 .text.HAL_RCC_GetSysClockFreq
                0x000000000800b4a0      0x140 ../../libdaisy/build/libdaisy.a(stm32h7xx_hal_rcc.o)
                0x000000000800b4a0                HAL_RCC_GetSysClockFreq
 .text.HAL_RCC_ClockConfig
                0x000000000800b5e0      0x234 ../../libdaisy/build/libdaisy.a(stm32h7xx_hal_rcc.o)
                0x000000000800b5e0                HAL_RCC_ClockConfig
 .text.HAL_RCC_GetHCLKFreq
                0x000000000800b814       0x2c ../../libdaisy/build/libdaisy.a(stm32h7xx_hal_rcc.o)
                0x000000000800b814                HAL_RCC_GetHCLKFreq
 .text.HAL_RCC_GetPCLK1Freq
                0x000000000800b840       0x38 ../../libdaisy/build/libdaisy.a(stm32h7xx_hal_rcc.o)
                0x000000000800b840                HAL_RCC_GetPCLK1Freq
 .text.HAL_RCC_GetPCLK2Freq
                0x000000000800b878       0x38 ../../libdaisy/build/libdaisy.a(stm32h7xx_hal_rcc.o)
                0x000000000800b878                HAL_RCC_GetPCLK2Freq
 .text.RCCEx_PLL2_Config
                0x000000000800b8b0       0xf8 ../../libdaisy/build/libdaisy.a(stm32h7xx_hal_rcc_ex.o)
 .text.RCCEx_PLL3_Config
                0x000000000800b9a8       0xf8 ../../libdaisy/build/libdaisy.a(stm32h7xx_hal_rcc_ex.o)
 .text.HAL_RCCEx_PeriphCLKConfig
                0x000000000800baa0      0xa7c ../../libdaisy/build/libdaisy.a(stm32h7xx_hal_rcc_ex.o)
                0x000000000800baa0                HAL_RCCEx_PeriphCLKConfig
 .text.HAL_RCCEx_GetD3PCLK1Freq
                0x000000000800c51c       0x24 ../../libdaisy/build/libdaisy.a(stm32h7xx_hal_rcc_ex.o)
                0x000000000800c51c                HAL_RCCEx_GetD3PCLK1Freq
 .text.HAL_RCCEx_GetPLL2ClockFreq
                0x000000000800c540      0x17c ../../libdaisy/build/libdaisy.a(stm32h7xx_hal_rcc_ex.o)
                0x000000000800c540                HAL_RCCEx_GetPLL2ClockFreq
 .text.HAL_RCCEx_GetPLL3ClockFreq
                0x000000000800c6bc      0x17c ../../libdaisy/build/libdaisy.a(stm32h7xx_hal_rcc_ex.o)
                0x000000000800c6bc                HAL_RCCEx_GetPLL3ClockFreq
 .text.HAL_RCCEx_GetPLL1ClockFreq
                0x000000000800c838      0x17c ../../libdaisy/build/libdaisy.a(stm32h7xx_hal_rcc_ex.o)
                0x000000000800c838                HAL_RCCEx_GetPLL1ClockFreq
 .text.HAL_RCCEx_GetPeriphCLKFreq
                0x000000000800c9b4      0x198 ../../libdaisy/build/libdaisy.a(stm32h7xx_hal_rcc_ex.o)
                0x000000000800c9b4                HAL_RCCEx_GetPeriphCLKFreq
 .text.HAL_RCCEx_GetD1SysClockFreq
                0x000000000800cb4c       0x2c ../../libdaisy/build/libdaisy.a(stm32h7xx_hal_rcc_ex.o)
                0x000000000800cb4c                HAL_RCCEx_GetD1SysClockFreq
 .text.HAL_SAI_Init.part.0
                0x000000000800cb78      0x364 ../../libdaisy/build/libdaisy.a(stm32h7xx_hal_sai.o)
 .text.HAL_SAI_InitProtocol
                0x000000000800cedc      0x184 ../../libdaisy/build/libdaisy.a(stm32h7xx_hal_sai.o)
                0x000000000800cedc                HAL_SAI_InitProtocol
 .text.HAL_SAI_Transmit_DMA
                0x000000000800d060      0x124 ../../libdaisy/build/libdaisy.a(stm32h7xx_hal_sai.o)
                0x000000000800d060                HAL_SAI_Transmit_DMA
 .text.HAL_SAI_Receive_DMA
                0x000000000800d184       0xcc ../../libdaisy/build/libdaisy.a(stm32h7xx_hal_sai.o)
                0x000000000800d184                HAL_SAI_Receive_DMA
 .text.HAL_SAI_TxCpltCallback
                0x000000000800d250        0x4 ../../libdaisy/build/libdaisy.a(stm32h7xx_hal_sai.o)
                0x000000000800d250                HAL_SAI_TxCpltCallback
 .text.SAI_DMATxCplt
                0x000000000800d254       0x60 ../../libdaisy/build/libdaisy.a(stm32h7xx_hal_sai.o)
 .text.HAL_SAI_TxHalfCpltCallback
                0x000000000800d2b4        0x4 ../../libdaisy/build/libdaisy.a(stm32h7xx_hal_sai.o)
                0x000000000800d2b4                HAL_SAI_TxHalfCpltCallback
 .text.SAI_DMATxHalfCplt
                0x000000000800d2b8        0xc ../../libdaisy/build/libdaisy.a(stm32h7xx_hal_sai.o)
 .text.SAI_DMARxCplt
                0x000000000800d2c4       0x60 ../../libdaisy/build/libdaisy.a(stm32h7xx_hal_sai.o)
 .text.SAI_DMARxHalfCplt
                0x000000000800d324        0xc ../../libdaisy/build/libdaisy.a(stm32h7xx_hal_sai.o)
 .text.HAL_SAI_ErrorCallback
                0x000000000800d330        0x4 ../../libdaisy/build/libdaisy.a(stm32h7xx_hal_sai.o)
                0x000000000800d330                HAL_SAI_ErrorCallback
 .text.SAI_DMAError
                0x000000000800d334       0x6c ../../libdaisy/build/libdaisy.a(stm32h7xx_hal_sai.o)
 .text.HAL_SDRAM_Init
                0x000000000800d3a0       0x54 ../../libdaisy/build/libdaisy.a(stm32h7xx_hal_sdram.o)
                0x000000000800d3a0                HAL_SDRAM_Init
 .text.HAL_SDRAM_SendCommand
                0x000000000800d3f4       0x40 ../../libdaisy/build/libdaisy.a(stm32h7xx_hal_sdram.o)
                0x000000000800d3f4                HAL_SDRAM_SendCommand
 .text.HAL_SDRAM_ProgramRefreshRate
                0x000000000800d434       0x30 ../../libdaisy/build/libdaisy.a(stm32h7xx_hal_sdram.o)
                0x000000000800d434                HAL_SDRAM_ProgramRefreshRate
 .text.SPI_CloseTransfer
                0x000000000800d464       0xb8 ../../libdaisy/build/libdaisy.a(stm32h7xx_hal_spi.o)
 .text.HAL_SPI_Init
                0x000000000800d51c      0x168 ../../libdaisy/build/libdaisy.a(stm32h7xx_hal_spi.o)
                0x000000000800d51c                HAL_SPI_Init
 .text.HAL_SPI_Transmit
                0x000000000800d684      0x32c ../../libdaisy/build/libdaisy.a(stm32h7xx_hal_spi.o)
                0x000000000800d684                HAL_SPI_Transmit
 .text.HAL_TIM_Base_Init
                0x000000000800d9b0      0x130 ../../libdaisy/build/libdaisy.a(stm32h7xx_hal_tim.o)
                0x000000000800d9b0                HAL_TIM_Base_Init
 .text.HAL_TIM_Base_Start
                0x000000000800dae0       0x38 ../../libdaisy/build/libdaisy.a(stm32h7xx_hal_tim.o)
                0x000000000800dae0                HAL_TIM_Base_Start
 .text.HAL_TIM_ConfigClockSource
                0x000000000800db18      0x17c ../../libdaisy/build/libdaisy.a(stm32h7xx_hal_tim.o)
                0x000000000800db18                HAL_TIM_ConfigClockSource
 .text.HAL_TIM_PeriodElapsedCallback
                0x000000000800dc94        0x4 ../../libdaisy/build/libdaisy.a(stm32h7xx_hal_tim.o)
                0x000000000800dc94                HAL_TIM_PeriodElapsedCallback
 .text.HAL_TIM_OC_DelayElapsedCallback
                0x000000000800dc98        0x4 ../../libdaisy/build/libdaisy.a(stm32h7xx_hal_tim.o)
                0x000000000800dc98                HAL_TIM_OC_DelayElapsedCallback
 .text.HAL_TIM_IC_CaptureCallback
                0x000000000800dc9c        0x4 ../../libdaisy/build/libdaisy.a(stm32h7xx_hal_tim.o)
                0x000000000800dc9c                HAL_TIM_IC_CaptureCallback
 .text.HAL_TIM_PWM_PulseFinishedCallback
                0x000000000800dca0        0x4 ../../libdaisy/build/libdaisy.a(stm32h7xx_hal_tim.o)
                0x000000000800dca0                HAL_TIM_PWM_PulseFinishedCallback
 .text.HAL_TIM_TriggerCallback
                0x000000000800dca4        0x4 ../../libdaisy/build/libdaisy.a(stm32h7xx_hal_tim.o)
                0x000000000800dca4                HAL_TIM_TriggerCallback
 .text.HAL_TIM_IRQHandler
                0x000000000800dca8      0x170 ../../libdaisy/build/libdaisy.a(stm32h7xx_hal_tim.o)
                0x000000000800dca8                HAL_TIM_IRQHandler
 .text.HAL_TIMEx_MasterConfigSynchronization
                0x000000000800de18       0x60 ../../libdaisy/build/libdaisy.a(stm32h7xx_hal_tim_ex.o)
                0x000000000800de18                HAL_TIMEx_MasterConfigSynchronization
 .text.HAL_TIMEx_CommutCallback
                0x000000000800de78        0x4 ../../libdaisy/build/libdaisy.a(stm32h7xx_hal_tim_ex.o)
                0x000000000800de78                HAL_TIMEx_CommutCallback
 .text.HAL_TIMEx_BreakCallback
                0x000000000800de7c        0x4 ../../libdaisy/build/libdaisy.a(stm32h7xx_hal_tim_ex.o)
                0x000000000800de7c                HAL_TIMEx_BreakCallback
 .text.HAL_TIMEx_Break2Callback
                0x000000000800de80        0x4 ../../libdaisy/build/libdaisy.a(stm32h7xx_hal_tim_ex.o)
                0x000000000800de80                HAL_TIMEx_Break2Callback
 .text.HAL_UART_TxCpltCallback
                0x000000000800de84        0x4 ../../libdaisy/build/libdaisy.a(stm32h7xx_hal_uart.o)
                0x000000000800de84                HAL_UART_TxCpltCallback
 .text.HAL_UART_IRQHandler
                0x000000000800de88      0x1cc ../../libdaisy/build/libdaisy.a(stm32h7xx_hal_uart.o)
                0x000000000800de88                HAL_UART_IRQHandler
 .text.UART_DMAAbortOnError
                0x000000000800e054       0x14 ../../libdaisy/build/libdaisy.a(stm32h7xx_hal_uart.o)
 .text.UART_SetConfig
                0x000000000800e068     0x14dc ../../libdaisy/build/libdaisy.a(stm32h7xx_hal_uart.o)
                0x000000000800e068                UART_SetConfig
 .text.UART_AdvFeatureConfig
                0x000000000800f544       0xb0 ../../libdaisy/build/libdaisy.a(stm32h7xx_hal_uart.o)
                0x000000000800f544                UART_AdvFeatureConfig
 .text.UART_CheckIdleState
                0x000000000800f5f4       0x84 ../../libdaisy/build/libdaisy.a(stm32h7xx_hal_uart.o)
                0x000000000800f5f4                UART_CheckIdleState
 .text.HAL_UART_Init
                0x000000000800f678       0x68 ../../libdaisy/build/libdaisy.a(stm32h7xx_hal_uart.o)
                0x000000000800f678                HAL_UART_Init
 .text.HAL_UARTEx_WakeupCallback
                0x000000000800f6e0        0x4 ../../libdaisy/build/libdaisy.a(stm32h7xx_hal_uart_ex.o)
                0x000000000800f6e0                HAL_UARTEx_WakeupCallback
 .text.HAL_UARTEx_RxFifoFullCallback
                0x000000000800f6e4        0x4 ../../libdaisy/build/libdaisy.a(stm32h7xx_hal_uart_ex.o)
                0x000000000800f6e4                HAL_UARTEx_RxFifoFullCallback
 .text.HAL_UARTEx_TxFifoEmptyCallback
                0x000000000800f6e8        0x4 ../../libdaisy/build/libdaisy.a(stm32h7xx_hal_uart_ex.o)
                0x000000000800f6e8                HAL_UARTEx_TxFifoEmptyCallback
 .text.HAL_UARTEx_DisableFifoMode
                0x000000000800f6ec       0x3c ../../libdaisy/build/libdaisy.a(stm32h7xx_hal_uart_ex.o)
                0x000000000800f6ec                HAL_UARTEx_DisableFifoMode
 .text.HAL_UARTEx_SetTxFifoThreshold
                0x000000000800f728       0xac ../../libdaisy/build/libdaisy.a(stm32h7xx_hal_uart_ex.o)
                0x000000000800f728                HAL_UARTEx_SetTxFifoThreshold
 .text.HAL_UARTEx_SetRxFifoThreshold
                0x000000000800f7d4       0xac ../../libdaisy/build/libdaisy.a(stm32h7xx_hal_uart_ex.o)
                0x000000000800f7d4                HAL_UARTEx_SetRxFifoThreshold
 .text.FMC_SDRAM_Init
                0x000000000800f880       0x78 ../../libdaisy/build/libdaisy.a(stm32h7xx_ll_fmc.o)
                0x000000000800f880                FMC_SDRAM_Init
 .text.FMC_SDRAM_Timing_Init
                0x000000000800f8f8       0x98 ../../libdaisy/build/libdaisy.a(stm32h7xx_ll_fmc.o)
                0x000000000800f8f8                FMC_SDRAM_Timing_Init
 .text.FMC_SDRAM_SendCommand
                0x000000000800f990       0x24 ../../libdaisy/build/libdaisy.a(stm32h7xx_ll_fmc.o)
                0x000000000800f990                FMC_SDRAM_SendCommand
 .text.FMC_SDRAM_ProgramRefreshRate
                0x000000000800f9b4       0x1c ../../libdaisy/build/libdaisy.a(stm32h7xx_ll_fmc.o)
                0x000000000800f9b4                FMC_SDRAM_ProgramRefreshRate
 .text.dsy_i2c_global_init
                0x000000000800f9d0       0x8c ../../libdaisy/build/libdaisy.a(i2c.o)
                0x000000000800f9d0                dsy_i2c_global_init
 .text.DMA1_Stream6_IRQHandler
                0x000000000800fa5c       0x34 ../../libdaisy/build/libdaisy.a(i2c.o)
                0x000000000800fa5c                DMA1_Stream6_IRQHandler
 .text.I2C1_EV_IRQHandler
                0x000000000800fa90        0xc ../../libdaisy/build/libdaisy.a(i2c.o)
                0x000000000800fa90                I2C1_EV_IRQHandler
 .text.I2C2_EV_IRQHandler
                0x000000000800fa9c        0xc ../../libdaisy/build/libdaisy.a(i2c.o)
                0x000000000800fa9c                I2C2_EV_IRQHandler
 .text.I2C3_EV_IRQHandler
                0x000000000800faa8        0xc ../../libdaisy/build/libdaisy.a(i2c.o)
                0x000000000800faa8                I2C3_EV_IRQHandler
 .text.startup._GLOBAL__sub_I__ZN5daisy9I2CHandle4Impl10GlobalInitEv
                0x000000000800fab4       0x18 ../../libdaisy/build/libdaisy.a(i2c.o)
 .text.HAL_TIM_Base_MspInit
                0x000000000800facc       0xcc ../../libdaisy/build/libdaisy.a(tim.o)
                0x000000000800facc                HAL_TIM_Base_MspInit
 .text._ZN5daisy11TimerHandle4InitERKNS0_6ConfigE
                0x000000000800fb98       0xd0 ../../libdaisy/build/libdaisy.a(tim.o)
                0x000000000800fb98                daisy::TimerHandle::Init(daisy::TimerHandle::Config const&)
 .text._ZN5daisy11TimerHandle5StartEv
                0x000000000800fc68       0x14 ../../libdaisy/build/libdaisy.a(tim.o)
                0x000000000800fc68                daisy::TimerHandle::Start()
 .text.dsy_dma_init
                0x000000000800fc7c       0xd0 ../../libdaisy/build/libdaisy.a(dma.o)
                0x000000000800fc7c                dsy_dma_init
 .text.HAL_I2C_EV_IRQHandler
                0x000000000800fd4c       0x10 ../../libdaisy/build/libdaisy.a(stm32h7xx_hal_i2c.o)
                0x000000000800fd4c                HAL_I2C_EV_IRQHandler
 .text.HAL_MDMA_Abort_IT
                0x000000000800fd5c       0x2c ../../libdaisy/build/libdaisy.a(stm32h7xx_hal_mdma.o)
                0x000000000800fd5c                HAL_MDMA_Abort_IT
 .text._ZN7daisysp3Svf4InitEf
                0x000000000800fd88       0x4c ../../DaisySP/build/libdaisysp.a(svf.o)
                0x000000000800fd88                daisysp::Svf::Init(float)
 .text._ZN7daisysp3Svf7ProcessEf
                0x000000000800fdd4       0xc0 ../../DaisySP/build/libdaisysp.a(svf.o)
                0x000000000800fdd4                daisysp::Svf::Process(float)
 .text._ZN7daisysp3Svf7SetFreqEf
                0x000000000800fe94       0xc8 ../../DaisySP/build/libdaisysp.a(svf.o)
                0x000000000800fe94                daisysp::Svf::SetFreq(float)
 .text._ZN7daisysp3Svf6SetResEf
                0x000000000800ff5c       0x8c ../../DaisySP/build/libdaisysp.a(svf.o)
                0x000000000800ff5c                daisysp::Svf::SetRes(float)
 .text._ZN7daisysp3Svf8SetDriveEf
                0x000000000800ffe8       0x34 ../../DaisySP/build/libdaisysp.a(svf.o)
                0x000000000800ffe8                daisysp::Svf::SetDrive(float)
 .text.__aeabi_atexit
                0x000000000801001c        0xa /usr/lib/gcc/arm-none-eabi/9.2.1/../../../arm-none-eabi/lib/thumb/v7e-m+dp/hard/libstdc++_nano.a(atexit_arm.o)
                0x000000000801001c                __aeabi_atexit
 .text._ZNK10__cxxabiv117__class_type_info11__do_upcastEPKS0_PPv
                0x0000000008010026       0x34 /usr/lib/gcc/arm-none-eabi/9.2.1/../../../arm-none-eabi/lib/thumb/v7e-m+dp/hard/libstdc++_nano.a(class_type_info.o)
                0x0000000008010026                __cxxabiv1::__class_type_info::__do_upcast(__cxxabiv1::__class_type_info const*, void**) const
 .text._ZNK10__cxxabiv117__class_type_info20__do_find_public_srcEiPKvPKS0_S2_
                0x000000000801005a        0xc /usr/lib/gcc/arm-none-eabi/9.2.1/../../../arm-none-eabi/lib/thumb/v7e-m+dp/hard/libstdc++_nano.a(class_type_info.o)
                0x000000000801005a                __cxxabiv1::__class_type_info::__do_find_public_src(int, void const*, __cxxabiv1::__class_type_info const*, void const*) const
 *fill*         0x0000000008010066        0x2 
 .text._ZN10__cxxabiv117__class_type_infoD2Ev
                0x0000000008010068       0x14 /usr/lib/gcc/arm-none-eabi/9.2.1/../../../arm-none-eabi/lib/thumb/v7e-m+dp/hard/libstdc++_nano.a(class_type_info.o)
                0x0000000008010068                __cxxabiv1::__class_type_info::~__class_type_info()
                0x0000000008010068                __cxxabiv1::__class_type_info::~__class_type_info()
 .text._ZN10__cxxabiv117__class_type_infoD0Ev
                0x000000000801007c       0x14 /usr/lib/gcc/arm-none-eabi/9.2.1/../../../arm-none-eabi/lib/thumb/v7e-m+dp/hard/libstdc++_nano.a(class_type_info.o)
                0x000000000801007c                __cxxabiv1::__class_type_info::~__class_type_info()
 .text._ZNK10__cxxabiv117__class_type_info12__do_dyncastEiNS0_10__sub_kindEPKS0_PKvS3_S5_RNS0_16__dyncast_resultE
                0x0000000008010090       0x3e /usr/lib/gcc/arm-none-eabi/9.2.1/../../../arm-none-eabi/lib/thumb/v7e-m+dp/hard/libstdc++_nano.a(class_type_info.o)
                0x0000000008010090                __cxxabiv1::__class_type_info::__do_dyncast(int, __cxxabiv1::__class_type_info::__sub_kind, __cxxabiv1::__class_type_info const*, void const*, __cxxabiv1::__class_type_info const*, void const*, __cxxabiv1::__class_type_info::__dyncast_result&) const
 .text._ZNK10__cxxabiv117__class_type_info11__do_upcastEPKS0_PKvRNS0_15__upcast_resultE
                0x00000000080100ce       0x18 /usr/lib/gcc/arm-none-eabi/9.2.1/../../../arm-none-eabi/lib/thumb/v7e-m+dp/hard/libstdc++_nano.a(class_type_info.o)
                0x00000000080100ce                __cxxabiv1::__class_type_info::__do_upcast(__cxxabiv1::__class_type_info const*, void const*, __cxxabiv1::__class_type_info::__upcast_result&) const
 .text._ZNK10__cxxabiv117__class_type_info10__do_catchEPKSt9type_infoPPvj
                0x00000000080100e6       0x2a /usr/lib/gcc/arm-none-eabi/9.2.1/../../../arm-none-eabi/lib/thumb/v7e-m+dp/hard/libstdc++_nano.a(class_type_info.o)
                0x00000000080100e6                __cxxabiv1::__class_type_info::__do_catch(std::type_info const*, void**, unsigned int) const
 .text._ZdlPvj  0x0000000008010110        0x4 /usr/lib/gcc/arm-none-eabi/9.2.1/../../../arm-none-eabi/lib/thumb/v7e-m+dp/hard/libstdc++_nano.a(del_ops.o)
                0x0000000008010110                operator delete(void*, unsigned int)
 .text._ZN10__cxxabiv120__si_class_type_infoD2Ev
                0x0000000008010114       0x14 /usr/lib/gcc/arm-none-eabi/9.2.1/../../../arm-none-eabi/lib/thumb/v7e-m+dp/hard/libstdc++_nano.a(si_class_type_info.o)
                0x0000000008010114                __cxxabiv1::__si_class_type_info::~__si_class_type_info()
                0x0000000008010114                __cxxabiv1::__si_class_type_info::~__si_class_type_info()
 .text._ZN10__cxxabiv120__si_class_type_infoD0Ev
                0x0000000008010128       0x14 /usr/lib/gcc/arm-none-eabi/9.2.1/../../../arm-none-eabi/lib/thumb/v7e-m+dp/hard/libstdc++_nano.a(si_class_type_info.o)
                0x0000000008010128                __cxxabiv1::__si_class_type_info::~__si_class_type_info()
 .text._ZNK10__cxxabiv120__si_class_type_info20__do_find_public_srcEiPKvPKNS_17__class_type_infoES2_
                0x000000000801013c       0x38 /usr/lib/gcc/arm-none-eabi/9.2.1/../../../arm-none-eabi/lib/thumb/v7e-m+dp/hard/libstdc++_nano.a(si_class_type_info.o)
                0x000000000801013c                __cxxabiv1::__si_class_type_info::__do_find_public_src(int, void const*, __cxxabiv1::__class_type_info const*, void const*) const
 .text._ZNK10__cxxabiv120__si_class_type_info12__do_dyncastEiNS_17__class_type_info10__sub_kindEPKS1_PKvS4_S6_RNS1_16__dyncast_resultE
                0x0000000008010174       0x74 /usr/lib/gcc/arm-none-eabi/9.2.1/../../../arm-none-eabi/lib/thumb/v7e-m+dp/hard/libstdc++_nano.a(si_class_type_info.o)
                0x0000000008010174                __cxxabiv1::__si_class_type_info::__do_dyncast(int, __cxxabiv1::__class_type_info::__sub_kind, __cxxabiv1::__class_type_info const*, void const*, __cxxabiv1::__class_type_info const*, void const*, __cxxabiv1::__class_type_info::__dyncast_result&) const
 .text._ZNK10__cxxabiv120__si_class_type_info11__do_upcastEPKNS_17__class_type_infoEPKvRNS1_15__upcast_resultE
                0x00000000080101e8       0x2a /usr/lib/gcc/arm-none-eabi/9.2.1/../../../arm-none-eabi/lib/thumb/v7e-m+dp/hard/libstdc++_nano.a(si_class_type_info.o)
                0x00000000080101e8                __cxxabiv1::__si_class_type_info::__do_upcast(__cxxabiv1::__class_type_info const*, void const*, __cxxabiv1::__class_type_info::__upcast_result&) const
 .text._ZNSt9type_infoD2Ev
                0x0000000008010212        0x2 /usr/lib/gcc/arm-none-eabi/9.2.1/../../../arm-none-eabi/lib/thumb/v7e-m+dp/hard/libstdc++_nano.a(tinfo.o)
                0x0000000008010212                std::type_info::~type_info()
                0x0000000008010212                std::type_info::~type_info()
 .text._ZNKSt9type_info14__is_pointer_pEv
                0x0000000008010214        0x4 /usr/lib/gcc/arm-none-eabi/9.2.1/../../../arm-none-eabi/lib/thumb/v7e-m+dp/hard/libstdc++_nano.a(tinfo.o)
                0x0000000008010214                std::type_info::__is_function_p() const
                0x0000000008010214                std::type_info::__is_pointer_p() const
 .text._ZNKSt9type_infoeqERKS_
                0x0000000008010218       0x2c /usr/lib/gcc/arm-none-eabi/9.2.1/../../../arm-none-eabi/lib/thumb/v7e-m+dp/hard/libstdc++_nano.a(tinfo.o)
                0x0000000008010218                std::type_info::operator==(std::type_info const&) const
 .text._ZNSt11char_traitsIcE4copyEPcPKcj
                0x0000000008010244        0x8 /usr/lib/gcc/arm-none-eabi/9.2.1/../../../arm-none-eabi/lib/thumb/v7e-m+dp/hard/libstdc++_nano.a(string-inst.o)
                0x0000000008010244                std::char_traits<char>::copy(char*, char const*, unsigned int)
 .text._ZNSt7__cxx1112basic_stringIcSt11char_traitsIcESaIcEE9_M_createERjj
                0x000000000801024c       0x44 /usr/lib/gcc/arm-none-eabi/9.2.1/../../../arm-none-eabi/lib/thumb/v7e-m+dp/hard/libstdc++_nano.a(string-inst.o)
                0x000000000801024c                std::__cxx11::basic_string<char, std::char_traits<char>, std::allocator<char> >::_M_create(unsigned int&, unsigned int)
 .text._ZNSt7__cxx1112basic_stringIcSt11char_traitsIcESaIcEE10_M_disposeEv
                0x0000000008010290       0x10 /usr/lib/gcc/arm-none-eabi/9.2.1/../../../arm-none-eabi/lib/thumb/v7e-m+dp/hard/libstdc++_nano.a(string-inst.o)
                0x0000000008010290                std::__cxx11::basic_string<char, std::char_traits<char>, std::allocator<char> >::_M_dispose()
 .text._ZNKSt7__cxx1112basic_stringIcSt11char_traitsIcESaIcEE15_M_check_lengthEjjPKc
                0x00000000080102a0       0x18 /usr/lib/gcc/arm-none-eabi/9.2.1/../../../arm-none-eabi/lib/thumb/v7e-m+dp/hard/libstdc++_nano.a(string-inst.o)
                0x00000000080102a0                std::__cxx11::basic_string<char, std::char_traits<char>, std::allocator<char> >::_M_check_length(unsigned int, unsigned int, char const*) const
 .text._ZNKSt7__cxx1112basic_stringIcSt11char_traitsIcESaIcEE11_M_disjunctEPKc
                0x00000000080102b8       0x18 /usr/lib/gcc/arm-none-eabi/9.2.1/../../../arm-none-eabi/lib/thumb/v7e-m+dp/hard/libstdc++_nano.a(string-inst.o)
                0x00000000080102b8                std::__cxx11::basic_string<char, std::char_traits<char>, std::allocator<char> >::_M_disjunct(char const*) const
 .text._ZNSt7__cxx1112basic_stringIcSt11char_traitsIcESaIcEE7_S_copyEPcPKcj
                0x00000000080102d0       0x12 /usr/lib/gcc/arm-none-eabi/9.2.1/../../../arm-none-eabi/lib/thumb/v7e-m+dp/hard/libstdc++_nano.a(string-inst.o)
                0x00000000080102d0                std::__cxx11::basic_string<char, std::char_traits<char>, std::allocator<char> >::_S_copy(char*, char const*, unsigned int)
 .text._ZNSt7__cxx1112basic_stringIcSt11char_traitsIcESaIcEE7_S_moveEPcPKcj
                0x00000000080102e2       0x18 /usr/lib/gcc/arm-none-eabi/9.2.1/../../../arm-none-eabi/lib/thumb/v7e-m+dp/hard/libstdc++_nano.a(string-inst.o)
                0x00000000080102e2                std::__cxx11::basic_string<char, std::char_traits<char>, std::allocator<char> >::_S_move(char*, char const*, unsigned int)
 .text._ZNSt7__cxx1112basic_stringIcSt11char_traitsIcESaIcEE9_M_mutateEjjPKcj
                0x00000000080102fa       0x78 /usr/lib/gcc/arm-none-eabi/9.2.1/../../../arm-none-eabi/lib/thumb/v7e-m+dp/hard/libstdc++_nano.a(string-inst.o)
                0x00000000080102fa                std::__cxx11::basic_string<char, std::char_traits<char>, std::allocator<char> >::_M_mutate(unsigned int, unsigned int, char const*, unsigned int)
 *fill*         0x0000000008010372        0x2 
 .text._ZNSt7__cxx1112basic_stringIcSt11char_traitsIcESaIcEE10_M_replaceEjjPKcj
                0x0000000008010374       0xfc /usr/lib/gcc/arm-none-eabi/9.2.1/../../../arm-none-eabi/lib/thumb/v7e-m+dp/hard/libstdc++_nano.a(string-inst.o)
                0x0000000008010374                std::__cxx11::basic_string<char, std::char_traits<char>, std::allocator<char> >::_M_replace(unsigned int, unsigned int, char const*, unsigned int)
 .text._ZNSt7__cxx1112basic_stringIcSt11char_traitsIcESaIcEE6assignEPKc
                0x0000000008010470       0x1e /usr/lib/gcc/arm-none-eabi/9.2.1/../../../arm-none-eabi/lib/thumb/v7e-m+dp/hard/libstdc++_nano.a(string-inst.o)
                0x0000000008010470                std::__cxx11::basic_string<char, std::char_traits<char>, std::allocator<char> >::assign(char const*)
 .text._ZdlPv   0x000000000801048e        0x4 /usr/lib/gcc/arm-none-eabi/9.2.1/../../../arm-none-eabi/lib/thumb/v7e-m+dp/hard/libstdc++_nano.a(del_op.o)
                0x000000000801048e                operator delete(void*)
 .text._Znwj    0x0000000008010492       0x22 /usr/lib/gcc/arm-none-eabi/9.2.1/../../../arm-none-eabi/lib/thumb/v7e-m+dp/hard/libstdc++_nano.a(new_op.o)
                0x0000000008010492                operator new(unsigned int)
 .text.unlikely._ZSt17__throw_bad_allocv
                0x00000000080104b4        0x6 /usr/lib/gcc/arm-none-eabi/9.2.1/../../../arm-none-eabi/lib/thumb/v7e-m+dp/hard/libstdc++_nano.a(functexcept.o)
                0x00000000080104b4                std::__throw_bad_alloc()
 .text.unlikely._ZSt20__throw_length_errorPKc
                0x00000000080104ba        0x6 /usr/lib/gcc/arm-none-eabi/9.2.1/../../../arm-none-eabi/lib/thumb/v7e-m+dp/hard/libstdc++_nano.a(functexcept.o)
                0x00000000080104ba                std::__throw_length_error(char const*)
 .text._ZSt15get_new_handlerv
                0x00000000080104c0       0x10 /usr/lib/gcc/arm-none-eabi/9.2.1/../../../arm-none-eabi/lib/thumb/v7e-m+dp/hard/libstdc++_nano.a(new_handler.o)
                0x00000000080104c0                std::get_new_handler()
 *(.rodata)
 .rodata        0x00000000080104d0        0x6 build/Svf.o
 *fill*         0x00000000080104d6        0x2 
 .rodata        0x00000000080104d8       0x18 ../../libdaisy/build/libdaisy.a(spi.o)
 .rodata        0x00000000080104f0       0x36 ../../libdaisy/build/libdaisy.a(uart.o)
 *fill*         0x0000000008010526        0x2 
 .rodata        0x0000000008010528        0x8 ../../libdaisy/build/libdaisy.a(stm32h7xx_hal_uart_ex.o)
 .rodata        0x0000000008010530       0x10 ../../libdaisy/build/libdaisy.a(tim.o)
 .rodata        0x0000000008010540      0x148 /usr/lib/gcc/arm-none-eabi/9.2.1/../../../arm-none-eabi/lib/thumb/v7e-m+dp/hard/libm.a(lib_a-sf_exp2_data.o)
                0x0000000008010540                __exp2f_data
 .rodata        0x0000000008010688      0x120 /usr/lib/gcc/arm-none-eabi/9.2.1/../../../arm-none-eabi/lib/thumb/v7e-m+dp/hard/libm.a(lib_a-sf_log_data.o)
                0x0000000008010688                __logf_data
 .rodata        0x00000000080107a8      0x128 /usr/lib/gcc/arm-none-eabi/9.2.1/../../../arm-none-eabi/lib/thumb/v7e-m+dp/hard/libm.a(lib_a-sf_pow_log2_data.o)
                0x00000000080107a8                __powf_log2_data
 .rodata        0x00000000080108d0      0x140 /usr/lib/gcc/arm-none-eabi/9.2.1/../../../arm-none-eabi/lib/thumb/v7e-m+dp/hard/libm.a(lib_a-sincosf_data.o)
                0x00000000080108d0                __inv_pio4
                0x0000000008010930                __sincosf_table
 .rodata        0x0000000008010a10        0x4 /usr/lib/gcc/arm-none-eabi/9.2.1/../../../arm-none-eabi/lib/thumb/v7e-m+dp/hard/libc_nano.a(lib_a-on_exit_args.o)
                0x0000000008010a10                __on_exit_args
 *(.rodata*)
 .rodata.main.str1.4
                0x0000000008010a14       0x26 build/Svf.o
 *fill*         0x0000000008010a3a        0x2 
 .rodata._ZTSN5daisy21OneBitGraphicsDisplayE
                0x0000000008010a3c       0x20 build/Svf.o
                0x0000000008010a3c                typeinfo name for daisy::OneBitGraphicsDisplay
 .rodata._ZTIN5daisy21OneBitGraphicsDisplayE
                0x0000000008010a5c        0x8 build/Svf.o
                0x0000000008010a5c                typeinfo for daisy::OneBitGraphicsDisplay
 .rodata._ZTSN5daisy25OneBitGraphicsDisplayImplINS_11OledDisplayINS_13SSD130xDriverILj128ELj64ENS_24SSD130x4WireSpiTransportEEEEEEE
                0x0000000008010a64       0x77 build/Svf.o
                0x0000000008010a64                typeinfo name for daisy::OneBitGraphicsDisplayImpl<daisy::OledDisplay<daisy::SSD130xDriver<128u, 64u, daisy::SSD130x4WireSpiTransport> > >
 *fill*         0x0000000008010adb        0x1 
 .rodata._ZTIN5daisy25OneBitGraphicsDisplayImplINS_11OledDisplayINS_13SSD130xDriverILj128ELj64ENS_24SSD130x4WireSpiTransportEEEEEEE
                0x0000000008010adc        0xc build/Svf.o
                0x0000000008010adc                typeinfo for daisy::OneBitGraphicsDisplayImpl<daisy::OledDisplay<daisy::SSD130xDriver<128u, 64u, daisy::SSD130x4WireSpiTransport> > >
 .rodata._ZTSN5daisy11OledDisplayINS_13SSD130xDriverILj128ELj64ENS_24SSD130x4WireSpiTransportEEEEE
                0x0000000008010ae8       0x56 build/Svf.o
                0x0000000008010ae8                typeinfo name for daisy::OledDisplay<daisy::SSD130xDriver<128u, 64u, daisy::SSD130x4WireSpiTransport> >
 *fill*         0x0000000008010b3e        0x2 
 .rodata._ZTIN5daisy11OledDisplayINS_13SSD130xDriverILj128ELj64ENS_24SSD130x4WireSpiTransportEEEEE
                0x0000000008010b40        0xc build/Svf.o
                0x0000000008010b40                typeinfo for daisy::OledDisplay<daisy::SSD130xDriver<128u, 64u, daisy::SSD130x4WireSpiTransport> >
 .rodata._ZTVN5daisy11OledDisplayINS_13SSD130xDriverILj128ELj64ENS_24SSD130x4WireSpiTransportEEEEE
                0x0000000008010b4c       0x3c build/Svf.o
                0x0000000008010b4c                vtable for daisy::OledDisplay<daisy::SSD130xDriver<128u, 64u, daisy::SSD130x4WireSpiTransport> >
 .rodata._ZL8seedgpio
                0x0000000008010b88       0x3e ../../libdaisy/build/libdaisy.a(daisy_seed.o)
 *fill*         0x0000000008010bc6        0x2 
 .rodata._ZL16dsy_adc_rank_map
                0x0000000008010bc8       0x40 ../../libdaisy/build/libdaisy.a(adc.o)
 .rodata.HAL_QSPI_MspInit.str1.4
                0x0000000008010c08        0x7 ../../libdaisy/build/libdaisy.a(qspi.o)
 *fill*         0x0000000008010c0f        0x1 
 .rodata.CSWTCH.33
                0x0000000008010c10        0x3 ../../libdaisy/build/libdaisy.a(sai.o)
 *fill*         0x0000000008010c13        0x1 
 .rodata.CSWTCH.34
                0x0000000008010c14        0xc ../../libdaisy/build/libdaisy.a(sai.o)
 .rodata.CSWTCH.41
                0x0000000008010c20       0x14 ../../libdaisy/build/libdaisy.a(sai.o)
 .rodata.CSWTCH.29
                0x0000000008010c34       0x18 ../../libdaisy/build/libdaisy.a(spi.o)
 .rodata.CSWTCH.30
                0x0000000008010c4c        0xc ../../libdaisy/build/libdaisy.a(spi.o)
 .rodata._ZL13pins_none_spi
                0x0000000008010c58        0x3 ../../libdaisy/build/libdaisy.a(spi.o)
 *fill*         0x0000000008010c5b        0x1 
 .rodata._ZL16pins_periphs_spi
                0x0000000008010c5c       0x60 ../../libdaisy/build/libdaisy.a(spi.o)
 .rodata.CSWTCH.63
                0x0000000008010cbc       0x24 ../../libdaisy/build/libdaisy.a(uart.o)
 .rodata.CSWTCH.64
                0x0000000008010ce0        0xc ../../libdaisy/build/libdaisy.a(uart.o)
 .rodata.CSWTCH.65
                0x0000000008010cec       0x10 ../../libdaisy/build/libdaisy.a(uart.o)
 .rodata.CSWTCH.66
                0x0000000008010cfc        0xc ../../libdaisy/build/libdaisy.a(uart.o)
 .rodata.D1CorePrescTable
                0x0000000008010d08       0x10 ../../libdaisy/build/libdaisy.a(system_stm32h7xx.o)
                0x0000000008010d08                D1CorePrescTable
 .rodata.gpio_hal_pin_map
                0x0000000008010d18       0x20 ../../libdaisy/build/libdaisy.a(hal_map.o)
 .rodata.gpio_hal_port_map
                0x0000000008010d38       0x30 ../../libdaisy/build/libdaisy.a(hal_map.o)
 .rodata.Font7x10
                0x0000000008010d68      0x76c ../../libdaisy/build/libdaisy.a(oled_fonts.o)
 .rodata.flagBitshiftOffset.17866
                0x00000000080114d4        0x8 ../../libdaisy/build/libdaisy.a(stm32h7xx_hal_dma.o)
 .rodata.CSWTCH.418
                0x00000000080114dc       0x29 ../../libdaisy/build/libdaisy.a(stm32h7xx_hal_uart.o)
 *fill*         0x0000000008011505        0x3 
 .rodata.CSWTCH.419
                0x0000000008011508        0x6 ../../libdaisy/build/libdaisy.a(stm32h7xx_hal_uart.o)
 *fill*         0x000000000801150e        0x2 
 .rodata.CSWTCH.426
                0x0000000008011510        0x6 ../../libdaisy/build/libdaisy.a(stm32h7xx_hal_uart.o)
 *fill*         0x0000000008011516        0x2 
 .rodata.HAL_UARTEx_EnableFifoMode.str1.4
                0x0000000008011518        0x9 ../../libdaisy/build/libdaisy.a(stm32h7xx_hal_uart_ex.o)
 *fill*         0x0000000008011521        0x3 
 .rodata._ZTIN10__cxxabiv117__class_type_infoE
                0x0000000008011524        0xc /usr/lib/gcc/arm-none-eabi/9.2.1/../../../arm-none-eabi/lib/thumb/v7e-m+dp/hard/libstdc++_nano.a(class_type_info.o)
                0x0000000008011524                typeinfo for __cxxabiv1::__class_type_info
 .rodata._ZTSN10__cxxabiv117__class_type_infoE